=== RUN   TestExecutionLearningCompilesBehaviorAndRetiresPromptThroughGovernedLifecycle
--- PASS: TestExecutionLearningCompilesBehaviorAndRetiresPromptThroughGovernedLifecycle (0.00s)
=== RUN   TestExecutionLearningRejectsCorrelatedOrUnsafeEvidenceAndRetainsFailedCandidate
--- PASS: TestExecutionLearningRejectsCorrelatedOrUnsafeEvidenceAndRetainsFailedCandidate (0.00s)
=== RUN   TestCandidateCannotSkipEvaluationToStabilized
--- PASS: TestCandidateCannotSkipEvaluationToStabilized (0.00s)
=== RUN   TestPromotedCandidateCanDemote
--- PASS: TestPromotedCandidateCanDemote (0.00s)
=== RUN   TestCandidateRequiresRollbackPlan
--- PASS: TestCandidateRequiresRollbackPlan (0.00s)
=== RUN   TestCandidateFromConformanceRequiresFrozenCriticalFailure
--- PASS: TestCandidateFromConformanceRequiresFrozenCriticalFailure (0.00s)
=== RUN   TestDuplicateDerivedEvidenceCountsOnce
--- PASS: TestDuplicateDerivedEvidenceCountsOnce (0.00s)
=== RUN   TestDistinctRootsMeetThreshold
--- PASS: TestDistinctRootsMeetThreshold (0.00s)
=== RUN   TestPolicyViolationBlocksPromotionDespitePerformanceGain
--- PASS: TestPolicyViolationBlocksPromotionDespitePerformanceGain (0.00s)
=== RUN   TestPromotionRequiresIndependentEvidence
--- PASS: TestPromotionRequiresIndependentEvidence (0.00s)
=== RUN   TestPraxisPlanningSelfImprovementConsumesFrozenBlindReport
--- PASS: TestPraxisPlanningSelfImprovementConsumesFrozenBlindReport (0.00s)
=== RUN   TestPlanningProcessLearnsFromFrozenConformanceWithoutKnownAnswer
--- PASS: TestPlanningProcessLearnsFromFrozenConformanceWithoutKnownAnswer (0.00s)
=== RUN   TestFailedCandidateRemainsRegisteredEvidence
--- PASS: TestFailedCandidateRemainsRegisteredEvidence (0.00s)
=== RUN   TestGenerationPromotionAndRollbackSurviveRestart
--- PASS: TestGenerationPromotionAndRollbackSurviveRestart (0.00s)
PASS
ok  	github.com/convergent-systems-co/praxis/internal/learning	0.374s
