=== RUN   TestLifecyclePlanRequiresExactDigestBoundOrderedSteps
--- PASS: TestLifecyclePlanRequiresExactDigestBoundOrderedSteps (0.00s)
=== RUN   TestLifecyclePlanRejectsIrreversibleWorkWithoutSnapshot
--- PASS: TestLifecyclePlanRejectsIrreversibleWorkWithoutSnapshot (0.00s)
=== RUN   TestLifecycleJournalRejectsAmbiguousAndInvalidTransitions
--- PASS: TestLifecycleJournalRejectsAmbiguousAndInvalidTransitions (0.00s)
=== RUN   TestLifecycleSnapshotRequiresEveryDeclaredComponentAndBindsExternalArtifact
--- PASS: TestLifecycleSnapshotRequiresEveryDeclaredComponentAndBindsExternalArtifact (0.00s)
=== RUN   TestLifecycleCredentialReplacementRequiresContinuityAndAuthority
--- PASS: TestLifecycleCredentialReplacementRequiresContinuityAndAuthority (0.00s)
=== RUN   TestLifecycleReconciliationDoesNotTreatHistoricalAuthorityAsCurrent
--- PASS: TestLifecycleReconciliationDoesNotTreatHistoricalAuthorityAsCurrent (0.00s)
PASS
ok  	github.com/convergent-systems-co/praxis/pkg/contracts	0.319s
=== RUN   TestRunStepCommitsAndSurvivesJournalReload
--- PASS: TestRunStepCommitsAndSurvivesJournalReload (0.00s)
=== RUN   TestRunStepRefusesAmbiguousRetryAndRecordsReconciliation
--- PASS: TestRunStepRefusesAmbiguousRetryAndRecordsReconciliation (0.00s)
=== RUN   TestRunStepRequiresSnapshotAndRefusesDowngrade
--- PASS: TestRunStepRequiresSnapshotAndRefusesDowngrade (0.00s)
=== RUN   TestRunStepRequiresAndJournalsExactAuthorityProof
--- PASS: TestRunStepRequiresAndJournalsExactAuthorityProof (0.00s)
=== RUN   TestRunStepRetriesRecoverableIdempotentFailure
--- PASS: TestRunStepRetriesRecoverableIdempotentFailure (0.00s)
=== RUN   TestRunStepFencesUnsafeRollbackAndUnknownOutcome
=== RUN   TestRunStepFencesUnsafeRollbackAndUnknownOutcome/rollback
=== RUN   TestRunStepFencesUnsafeRollbackAndUnknownOutcome/unknown
--- PASS: TestRunStepFencesUnsafeRollbackAndUnknownOutcome (0.00s)
    --- PASS: TestRunStepFencesUnsafeRollbackAndUnknownOutcome/rollback (0.00s)
    --- PASS: TestRunStepFencesUnsafeRollbackAndUnknownOutcome/unknown (0.00s)
=== RUN   TestPreviewIsReadOnlyAndReadyForCompatibleAutomaticPlan
--- PASS: TestPreviewIsReadOnlyAndReadyForCompatibleAutomaticPlan (0.00s)
=== RUN   TestPreviewReportsAuthorityAndSnapshotSeparately
--- PASS: TestPreviewReportsAuthorityAndSnapshotSeparately (0.00s)
=== RUN   TestPreviewRejectsStaleCurrentManifestAndInvalidPlanDigest
--- PASS: TestPreviewRejectsStaleCurrentManifestAndInvalidPlanDigest (0.00s)
=== RUN   TestPreviewDoesNotTreatHistoricalEvidenceAsAuthority
--- PASS: TestPreviewDoesNotTreatHistoricalEvidenceAsAuthority (0.00s)
=== RUN   TestSnapshotExportIsCanonicalAndImportIsFenced
--- PASS: TestSnapshotExportIsCanonicalAndImportIsFenced (0.00s)
=== RUN   TestSnapshotRejectsMissingOrForgedExternalArtifact
--- PASS: TestSnapshotRejectsMissingOrForgedExternalArtifact (0.00s)
=== RUN   TestSnapshotRejectsEmbeddedMismatchAndTampering
--- PASS: TestSnapshotRejectsEmbeddedMismatchAndTampering (0.00s)
=== RUN   TestStagedArtifactActivationAndRestartRecovery
--- PASS: TestStagedArtifactActivationAndRestartRecovery (0.02s)
=== RUN   TestStagedArtifactRejectsSubstitutionAndIncompleteActivation
--- PASS: TestStagedArtifactRejectsSubstitutionAndIncompleteActivation (0.00s)
PASS
ok  	github.com/convergent-systems-co/praxis/internal/lifecycle	0.857s
=== RUN   TestQualificationEvidenceBindingRequiresVerifiedExactAttestation
--- PASS: TestQualificationEvidenceBindingRequiresVerifiedExactAttestation (0.00s)
=== RUN   TestQualificationEvidenceBindingRejectsSubjectAndDigestSubstitution
--- PASS: TestQualificationEvidenceBindingRejectsSubjectAndDigestSubstitution (0.00s)
=== RUN   TestExecutionAttestationMustPassAndRemainImmutable
--- PASS: TestExecutionAttestationMustPassAndRemainImmutable (0.00s)
PASS
ok  	github.com/convergent-systems-co/praxis/internal/conformance	0.637s
