=== RUN   TestAdaptiveMeasurementProvenanceIsDomainNeutralAndSurvivesRestart
=== RUN   TestAdaptiveMeasurementProvenanceIsDomainNeutralAndSurvivesRestart/software-delivery
=== RUN   TestAdaptiveMeasurementProvenanceIsDomainNeutralAndSurvivesRestart/research
--- PASS: TestAdaptiveMeasurementProvenanceIsDomainNeutralAndSurvivesRestart (0.05s)
    --- PASS: TestAdaptiveMeasurementProvenanceIsDomainNeutralAndSurvivesRestart/software-delivery (0.03s)
    --- PASS: TestAdaptiveMeasurementProvenanceIsDomainNeutralAndSurvivesRestart/research (0.02s)
=== RUN   TestGenericWritersRejectAuthorityGenerationNamespace
--- PASS: TestGenericWritersRejectAuthorityGenerationNamespace (0.01s)
=== RUN   TestGenericWritersUnaffectedForOtherNamespaces
--- PASS: TestGenericWritersUnaffectedForOtherNamespaces (0.02s)
=== RUN   TestPutAuthorityGenerationPersistsExactValidatedTypedValue
--- PASS: TestPutAuthorityGenerationPersistsExactValidatedTypedValue (0.02s)
=== RUN   TestPutAuthorityGenerationRejectsDelegatedRepairAuthority
--- PASS: TestPutAuthorityGenerationRejectsDelegatedRepairAuthority (0.02s)
=== RUN   TestGetSecureBlobInTxMatchesGetSecureBlobAndRequiresActiveTransaction
--- PASS: TestGetSecureBlobInTxMatchesGetSecureBlobAndRequiresActiveTransaction (0.02s)
=== RUN   TestGetSecureBlobInTxEnforcesExpiryLikeGetSecureBlob
--- PASS: TestGetSecureBlobInTxEnforcesExpiryLikeGetSecureBlob (0.02s)
=== RUN   TestIsSecureBlobRevokedInTx
--- PASS: TestIsSecureBlobRevokedInTx (0.02s)
=== RUN   TestCommitTransitionAuthorizedLeaseConsumesOneShotAuthorityAtomically
--- PASS: TestCommitTransitionAuthorizedLeaseConsumesOneShotAuthorityAtomically (0.02s)
=== RUN   TestCommitTransitionAuthorizedLeaseDeniedRequestRollsBackEverything
--- PASS: TestCommitTransitionAuthorizedLeaseDeniedRequestRollsBackEverything (0.02s)
=== RUN   TestCommitTransitionAuthorizedLeaseRejectsRevokedLease
--- PASS: TestCommitTransitionAuthorizedLeaseRejectsRevokedLease (0.02s)
=== RUN   TestDomainNeutralResourceHandoffPreservesTwoDomainRunsAcrossSQLiteRestart
=== RUN   TestDomainNeutralResourceHandoffPreservesTwoDomainRunsAcrossSQLiteRestart/software-delivery-package
=== RUN   TestDomainNeutralResourceHandoffPreservesTwoDomainRunsAcrossSQLiteRestart/research-package
--- PASS: TestDomainNeutralResourceHandoffPreservesTwoDomainRunsAcrossSQLiteRestart (0.04s)
    --- PASS: TestDomainNeutralResourceHandoffPreservesTwoDomainRunsAcrossSQLiteRestart/software-delivery-package (0.02s)
    --- PASS: TestDomainNeutralResourceHandoffPreservesTwoDomainRunsAcrossSQLiteRestart/research-package (0.02s)
=== RUN   TestResourceHandoffDenialDoesNotMutateRun
--- PASS: TestResourceHandoffDenialDoesNotMutateRun (0.00s)
=== RUN   TestCommitObservationResolutionIsAtomic
--- PASS: TestCommitObservationResolutionIsAtomic (0.02s)
=== RUN   TestCommitObservationResolutionRollsBackAtEveryBoundary
=== RUN   TestCommitObservationResolutionRollsBackAtEveryBoundary/before-command
=== RUN   TestCommitObservationResolutionRollsBackAtEveryBoundary/after-command
=== RUN   TestCommitObservationResolutionRollsBackAtEveryBoundary/after-event
=== RUN   TestCommitObservationResolutionRollsBackAtEveryBoundary/before-effect
=== RUN   TestCommitObservationResolutionRollsBackAtEveryBoundary/after-effect
=== RUN   TestCommitObservationResolutionRollsBackAtEveryBoundary/before-commit
--- PASS: TestCommitObservationResolutionRollsBackAtEveryBoundary (0.09s)
    --- PASS: TestCommitObservationResolutionRollsBackAtEveryBoundary/before-command (0.02s)
    --- PASS: TestCommitObservationResolutionRollsBackAtEveryBoundary/after-command (0.02s)
    --- PASS: TestCommitObservationResolutionRollsBackAtEveryBoundary/after-event (0.02s)
    --- PASS: TestCommitObservationResolutionRollsBackAtEveryBoundary/before-effect (0.02s)
    --- PASS: TestCommitObservationResolutionRollsBackAtEveryBoundary/after-effect (0.02s)
    --- PASS: TestCommitObservationResolutionRollsBackAtEveryBoundary/before-commit (0.02s)
=== RUN   TestEffectLifecyclePersistsDispatchAndUnknownOutcomeAcrossRestart
--- PASS: TestEffectLifecyclePersistsDispatchAndUnknownOutcomeAcrossRestart (0.02s)
=== RUN   TestAppendInTxNeverOpensOrCommitsItsOwnTransaction
--- PASS: TestAppendInTxNeverOpensOrCommitsItsOwnTransaction (0.02s)
=== RUN   TestAppendInTxPreservesCommandProvenance
--- PASS: TestAppendInTxPreservesCommandProvenance (0.02s)
=== RUN   TestAppendInTxEnforcesExpectedVersionSameAsAppend
--- PASS: TestAppendInTxEnforcesExpectedVersionSameAsAppend (0.02s)
=== RUN   TestAppendInTxRequiresAnActiveTransaction
--- PASS: TestAppendInTxRequiresAnActiveTransaction (0.02s)
=== RUN   TestLoadAggregateInTxMatchesLoadAggregateAndAvoidsPoolDeadlock
--- PASS: TestLoadAggregateInTxMatchesLoadAggregateAndAvoidsPoolDeadlock (0.02s)
=== RUN   TestAppendInTxRejectsIllegalEventsIdenticallyToAppend
--- PASS: TestAppendInTxRejectsIllegalEventsIdenticallyToAppend (0.02s)
=== RUN   TestSQLiteEventStoreAppendLoadAndConflict
--- PASS: TestSQLiteEventStoreAppendLoadAndConflict (0.02s)
=== RUN   TestSQLiteEventStoreRejectsCommandIDMetadataHijack
--- PASS: TestSQLiteEventStoreRejectsCommandIDMetadataHijack (0.02s)
=== RUN   TestVersionedPackageEvaluatorsDiagnoseLongitudinalFailuresAcrossDomainsAndRestart
=== RUN   TestVersionedPackageEvaluatorsDiagnoseLongitudinalFailuresAcrossDomainsAndRestart/software-delivery
=== RUN   TestVersionedPackageEvaluatorsDiagnoseLongitudinalFailuresAcrossDomainsAndRestart/research
--- PASS: TestVersionedPackageEvaluatorsDiagnoseLongitudinalFailuresAcrossDomainsAndRestart (0.05s)
    --- PASS: TestVersionedPackageEvaluatorsDiagnoseLongitudinalFailuresAcrossDomainsAndRestart/software-delivery (0.03s)
    --- PASS: TestVersionedPackageEvaluatorsDiagnoseLongitudinalFailuresAcrossDomainsAndRestart/research (0.03s)
=== RUN   TestResolvedPluginLaunchSpecBindsExactVerifiedPackageBytes
--- PASS: TestResolvedPluginLaunchSpecBindsExactVerifiedPackageBytes (0.00s)
=== RUN   TestActivatedPackageBindsSupervisorLaunchAndFreshRestartHandshake
--- PASS: TestActivatedPackageBindsSupervisorLaunchAndFreshRestartHandshake (0.03s)
=== RUN   TestPackageActivationPublishesAndRemovesAliasesAndContents
--- PASS: TestPackageActivationPublishesAndRemovesAliasesAndContents (0.02s)
=== RUN   TestOrdinaryInvocationResolutionAcceptsOldestDurableWireShape
--- PASS: TestOrdinaryInvocationResolutionAcceptsOldestDurableWireShape (0.02s)
=== RUN   TestVerifiedGraphArtifactSurvivesActivationAndRestart
--- PASS: TestVerifiedGraphArtifactSurvivesActivationAndRestart (0.02s)
=== RUN   TestVerifiedDependencyClosureDeploysAtomicallyAndSurvivesRestart
--- PASS: TestVerifiedDependencyClosureDeploysAtomicallyAndSurvivesRestart (0.02s)
=== RUN   TestCatalogBootstrapImportsGeneralizedBehaviorWithoutPrivateStateAcrossRestart
--- PASS: TestCatalogBootstrapImportsGeneralizedBehaviorWithoutPrivateStateAcrossRestart (0.02s)
=== RUN   TestDependencyDeploymentFailureRollsBackClosureAndAuthority
--- PASS: TestDependencyDeploymentFailureRollsBackClosureAndAuthority (0.02s)
=== RUN   TestSinglePackageActivationCannotBypassDependencyDeployment
--- PASS: TestSinglePackageActivationCannotBypassDependencyDeployment (0.02s)
=== RUN   TestGovernedPackageRollbackRestoresExactClosureAcrossRestart
--- PASS: TestGovernedPackageRollbackRestoresExactClosureAcrossRestart (0.03s)
=== RUN   TestPackageGenerationChangeCannotBreakActiveDependentLock
--- PASS: TestPackageGenerationChangeCannotBreakActiveDependentLock (0.03s)
=== RUN   TestRollbackRejectsCorruptedRetainedEvidenceWithoutConsumingAuthority
--- PASS: TestRollbackRejectsCorruptedRetainedEvidenceWithoutConsumingAuthority (0.03s)
=== RUN   TestDynamicInvocationRejectsValidButDigestMismatchedPersistedContract
--- PASS: TestDynamicInvocationRejectsValidButDigestMismatchedPersistedContract (0.02s)
=== RUN   TestAgentOnlyAndMixedPackagesAreFirstClassContents
--- PASS: TestAgentOnlyAndMixedPackagesAreFirstClassContents (0.02s)
=== RUN   TestPackagePluginDefinitionBindsExecutableAcrossRestartAndRejectsOrphans
--- PASS: TestPackagePluginDefinitionBindsExecutableAcrossRestartAndRejectsOrphans (0.02s)
=== RUN   TestInstalledDefinitionsInstantiateIndependentDomainAgentsAcrossRestart
--- PASS: TestInstalledDefinitionsInstantiateIndependentDomainAgentsAcrossRestart (0.02s)
=== RUN   TestAgentInstantiationCannotMutateApprovedIdentity
--- PASS: TestAgentInstantiationCannotMutateApprovedIdentity (0.02s)
=== RUN   TestPackageCannotShadowCoreCommand
--- PASS: TestPackageCannotShadowCoreCommand (0.02s)
=== RUN   TestPackageAliasCollisionFailsWithoutChangingExistingOwner
--- PASS: TestPackageAliasCollisionFailsWithoutChangingExistingOwner (0.02s)
=== RUN   TestPackageUpdateAtomicallyReplacesAliasAndContentSurface
--- PASS: TestPackageUpdateAtomicallyReplacesAliasAndContentSurface (0.02s)
=== RUN   TestPackageActivationRequiresExactPersistedAuthorityAndIsAtomic
--- PASS: TestPackageActivationRequiresExactPersistedAuthorityAndIsAtomic (0.02s)
=== RUN   TestPackageVerificationAuthorityAndRegistrationsSurviveRestart
--- PASS: TestPackageVerificationAuthorityAndRegistrationsSurviveRestart (0.02s)
=== RUN   TestGovernedDisableAndRemovePreserveHistoryAcrossRestart
--- PASS: TestGovernedDisableAndRemovePreserveHistoryAcrossRestart (0.03s)
=== RUN   TestPackageTransitionCannotChangeOperationAfterApproval
--- PASS: TestPackageTransitionCannotChangeOperationAfterApproval (0.02s)
=== RUN   TestDistributedPackageTrustBindsCatalogResolutionReviewAndLocalAuthorityAcrossRestart
--- PASS: TestDistributedPackageTrustBindsCatalogResolutionReviewAndLocalAuthorityAcrossRestart (0.02s)
=== RUN   TestConsumePluginLeaseBindsInstanceAndConsumesUse
--- PASS: TestConsumePluginLeaseBindsInstanceAndConsumesUse (0.02s)
=== RUN   TestConsumePluginLeaseRejectsDifferentRuntimeInstance
--- PASS: TestConsumePluginLeaseRejectsDifferentRuntimeInstance (0.02s)
=== RUN   TestPluginSupervisorSnapshotSurvivesSQLiteRestartWithoutRuntimeReadiness
--- PASS: TestPluginSupervisorSnapshotSurvivesSQLiteRestartWithoutRuntimeReadiness (0.02s)
=== RUN   TestBehavioralProfileDerivationAndDivergenceSurviveRestartAcrossDomains
=== RUN   TestBehavioralProfileDerivationAndDivergenceSurviveRestartAcrossDomains/software-delivery
=== RUN   TestBehavioralProfileDerivationAndDivergenceSurviveRestartAcrossDomains/research
--- PASS: TestBehavioralProfileDerivationAndDivergenceSurviveRestartAcrossDomains (0.04s)
    --- PASS: TestBehavioralProfileDerivationAndDivergenceSurviveRestartAcrossDomains/software-delivery (0.02s)
    --- PASS: TestBehavioralProfileDerivationAndDivergenceSurviveRestartAcrossDomains/research (0.02s)
=== RUN   TestSQLiteCheckpointStorePersistsMonotonically
--- PASS: TestSQLiteCheckpointStorePersistsMonotonically (0.02s)
=== RUN   TestPublisherEnrollmentPersistsOnlyWithExactApproval
--- PASS: TestPublisherEnrollmentPersistsOnlyWithExactApproval (0.02s)
=== RUN   TestCanonicalPublisherEnrollmentCommitsAtomicallyAndReplaysExactly
--- PASS: TestCanonicalPublisherEnrollmentCommitsAtomicallyAndReplaysExactly (0.02s)
=== RUN   TestAmbiguousEffectFailsClosedWithoutReconciliation
--- PASS: TestAmbiguousEffectFailsClosedWithoutReconciliation (0.00s)
=== RUN   TestAmbiguousEffectReconcilesWhenSupported
--- PASS: TestAmbiguousEffectReconcilesWhenSupported (0.00s)
=== RUN   TestAmbiguousEffectCanRedispatchOnlyWithVerifiedIdempotency
--- PASS: TestAmbiguousEffectCanRedispatchOnlyWithVerifiedIdempotency (0.00s)
=== RUN   TestQualificationRunControlSurvivesSQLiteRestart
--- PASS: TestQualificationRunControlSurvivesSQLiteRestart (0.02s)
=== RUN   TestSQLiteRunControlLeaseSourceLoadsAndAuthorizesPersistedLease
--- PASS: TestSQLiteRunControlLeaseSourceLoadsAndAuthorizesPersistedLease (0.02s)
=== RUN   TestSQLiteRunControlLeaseSourcePreservesFiniteUseSemantics
--- PASS: TestSQLiteRunControlLeaseSourcePreservesFiniteUseSemantics (0.02s)
=== RUN   TestInvocationRuntimeBindingIsRequiredAndGenerationBound
--- PASS: TestInvocationRuntimeBindingIsRequiredAndGenerationBound (0.02s)
=== RUN   TestInvocationRuntimeBindingRejectsSubstitutionAfterRestart
--- PASS: TestInvocationRuntimeBindingRejectsSubstitutionAfterRestart (0.02s)
=== RUN   TestSchedulerResourceLeasesAreAtomicAndRecoverAfterRestart
--- PASS: TestSchedulerResourceLeasesAreAtomicAndRecoverAfterRestart (0.02s)
=== RUN   TestSchedulerResourceLeaseAdmissionIsIdempotentForRetriedAttempt
--- PASS: TestSchedulerResourceLeaseAdmissionIsIdempotentForRetriedAttempt (0.02s)
=== RUN   TestSchedulerResourceLeaseRetryRejectsMismatchedRequirements
--- PASS: TestSchedulerResourceLeaseRetryRejectsMismatchedRequirements (0.03s)
=== RUN   TestSchedulerResourceLeaseCancellationReleasesOnlyExactAttempt
--- PASS: TestSchedulerResourceLeaseCancellationReleasesOnlyExactAttempt (0.03s)
=== RUN   TestSecureBlobRoundTripStoresNoPlaintextColumn
--- PASS: TestSecureBlobRoundTripStoresNoPlaintextColumn (0.02s)
=== RUN   TestSecureBlobRejectsEnvelopeBoundToDifferentIdentity
--- PASS: TestSecureBlobRejectsEnvelopeBoundToDifferentIdentity (0.02s)
=== RUN   TestSecureBlobIsImmutableByVersion
--- PASS: TestSecureBlobIsImmutableByVersion (0.03s)
=== RUN   TestSecureBlobExpiryFailsClosed
--- PASS: TestSecureBlobExpiryFailsClosed (0.02s)
=== RUN   TestHistoricalSecureBlobReadPreservesOperationalExpiryGate
--- PASS: TestHistoricalSecureBlobReadPreservesOperationalExpiryGate (0.02s)
=== RUN   TestOpenSQLiteReadOnlyCannotMutateAuthoritativeState
--- PASS: TestOpenSQLiteReadOnlyCannotMutateAuthoritativeState (0.02s)
=== RUN   TestOpenSQLiteAppliesMigrationsAndPragmas
--- PASS: TestOpenSQLiteAppliesMigrationsAndPragmas (0.02s)
=== RUN   TestOpenSQLiteDoesNotReapplyLedgeredMigrations
--- PASS: TestOpenSQLiteDoesNotReapplyLedgeredMigrations (0.02s)
=== RUN   TestOpenSQLiteRefusesPendingMigrationsForExistingState
--- PASS: TestOpenSQLiteRefusesPendingMigrationsForExistingState (0.02s)
=== RUN   TestCommitTransitionIsAtomic
--- PASS: TestCommitTransitionIsAtomic (0.02s)
=== RUN   TestGoalsPublicationAbandonmentSerializesAgainstDispatch
--- PASS: TestGoalsPublicationAbandonmentSerializesAgainstDispatch (0.02s)
=== RUN   TestCommitTransitionRollsBackAuthorityOnVersionConflict
--- PASS: TestCommitTransitionRollsBackAuthorityOnVersionConflict (0.04s)
=== RUN   TestCrossAgentTransferGeneralizesSanitizesPublishesAndAdoptsAcrossDomains
=== RUN   TestCrossAgentTransferGeneralizesSanitizesPublishesAndAdoptsAcrossDomains/software-delivery
=== RUN   TestCrossAgentTransferGeneralizesSanitizesPublishesAndAdoptsAcrossDomains/research
--- PASS: TestCrossAgentTransferGeneralizesSanitizesPublishesAndAdoptsAcrossDomains (0.04s)
    --- PASS: TestCrossAgentTransferGeneralizesSanitizesPublishesAndAdoptsAcrossDomains/software-delivery (0.02s)
    --- PASS: TestCrossAgentTransferGeneralizesSanitizesPublishesAndAdoptsAcrossDomains/research (0.02s)
=== RUN   TestCrossAgentTransferRetainsRejectedPrivacyCandidate
--- PASS: TestCrossAgentTransferRetainsRejectedPrivacyCandidate (0.02s)
PASS
ok  	github.com/convergent-systems-co/praxis/internal/state	2.396s
