=== RUN   TestGatewayDispatchRequiresExactLeaseBoundInstance
--- PASS: TestGatewayDispatchRequiresExactLeaseBoundInstance (0.00s)
=== RUN   TestGatewayRejectsRestartedSessionUsingStaleLease
--- PASS: TestGatewayRejectsRestartedSessionUsingStaleLease (0.00s)
=== RUN   TestGatewayRejectsUnauthorizedOperationBeforeTransport
--- PASS: TestGatewayRejectsUnauthorizedOperationBeforeTransport (0.00s)
=== RUN   TestGatewayFailsIfBoundProviderNotEligible
--- PASS: TestGatewayFailsIfBoundProviderNotEligible (0.00s)
=== RUN   TestGatewayRequiresAuthoritativeLeaseConsumer
--- PASS: TestGatewayRequiresAuthoritativeLeaseConsumer (0.00s)
=== RUN   TestPluginV1HandshakeRoundTripAndAuthorityDerivedProtocol
--- PASS: TestPluginV1HandshakeRoundTripAndAuthorityDerivedProtocol (0.00s)
=== RUN   TestPluginV1ReservesDisplacedPreReleaseWireIdentities
--- PASS: TestPluginV1ReservesDisplacedPreReleaseWireIdentities (0.00s)
=== RUN   TestPreReleaseHandshakeResponseCannotBecomeCurrentAuthority
--- PASS: TestPreReleaseHandshakeResponseCannotBecomeCurrentAuthority (0.00s)
=== RUN   TestHandshakeRejectsPluginSelectedIdentityOrProtocol
--- PASS: TestHandshakeRejectsPluginSelectedIdentityOrProtocol (0.00s)
=== RUN   TestHandshakeUnknownFutureFieldDoesNotMintSemantics
--- PASS: TestHandshakeUnknownFutureFieldDoesNotMintSemantics (0.00s)
=== RUN   TestPluginProcessHelper
    grpc_process_integration_test.go:24: helper process
--- SKIP: TestPluginProcessHelper (0.00s)
=== RUN   TestOutOfProcessPluginHandshakeStreamingCancellationAndRestart
--- PASS: TestOutOfProcessPluginHandshakeStreamingCancellationAndRestart (0.13s)
=== RUN   TestGRPCTransportBindsValidatedHandshakeToExactInstance
--- PASS: TestGRPCTransportBindsValidatedHandshakeToExactInstance (0.00s)
=== RUN   TestGRPCTransportRejectsHandshakeIdentityMismatchBeforePublication
--- PASS: TestGRPCTransportRejectsHandshakeIdentityMismatchBeforePublication (0.00s)
=== RUN   TestHandshakeAcceptsMatchingRuntime
--- PASS: TestHandshakeAcceptsMatchingRuntime (0.00s)
=== RUN   TestHandshakeRejectsArtifactIdentityMismatch
--- PASS: TestHandshakeRejectsArtifactIdentityMismatch (0.00s)
=== RUN   TestHandshakeRejectsUndeclaredCapability
--- PASS: TestHandshakeRejectsUndeclaredCapability (0.00s)
=== RUN   TestHandshakePermitsUnavailableManifestCapabilityWithoutMakingItRoutable
--- PASS: TestHandshakePermitsUnavailableManifestCapabilityWithoutMakingItRoutable (0.00s)
=== RUN   TestHandshakeRejectsDuplicateOrEmptyAdvertisement
=== RUN   TestHandshakeRejectsDuplicateOrEmptyAdvertisement/duplicate
=== RUN   TestHandshakeRejectsDuplicateOrEmptyAdvertisement/empty
--- PASS: TestHandshakeRejectsDuplicateOrEmptyAdvertisement (0.00s)
    --- PASS: TestHandshakeRejectsDuplicateOrEmptyAdvertisement/duplicate (0.00s)
    --- PASS: TestHandshakeRejectsDuplicateOrEmptyAdvertisement/empty (0.00s)
=== RUN   TestHandshakeRejectsProtocolMismatch
--- PASS: TestHandshakeRejectsProtocolMismatch (0.00s)
=== RUN   TestIsolationUnknownFailsClosed
--- PASS: TestIsolationUnknownFailsClosed (0.00s)
=== RUN   TestIsolationRequiredPropertiesMustAllBeEnforced
--- PASS: TestIsolationRequiredPropertiesMustAllBeEnforced (0.00s)
=== RUN   TestRestartedPluginCannotReuseInstanceBoundLease
--- PASS: TestRestartedPluginCannotReuseInstanceBoundLease (0.00s)
=== RUN   TestQuarantinedPluginCannotRestart
--- PASS: TestQuarantinedPluginCannotRestart (0.00s)
=== RUN   TestRepeatedFailuresTriggerQuarantine
--- PASS: TestRepeatedFailuresTriggerQuarantine (0.00s)
=== RUN   TestReadyPluginCanDrain
--- PASS: TestReadyPluginCanDrain (0.00s)
=== RUN   TestInstanceIdentityMustMatchManifest
--- PASS: TestInstanceIdentityMustMatchManifest (0.00s)
=== RUN   TestManifestRejectsDuplicateCapabilities
--- PASS: TestManifestRejectsDuplicateCapabilities (0.00s)
=== RUN   TestManifestVersionPolicyRejectsPreReleaseAndUnknownContracts
--- PASS: TestManifestVersionPolicyRejectsPreReleaseAndUnknownContracts (0.00s)
=== RUN   TestLocalProcessControlBindsIdentityAndReportsExit
--- PASS: TestLocalProcessControlBindsIdentityAndReportsExit (0.23s)
=== RUN   TestLocalProcessControlTerminationRequiresExactRuntimeSession
--- PASS: TestLocalProcessControlTerminationRequiresExactRuntimeSession (0.00s)
=== RUN   TestLaunchSpecRequiresExactVerifiedExecutableBytesAndIsolation
--- PASS: TestLaunchSpecRequiresExactVerifiedExecutableBytesAndIsolation (0.00s)
=== RUN   TestLocalProcessControlMaterializesOnlyVerifiedBytesAndTerminates
--- PASS: TestLocalProcessControlMaterializesOnlyVerifiedBytesAndTerminates (0.00s)
=== RUN   TestNegotiateProtocolUsesHighestMutualVersion
--- PASS: TestNegotiateProtocolUsesHighestMutualVersion (0.00s)
=== RUN   TestNegotiateProtocolFailsWhenRangesDoNotOverlap
--- PASS: TestNegotiateProtocolFailsWhenRangesDoNotOverlap (0.00s)
=== RUN   TestNegotiateProtocolRejectsMalformedRange
--- PASS: TestNegotiateProtocolRejectsMalformedRange (0.00s)
=== RUN   TestRegistrySelectsOnlyReadyIsolatedProviders
--- PASS: TestRegistrySelectsOnlyReadyIsolatedProviders (0.00s)
=== RUN   TestRegistryResolutionDoesNotTreatAdvertisementAsAuthority
--- PASS: TestRegistryResolutionDoesNotTreatAdvertisementAsAuthority (0.00s)
=== RUN   TestRegistryFailsClosedWhenRequiredIsolationIsUnknown
--- PASS: TestRegistryFailsClosedWhenRequiredIsolationIsUnknown (0.00s)
=== RUN   TestRegistryOrderingIsDeterministic
--- PASS: TestRegistryOrderingIsDeterministic (0.00s)
=== RUN   TestRegistryRejectsCallerConstructedAvailability
--- PASS: TestRegistryRejectsCallerConstructedAvailability (0.00s)
=== RUN   TestPersistentSupervisorRestoresLaunchButRequiresFreshHandshake
--- PASS: TestPersistentSupervisorRestoresLaunchButRequiresFreshHandshake (0.00s)
=== RUN   TestPersistentSupervisorFencesRestoredSchedulerLeases
--- PASS: TestPersistentSupervisorFencesRestoredSchedulerLeases (0.00s)
=== RUN   TestSupervisorRequiresIsolationBeforeStart
--- PASS: TestSupervisorRequiresIsolationBeforeStart (0.00s)
=== RUN   TestSupervisorQuarantinesAfterFailureThreshold
--- PASS: TestSupervisorQuarantinesAfterFailureThreshold (0.00s)
=== RUN   TestSupervisorStartFailurePreservesLaunchErrorWithoutTermination
--- PASS: TestSupervisorStartFailurePreservesLaunchErrorWithoutTermination (0.00s)
=== RUN   TestSupervisorClearsExitObserverWhenStartFails
--- PASS: TestSupervisorClearsExitObserverWhenStartFails (0.00s)
=== RUN   TestSupervisorRevokeRemovesProviderAndTerminates
--- PASS: TestSupervisorRevokeRemovesProviderAndTerminates (0.00s)
=== RUN   TestSupervisorRevokeStoppedProviderDoesNotTerminateAbsentProcess
--- PASS: TestSupervisorRevokeStoppedProviderDoesNotTerminateAbsentProcess (0.00s)
=== RUN   TestSupervisorRevokeTerminationFailureStaysRevoked
--- PASS: TestSupervisorRevokeTerminationFailureStaysRevoked (0.00s)
=== RUN   TestSupervisorRejectsCallerConstructedReadyState
--- PASS: TestSupervisorRejectsCallerConstructedReadyState (0.00s)
=== RUN   TestSupervisorRestartBackoff
--- PASS: TestSupervisorRestartBackoff (0.00s)
=== RUN   TestSupervisorResourceAdmissionGatesProcessAndReleasesOnStop
--- PASS: TestSupervisorResourceAdmissionGatesProcessAndReleasesOnStop (0.00s)
=== RUN   TestSupervisorRejectsPartialOrForeignResourceAdmission
=== RUN   TestSupervisorRejectsPartialOrForeignResourceAdmission/partial
=== RUN   TestSupervisorRejectsPartialOrForeignResourceAdmission/foreign
--- PASS: TestSupervisorRejectsPartialOrForeignResourceAdmission (0.00s)
    --- PASS: TestSupervisorRejectsPartialOrForeignResourceAdmission/partial (0.00s)
    --- PASS: TestSupervisorRejectsPartialOrForeignResourceAdmission/foreign (0.00s)
=== RUN   TestSupervisorFailurePersistsReleasedResourceLeases
--- PASS: TestSupervisorFailurePersistsReleasedResourceLeases (0.00s)
=== RUN   TestSupervisorUnexpectedExitPersistsReleasedResourceLeases
--- PASS: TestSupervisorUnexpectedExitPersistsReleasedResourceLeases (0.00s)
=== RUN   TestSupervisorResourceDenialDoesNotStartProcess
--- PASS: TestSupervisorResourceDenialDoesNotStartProcess (0.00s)
=== RUN   TestSupervisorReplacementCannotDiscardActiveProcess
--- PASS: TestSupervisorReplacementCannotDiscardActiveProcess (0.00s)
=== RUN   TestSupervisorRecordsUnexpectedProcessExit
--- PASS: TestSupervisorRecordsUnexpectedProcessExit (0.00s)
=== RUN   TestSupervisorStopDetachesObserverAndPersistsStopped
--- PASS: TestSupervisorStopDetachesObserverAndPersistsStopped (0.00s)
=== RUN   TestSupervisorStopFailurePersistsFailed
--- PASS: TestSupervisorStopFailurePersistsFailed (0.00s)
=== RUN   TestSupervisorPersistsUnexpectedExitFromLocalProcess
--- PASS: TestSupervisorPersistsUnexpectedExitFromLocalProcess (0.27s)
=== RUN   TestSupervisorUnexpectedExitReleaseFailureRetainsLeasesForRecovery
--- PASS: TestSupervisorUnexpectedExitReleaseFailureRetainsLeasesForRecovery (0.00s)
=== RUN   TestSupervisorIgnoresLateExitFromDifferentRuntimeSession
--- PASS: TestSupervisorIgnoresLateExitFromDifferentRuntimeSession (0.00s)
=== RUN   TestSupervisorIgnoresLateExitFromReusedRuntimeIdentity
--- PASS: TestSupervisorIgnoresLateExitFromReusedRuntimeIdentity (0.00s)
PASS
ok  	github.com/convergent-systems-co/praxis/internal/plugin	0.998s
