=== RUN   TestAppendAssignsMonotonicAggregateAndGlobalVersions
--- PASS: TestAppendAssignsMonotonicAggregateAndGlobalVersions (0.00s)
=== RUN   TestAppendRejectsStaleExpectedVersion
--- PASS: TestAppendRejectsStaleExpectedVersion (0.00s)
=== RUN   TestReplayLoadsEventsAfterVersion
--- PASS: TestReplayLoadsEventsAfterVersion (0.00s)
PASS
ok  	github.com/convergent-systems-co/praxis/internal/eventstore	0.469s
=== RUN   TestBuildPackageIsDeterministicAndBindsArchive
--- PASS: TestBuildPackageIsDeterministicAndBindsArchive (0.00s)
=== RUN   TestBuildPackageRejectsUnmanifestedAndNoncanonicalFiles
--- PASS: TestBuildPackageRejectsUnmanifestedAndNoncanonicalFiles (0.00s)
=== RUN   TestCatalogContributionRequiresGovernedGeneralizedPublication
--- PASS: TestCatalogContributionRequiresGovernedGeneralizedPublication (0.00s)
=== RUN   TestCatalogContributionPreservesTwoDomainPackagePolicyMappings
=== RUN   TestCatalogContributionPreservesTwoDomainPackagePolicyMappings/software-delivery
=== RUN   TestCatalogContributionPreservesTwoDomainPackagePolicyMappings/research
--- PASS: TestCatalogContributionPreservesTwoDomainPackagePolicyMappings (0.00s)
    --- PASS: TestCatalogContributionPreservesTwoDomainPackagePolicyMappings/software-delivery (0.00s)
    --- PASS: TestCatalogContributionPreservesTwoDomainPackagePolicyMappings/research (0.00s)
=== RUN   TestDeploymentRequestBindsExactDependencyFirstClosure
--- PASS: TestDeploymentRequestBindsExactDependencyFirstClosure (0.00s)
=== RUN   TestDeploymentRequestRejectsMissingAndUnreachablePackages
--- PASS: TestDeploymentRequestRejectsMissingAndUnreachablePackages (0.00s)
=== RUN   TestVerifiedPackageCannotSkipInspectionAuthorization
--- PASS: TestVerifiedPackageCannotSkipInspectionAuthorization (0.00s)
=== RUN   TestUpdateCapabilityExpansionRequiresReauthorization
--- PASS: TestUpdateCapabilityExpansionRequiresReauthorization (0.00s)
=== RUN   TestRemovingCapabilityAloneDoesNotRequireReauthorization
--- PASS: TestRemovingCapabilityAloneDoesNotRequireReauthorization (0.00s)
=== RUN   TestEffectiveCapabilitiesIncludesDependencies
--- PASS: TestEffectiveCapabilitiesIncludesDependencies (0.00s)
=== RUN   TestEffectiveCapabilitiesRejectsLockMismatch
--- PASS: TestEffectiveCapabilitiesRejectsLockMismatch (0.00s)
=== RUN   TestEffectiveCapabilitiesRejectsCycle
--- PASS: TestEffectiveCapabilitiesRejectsCycle (0.00s)
=== RUN   TestRollbackRequestBindsCurrentAndTargetGenerationClosures
--- PASS: TestRollbackRequestBindsCurrentAndTargetGenerationClosures (0.00s)
=== RUN   TestVerifySignatureEd25519
--- PASS: TestVerifySignatureEd25519 (0.00s)
=== RUN   TestVerifySignaturePQRequiredFailsClosedWithoutPQVerifier
--- PASS: TestVerifySignaturePQRequiredFailsClosedWithoutPQVerifier (0.00s)
=== RUN   TestVerifySignaturePQPreferredRequiresExplicitFallback
--- PASS: TestVerifySignaturePQPreferredRequiresExplicitFallback (0.00s)
=== RUN   TestVerifySignaturePQAndHybridCanBeSatisfiedByProvider
--- PASS: TestVerifySignaturePQAndHybridCanBeSatisfiedByProvider (0.00s)
=== RUN   TestParseUnsignedPackageRequiresCanonicalManifestAndArchive
--- PASS: TestParseUnsignedPackageRequiresCanonicalManifestAndArchive (0.00s)
=== RUN   TestVerificationEvidenceRecordBindsClosureAndInstallation
--- PASS: TestVerificationEvidenceRecordBindsClosureAndInstallation (0.00s)
=== RUN   TestVerifyPackageBindsBytesSignatureDependencyAndCapabilities
--- PASS: TestVerifyPackageBindsBytesSignatureDependencyAndCapabilities (0.00s)
=== RUN   TestBarePackageCannotMintVerificationAndTamperingFails
--- PASS: TestBarePackageCannotMintVerificationAndTamperingFails (0.00s)
=== RUN   TestVerifiedPackageAccessorsCannotMutateSealedEvidence
--- PASS: TestVerifiedPackageAccessorsCannotMutateSealedEvidence (0.00s)
=== RUN   TestVerifyPackageBindsTypedContentToExactArchiveBytes
--- PASS: TestVerifyPackageBindsTypedContentToExactArchiveBytes (0.00s)
=== RUN   TestUnverifiedDependencyCannotSatisfyImmutableLock
--- PASS: TestUnverifiedDependencyCannotSatisfyImmutableLock (0.00s)
=== RUN   TestPackageContractVersionsAreRegistryGovernedAndFailClosed
--- PASS: TestPackageContractVersionsAreRegistryGovernedAndFailClosed (0.00s)
=== RUN   TestPackageContractFamilyHasOneCanonicalOwnerPerIdentity
--- PASS: TestPackageContractFamilyHasOneCanonicalOwnerPerIdentity (0.00s)
PASS
ok  	github.com/convergent-systems-co/praxis/internal/packagecatalog	0.312s
=== RUN   TestGatewayDispatchRequiresExactLeaseBoundInstance
--- PASS: TestGatewayDispatchRequiresExactLeaseBoundInstance (0.00s)
=== RUN   TestGatewayRejectsRestartedSessionUsingStaleLease
--- PASS: TestGatewayRejectsRestartedSessionUsingStaleLease (0.00s)
=== RUN   TestGatewayRejectsUnauthorizedOperationBeforeTransport
--- PASS: TestGatewayRejectsUnauthorizedOperationBeforeTransport (0.00s)
=== RUN   TestGatewayFailsIfBoundProviderNotEligible
--- PASS: TestGatewayFailsIfBoundProviderNotEligible (0.00s)
=== RUN   TestGatewayRequiresAuthoritativeLeaseConsumer
--- PASS: TestGatewayRequiresAuthoritativeLeaseConsumer (0.00s)
=== RUN   TestPluginV1HandshakeRoundTripAndAuthorityDerivedProtocol
--- PASS: TestPluginV1HandshakeRoundTripAndAuthorityDerivedProtocol (0.00s)
=== RUN   TestPluginV1ReservesDisplacedPreReleaseWireIdentities
--- PASS: TestPluginV1ReservesDisplacedPreReleaseWireIdentities (0.00s)
=== RUN   TestPreReleaseHandshakeResponseCannotBecomeCurrentAuthority
--- PASS: TestPreReleaseHandshakeResponseCannotBecomeCurrentAuthority (0.00s)
=== RUN   TestHandshakeRejectsPluginSelectedIdentityOrProtocol
--- PASS: TestHandshakeRejectsPluginSelectedIdentityOrProtocol (0.00s)
=== RUN   TestHandshakeUnknownFutureFieldDoesNotMintSemantics
--- PASS: TestHandshakeUnknownFutureFieldDoesNotMintSemantics (0.00s)
=== RUN   TestPluginProcessHelper
    grpc_process_integration_test.go:24: helper process
--- SKIP: TestPluginProcessHelper (0.00s)
=== RUN   TestOutOfProcessPluginHandshakeStreamingCancellationAndRestart
--- PASS: TestOutOfProcessPluginHandshakeStreamingCancellationAndRestart (0.16s)
=== RUN   TestGRPCTransportBindsValidatedHandshakeToExactInstance
--- PASS: TestGRPCTransportBindsValidatedHandshakeToExactInstance (0.01s)
=== RUN   TestGRPCTransportRejectsHandshakeIdentityMismatchBeforePublication
--- PASS: TestGRPCTransportRejectsHandshakeIdentityMismatchBeforePublication (0.00s)
=== RUN   TestHandshakeAcceptsMatchingRuntime
--- PASS: TestHandshakeAcceptsMatchingRuntime (0.00s)
=== RUN   TestHandshakeRejectsArtifactIdentityMismatch
--- PASS: TestHandshakeRejectsArtifactIdentityMismatch (0.00s)
=== RUN   TestHandshakeRejectsUndeclaredCapability
--- PASS: TestHandshakeRejectsUndeclaredCapability (0.00s)
=== RUN   TestHandshakePermitsUnavailableManifestCapabilityWithoutMakingItRoutable
--- PASS: TestHandshakePermitsUnavailableManifestCapabilityWithoutMakingItRoutable (0.00s)
=== RUN   TestHandshakeRejectsDuplicateOrEmptyAdvertisement
=== RUN   TestHandshakeRejectsDuplicateOrEmptyAdvertisement/empty
=== RUN   TestHandshakeRejectsDuplicateOrEmptyAdvertisement/duplicate
--- PASS: TestHandshakeRejectsDuplicateOrEmptyAdvertisement (0.00s)
    --- PASS: TestHandshakeRejectsDuplicateOrEmptyAdvertisement/empty (0.00s)
    --- PASS: TestHandshakeRejectsDuplicateOrEmptyAdvertisement/duplicate (0.00s)
=== RUN   TestHandshakeRejectsProtocolMismatch
--- PASS: TestHandshakeRejectsProtocolMismatch (0.00s)
=== RUN   TestIsolationUnknownFailsClosed
--- PASS: TestIsolationUnknownFailsClosed (0.00s)
=== RUN   TestIsolationRequiredPropertiesMustAllBeEnforced
--- PASS: TestIsolationRequiredPropertiesMustAllBeEnforced (0.00s)
=== RUN   TestRestartedPluginCannotReuseInstanceBoundLease
--- PASS: TestRestartedPluginCannotReuseInstanceBoundLease (0.00s)
=== RUN   TestQuarantinedPluginCannotRestart
--- PASS: TestQuarantinedPluginCannotRestart (0.00s)
=== RUN   TestRepeatedFailuresTriggerQuarantine
--- PASS: TestRepeatedFailuresTriggerQuarantine (0.00s)
=== RUN   TestReadyPluginCanDrain
--- PASS: TestReadyPluginCanDrain (0.00s)
=== RUN   TestInstanceIdentityMustMatchManifest
--- PASS: TestInstanceIdentityMustMatchManifest (0.00s)
=== RUN   TestManifestRejectsDuplicateCapabilities
--- PASS: TestManifestRejectsDuplicateCapabilities (0.00s)
=== RUN   TestManifestVersionPolicyRejectsPreReleaseAndUnknownContracts
--- PASS: TestManifestVersionPolicyRejectsPreReleaseAndUnknownContracts (0.00s)
=== RUN   TestLocalProcessControlBindsIdentityAndReportsExit
--- PASS: TestLocalProcessControlBindsIdentityAndReportsExit (0.29s)
=== RUN   TestLocalProcessControlTerminationRequiresExactRuntimeSession
--- PASS: TestLocalProcessControlTerminationRequiresExactRuntimeSession (0.00s)
=== RUN   TestLaunchSpecRequiresExactVerifiedExecutableBytesAndIsolation
--- PASS: TestLaunchSpecRequiresExactVerifiedExecutableBytesAndIsolation (0.00s)
=== RUN   TestLocalProcessControlMaterializesOnlyVerifiedBytesAndTerminates
--- PASS: TestLocalProcessControlMaterializesOnlyVerifiedBytesAndTerminates (0.00s)
=== RUN   TestNegotiateProtocolUsesHighestMutualVersion
--- PASS: TestNegotiateProtocolUsesHighestMutualVersion (0.00s)
=== RUN   TestNegotiateProtocolFailsWhenRangesDoNotOverlap
--- PASS: TestNegotiateProtocolFailsWhenRangesDoNotOverlap (0.00s)
=== RUN   TestNegotiateProtocolRejectsMalformedRange
--- PASS: TestNegotiateProtocolRejectsMalformedRange (0.00s)
=== RUN   TestRegistrySelectsOnlyReadyIsolatedProviders
--- PASS: TestRegistrySelectsOnlyReadyIsolatedProviders (0.00s)
=== RUN   TestRegistryResolutionDoesNotTreatAdvertisementAsAuthority
--- PASS: TestRegistryResolutionDoesNotTreatAdvertisementAsAuthority (0.00s)
=== RUN   TestRegistryFailsClosedWhenRequiredIsolationIsUnknown
--- PASS: TestRegistryFailsClosedWhenRequiredIsolationIsUnknown (0.00s)
=== RUN   TestRegistryOrderingIsDeterministic
--- PASS: TestRegistryOrderingIsDeterministic (0.00s)
=== RUN   TestRegistryRejectsCallerConstructedAvailability
--- PASS: TestRegistryRejectsCallerConstructedAvailability (0.00s)
=== RUN   TestPersistentSupervisorRestoresLaunchButRequiresFreshHandshake
--- PASS: TestPersistentSupervisorRestoresLaunchButRequiresFreshHandshake (0.00s)
=== RUN   TestPersistentSupervisorFencesRestoredSchedulerLeases
--- PASS: TestPersistentSupervisorFencesRestoredSchedulerLeases (0.00s)
=== RUN   TestSupervisorRequiresIsolationBeforeStart
--- PASS: TestSupervisorRequiresIsolationBeforeStart (0.00s)
=== RUN   TestSupervisorQuarantinesAfterFailureThreshold
--- PASS: TestSupervisorQuarantinesAfterFailureThreshold (0.00s)
=== RUN   TestSupervisorStartFailurePreservesLaunchErrorWithoutTermination
--- PASS: TestSupervisorStartFailurePreservesLaunchErrorWithoutTermination (0.00s)
=== RUN   TestSupervisorClearsExitObserverWhenStartFails
--- PASS: TestSupervisorClearsExitObserverWhenStartFails (0.00s)
=== RUN   TestSupervisorRevokeRemovesProviderAndTerminates
--- PASS: TestSupervisorRevokeRemovesProviderAndTerminates (0.00s)
=== RUN   TestSupervisorRevokeStoppedProviderDoesNotTerminateAbsentProcess
--- PASS: TestSupervisorRevokeStoppedProviderDoesNotTerminateAbsentProcess (0.00s)
=== RUN   TestSupervisorRevokeTerminationFailureStaysRevoked
--- PASS: TestSupervisorRevokeTerminationFailureStaysRevoked (0.00s)
=== RUN   TestSupervisorRejectsCallerConstructedReadyState
--- PASS: TestSupervisorRejectsCallerConstructedReadyState (0.00s)
=== RUN   TestSupervisorRestartBackoff
--- PASS: TestSupervisorRestartBackoff (0.00s)
=== RUN   TestSupervisorResourceAdmissionGatesProcessAndReleasesOnStop
--- PASS: TestSupervisorResourceAdmissionGatesProcessAndReleasesOnStop (0.00s)
=== RUN   TestSupervisorRejectsPartialOrForeignResourceAdmission
=== RUN   TestSupervisorRejectsPartialOrForeignResourceAdmission/partial
=== RUN   TestSupervisorRejectsPartialOrForeignResourceAdmission/foreign
--- PASS: TestSupervisorRejectsPartialOrForeignResourceAdmission (0.00s)
    --- PASS: TestSupervisorRejectsPartialOrForeignResourceAdmission/partial (0.00s)
    --- PASS: TestSupervisorRejectsPartialOrForeignResourceAdmission/foreign (0.00s)
=== RUN   TestSupervisorFailurePersistsReleasedResourceLeases
--- PASS: TestSupervisorFailurePersistsReleasedResourceLeases (0.00s)
=== RUN   TestSupervisorUnexpectedExitPersistsReleasedResourceLeases
--- PASS: TestSupervisorUnexpectedExitPersistsReleasedResourceLeases (0.00s)
=== RUN   TestSupervisorResourceDenialDoesNotStartProcess
--- PASS: TestSupervisorResourceDenialDoesNotStartProcess (0.00s)
=== RUN   TestSupervisorReplacementCannotDiscardActiveProcess
--- PASS: TestSupervisorReplacementCannotDiscardActiveProcess (0.00s)
=== RUN   TestSupervisorRecordsUnexpectedProcessExit
--- PASS: TestSupervisorRecordsUnexpectedProcessExit (0.00s)
=== RUN   TestSupervisorStopDetachesObserverAndPersistsStopped
--- PASS: TestSupervisorStopDetachesObserverAndPersistsStopped (0.00s)
=== RUN   TestSupervisorStopFailurePersistsFailed
--- PASS: TestSupervisorStopFailurePersistsFailed (0.00s)
=== RUN   TestSupervisorPersistsUnexpectedExitFromLocalProcess
--- PASS: TestSupervisorPersistsUnexpectedExitFromLocalProcess (0.36s)
=== RUN   TestSupervisorUnexpectedExitReleaseFailureRetainsLeasesForRecovery
--- PASS: TestSupervisorUnexpectedExitReleaseFailureRetainsLeasesForRecovery (0.00s)
=== RUN   TestSupervisorIgnoresLateExitFromDifferentRuntimeSession
--- PASS: TestSupervisorIgnoresLateExitFromDifferentRuntimeSession (0.00s)
=== RUN   TestSupervisorIgnoresLateExitFromReusedRuntimeIdentity
--- PASS: TestSupervisorIgnoresLateExitFromReusedRuntimeIdentity (0.00s)
PASS
ok  	github.com/convergent-systems-co/praxis/internal/plugin	1.202s
=== RUN   TestAdaptiveMeasurementProvenanceIsDomainNeutralAndSurvivesRestart
=== RUN   TestAdaptiveMeasurementProvenanceIsDomainNeutralAndSurvivesRestart/software-delivery
=== RUN   TestAdaptiveMeasurementProvenanceIsDomainNeutralAndSurvivesRestart/research
--- PASS: TestAdaptiveMeasurementProvenanceIsDomainNeutralAndSurvivesRestart (0.05s)
    --- PASS: TestAdaptiveMeasurementProvenanceIsDomainNeutralAndSurvivesRestart/software-delivery (0.03s)
    --- PASS: TestAdaptiveMeasurementProvenanceIsDomainNeutralAndSurvivesRestart/research (0.02s)
=== RUN   TestCommitTransitionAuthorizedLeaseConsumesOneShotAuthorityAtomically
--- PASS: TestCommitTransitionAuthorizedLeaseConsumesOneShotAuthorityAtomically (0.01s)
=== RUN   TestCommitTransitionAuthorizedLeaseDeniedRequestRollsBackEverything
--- PASS: TestCommitTransitionAuthorizedLeaseDeniedRequestRollsBackEverything (0.01s)
=== RUN   TestCommitTransitionAuthorizedLeaseRejectsRevokedLease
--- PASS: TestCommitTransitionAuthorizedLeaseRejectsRevokedLease (0.01s)
=== RUN   TestDomainNeutralResourceHandoffPreservesTwoDomainRunsAcrossSQLiteRestart
=== RUN   TestDomainNeutralResourceHandoffPreservesTwoDomainRunsAcrossSQLiteRestart/software-delivery-package
=== RUN   TestDomainNeutralResourceHandoffPreservesTwoDomainRunsAcrossSQLiteRestart/research-package
--- PASS: TestDomainNeutralResourceHandoffPreservesTwoDomainRunsAcrossSQLiteRestart (0.03s)
    --- PASS: TestDomainNeutralResourceHandoffPreservesTwoDomainRunsAcrossSQLiteRestart/software-delivery-package (0.02s)
    --- PASS: TestDomainNeutralResourceHandoffPreservesTwoDomainRunsAcrossSQLiteRestart/research-package (0.02s)
=== RUN   TestResourceHandoffDenialDoesNotMutateRun
--- PASS: TestResourceHandoffDenialDoesNotMutateRun (0.00s)
=== RUN   TestCommitObservationResolutionIsAtomic
--- PASS: TestCommitObservationResolutionIsAtomic (0.01s)
=== RUN   TestCommitObservationResolutionRollsBackAtEveryBoundary
=== RUN   TestCommitObservationResolutionRollsBackAtEveryBoundary/before-command
=== RUN   TestCommitObservationResolutionRollsBackAtEveryBoundary/after-command
=== RUN   TestCommitObservationResolutionRollsBackAtEveryBoundary/after-event
=== RUN   TestCommitObservationResolutionRollsBackAtEveryBoundary/before-effect
=== RUN   TestCommitObservationResolutionRollsBackAtEveryBoundary/after-effect
=== RUN   TestCommitObservationResolutionRollsBackAtEveryBoundary/before-commit
--- PASS: TestCommitObservationResolutionRollsBackAtEveryBoundary (0.09s)
    --- PASS: TestCommitObservationResolutionRollsBackAtEveryBoundary/before-command (0.01s)
    --- PASS: TestCommitObservationResolutionRollsBackAtEveryBoundary/after-command (0.01s)
    --- PASS: TestCommitObservationResolutionRollsBackAtEveryBoundary/after-event (0.01s)
    --- PASS: TestCommitObservationResolutionRollsBackAtEveryBoundary/before-effect (0.01s)
    --- PASS: TestCommitObservationResolutionRollsBackAtEveryBoundary/after-effect (0.01s)
    --- PASS: TestCommitObservationResolutionRollsBackAtEveryBoundary/before-commit (0.01s)
=== RUN   TestEffectLifecyclePersistsDispatchAndUnknownOutcomeAcrossRestart
--- PASS: TestEffectLifecyclePersistsDispatchAndUnknownOutcomeAcrossRestart (0.02s)
=== RUN   TestAppendInTxNeverOpensOrCommitsItsOwnTransaction
--- PASS: TestAppendInTxNeverOpensOrCommitsItsOwnTransaction (0.01s)
=== RUN   TestAppendInTxPreservesCommandProvenance
--- PASS: TestAppendInTxPreservesCommandProvenance (0.01s)
=== RUN   TestAppendInTxEnforcesExpectedVersionSameAsAppend
--- PASS: TestAppendInTxEnforcesExpectedVersionSameAsAppend (0.01s)
=== RUN   TestAppendInTxRequiresAnActiveTransaction
--- PASS: TestAppendInTxRequiresAnActiveTransaction (0.01s)
=== RUN   TestLoadAggregateInTxMatchesLoadAggregateAndAvoidsPoolDeadlock
--- PASS: TestLoadAggregateInTxMatchesLoadAggregateAndAvoidsPoolDeadlock (0.01s)
=== RUN   TestAppendInTxRejectsIllegalEventsIdenticallyToAppend
--- PASS: TestAppendInTxRejectsIllegalEventsIdenticallyToAppend (0.01s)
=== RUN   TestSQLiteEventStoreAppendLoadAndConflict
--- PASS: TestSQLiteEventStoreAppendLoadAndConflict (0.02s)
=== RUN   TestSQLiteEventStoreRejectsCommandIDMetadataHijack
--- PASS: TestSQLiteEventStoreRejectsCommandIDMetadataHijack (0.02s)
=== RUN   TestVersionedPackageEvaluatorsDiagnoseLongitudinalFailuresAcrossDomainsAndRestart
=== RUN   TestVersionedPackageEvaluatorsDiagnoseLongitudinalFailuresAcrossDomainsAndRestart/software-delivery
=== RUN   TestVersionedPackageEvaluatorsDiagnoseLongitudinalFailuresAcrossDomainsAndRestart/research
--- PASS: TestVersionedPackageEvaluatorsDiagnoseLongitudinalFailuresAcrossDomainsAndRestart (0.04s)
    --- PASS: TestVersionedPackageEvaluatorsDiagnoseLongitudinalFailuresAcrossDomainsAndRestart/software-delivery (0.02s)
    --- PASS: TestVersionedPackageEvaluatorsDiagnoseLongitudinalFailuresAcrossDomainsAndRestart/research (0.02s)
=== RUN   TestResolvedPluginLaunchSpecBindsExactVerifiedPackageBytes
--- PASS: TestResolvedPluginLaunchSpecBindsExactVerifiedPackageBytes (0.00s)
=== RUN   TestActivatedPackageBindsSupervisorLaunchAndFreshRestartHandshake
--- PASS: TestActivatedPackageBindsSupervisorLaunchAndFreshRestartHandshake (0.02s)
=== RUN   TestPackageActivationPublishesAndRemovesAliasesAndContents
--- PASS: TestPackageActivationPublishesAndRemovesAliasesAndContents (0.02s)
=== RUN   TestVerifiedGraphArtifactSurvivesActivationAndRestart
--- PASS: TestVerifiedGraphArtifactSurvivesActivationAndRestart (0.02s)
=== RUN   TestVerifiedDependencyClosureDeploysAtomicallyAndSurvivesRestart
--- PASS: TestVerifiedDependencyClosureDeploysAtomicallyAndSurvivesRestart (0.02s)
=== RUN   TestCatalogBootstrapImportsGeneralizedBehaviorWithoutPrivateStateAcrossRestart
--- PASS: TestCatalogBootstrapImportsGeneralizedBehaviorWithoutPrivateStateAcrossRestart (0.02s)
=== RUN   TestDependencyDeploymentFailureRollsBackClosureAndAuthority
--- PASS: TestDependencyDeploymentFailureRollsBackClosureAndAuthority (0.02s)
=== RUN   TestSinglePackageActivationCannotBypassDependencyDeployment
--- PASS: TestSinglePackageActivationCannotBypassDependencyDeployment (0.01s)
=== RUN   TestGovernedPackageRollbackRestoresExactClosureAcrossRestart
--- PASS: TestGovernedPackageRollbackRestoresExactClosureAcrossRestart (0.02s)
=== RUN   TestPackageGenerationChangeCannotBreakActiveDependentLock
--- PASS: TestPackageGenerationChangeCannotBreakActiveDependentLock (0.02s)
=== RUN   TestRollbackRejectsCorruptedRetainedEvidenceWithoutConsumingAuthority
--- PASS: TestRollbackRejectsCorruptedRetainedEvidenceWithoutConsumingAuthority (0.02s)
=== RUN   TestDynamicInvocationRejectsValidButDigestMismatchedPersistedContract
--- PASS: TestDynamicInvocationRejectsValidButDigestMismatchedPersistedContract (0.02s)
=== RUN   TestAgentOnlyAndMixedPackagesAreFirstClassContents
--- PASS: TestAgentOnlyAndMixedPackagesAreFirstClassContents (0.02s)
=== RUN   TestPackagePluginDefinitionBindsExecutableAcrossRestartAndRejectsOrphans
--- PASS: TestPackagePluginDefinitionBindsExecutableAcrossRestartAndRejectsOrphans (0.02s)
=== RUN   TestInstalledDefinitionsInstantiateIndependentDomainAgentsAcrossRestart
--- PASS: TestInstalledDefinitionsInstantiateIndependentDomainAgentsAcrossRestart (0.02s)
=== RUN   TestAgentInstantiationCannotMutateApprovedIdentity
--- PASS: TestAgentInstantiationCannotMutateApprovedIdentity (0.02s)
=== RUN   TestPackageCannotShadowCoreCommand
--- PASS: TestPackageCannotShadowCoreCommand (0.01s)
=== RUN   TestPackageAliasCollisionFailsWithoutChangingExistingOwner
--- PASS: TestPackageAliasCollisionFailsWithoutChangingExistingOwner (0.02s)
=== RUN   TestPackageUpdateAtomicallyReplacesAliasAndContentSurface
--- PASS: TestPackageUpdateAtomicallyReplacesAliasAndContentSurface (0.02s)
=== RUN   TestPackageActivationRequiresExactPersistedAuthorityAndIsAtomic
--- PASS: TestPackageActivationRequiresExactPersistedAuthorityAndIsAtomic (0.01s)
=== RUN   TestPackageVerificationAuthorityAndRegistrationsSurviveRestart
--- PASS: TestPackageVerificationAuthorityAndRegistrationsSurviveRestart (0.02s)
=== RUN   TestGovernedDisableAndRemovePreserveHistoryAcrossRestart
--- PASS: TestGovernedDisableAndRemovePreserveHistoryAcrossRestart (0.02s)
=== RUN   TestPackageTransitionCannotChangeOperationAfterApproval
--- PASS: TestPackageTransitionCannotChangeOperationAfterApproval (0.02s)
=== RUN   TestDistributedPackageTrustBindsCatalogResolutionReviewAndLocalAuthorityAcrossRestart
--- PASS: TestDistributedPackageTrustBindsCatalogResolutionReviewAndLocalAuthorityAcrossRestart (0.02s)
=== RUN   TestConsumePluginLeaseBindsInstanceAndConsumesUse
--- PASS: TestConsumePluginLeaseBindsInstanceAndConsumesUse (0.01s)
=== RUN   TestConsumePluginLeaseRejectsDifferentRuntimeInstance
--- PASS: TestConsumePluginLeaseRejectsDifferentRuntimeInstance (0.01s)
=== RUN   TestPluginSupervisorSnapshotSurvivesSQLiteRestartWithoutRuntimeReadiness
--- PASS: TestPluginSupervisorSnapshotSurvivesSQLiteRestartWithoutRuntimeReadiness (0.01s)
=== RUN   TestBehavioralProfileDerivationAndDivergenceSurviveRestartAcrossDomains
=== RUN   TestBehavioralProfileDerivationAndDivergenceSurviveRestartAcrossDomains/software-delivery
=== RUN   TestBehavioralProfileDerivationAndDivergenceSurviveRestartAcrossDomains/research
--- PASS: TestBehavioralProfileDerivationAndDivergenceSurviveRestartAcrossDomains (0.03s)
    --- PASS: TestBehavioralProfileDerivationAndDivergenceSurviveRestartAcrossDomains/software-delivery (0.02s)
    --- PASS: TestBehavioralProfileDerivationAndDivergenceSurviveRestartAcrossDomains/research (0.02s)
=== RUN   TestSQLiteCheckpointStorePersistsMonotonically
--- PASS: TestSQLiteCheckpointStorePersistsMonotonically (0.01s)
=== RUN   TestPublisherEnrollmentPersistsOnlyWithExactApproval
--- PASS: TestPublisherEnrollmentPersistsOnlyWithExactApproval (0.01s)
=== RUN   TestCanonicalPublisherEnrollmentCommitsAtomicallyAndReplaysExactly
--- PASS: TestCanonicalPublisherEnrollmentCommitsAtomicallyAndReplaysExactly (0.02s)
=== RUN   TestAmbiguousEffectFailsClosedWithoutReconciliation
--- PASS: TestAmbiguousEffectFailsClosedWithoutReconciliation (0.00s)
=== RUN   TestAmbiguousEffectReconcilesWhenSupported
--- PASS: TestAmbiguousEffectReconcilesWhenSupported (0.00s)
=== RUN   TestAmbiguousEffectCanRedispatchOnlyWithVerifiedIdempotency
--- PASS: TestAmbiguousEffectCanRedispatchOnlyWithVerifiedIdempotency (0.00s)
=== RUN   TestQualificationRunControlSurvivesSQLiteRestart
--- PASS: TestQualificationRunControlSurvivesSQLiteRestart (0.02s)
=== RUN   TestSQLiteRunControlLeaseSourceLoadsAndAuthorizesPersistedLease
--- PASS: TestSQLiteRunControlLeaseSourceLoadsAndAuthorizesPersistedLease (0.02s)
=== RUN   TestSQLiteRunControlLeaseSourcePreservesFiniteUseSemantics
--- PASS: TestSQLiteRunControlLeaseSourcePreservesFiniteUseSemantics (0.01s)
=== RUN   TestInvocationRuntimeBindingIsRequiredAndGenerationBound
--- PASS: TestInvocationRuntimeBindingIsRequiredAndGenerationBound (0.01s)
=== RUN   TestInvocationRuntimeBindingRejectsSubstitutionAfterRestart
--- PASS: TestInvocationRuntimeBindingRejectsSubstitutionAfterRestart (0.02s)
=== RUN   TestSchedulerResourceLeasesAreAtomicAndRecoverAfterRestart
--- PASS: TestSchedulerResourceLeasesAreAtomicAndRecoverAfterRestart (0.02s)
=== RUN   TestSchedulerResourceLeaseAdmissionIsIdempotentForRetriedAttempt
--- PASS: TestSchedulerResourceLeaseAdmissionIsIdempotentForRetriedAttempt (0.01s)
=== RUN   TestSchedulerResourceLeaseRetryRejectsMismatchedRequirements
--- PASS: TestSchedulerResourceLeaseRetryRejectsMismatchedRequirements (0.01s)
=== RUN   TestSchedulerResourceLeaseCancellationReleasesOnlyExactAttempt
--- PASS: TestSchedulerResourceLeaseCancellationReleasesOnlyExactAttempt (0.01s)
=== RUN   TestSecureBlobRoundTripStoresNoPlaintextColumn
--- PASS: TestSecureBlobRoundTripStoresNoPlaintextColumn (0.01s)
=== RUN   TestSecureBlobRejectsEnvelopeBoundToDifferentIdentity
--- PASS: TestSecureBlobRejectsEnvelopeBoundToDifferentIdentity (0.01s)
=== RUN   TestSecureBlobIsImmutableByVersion
--- PASS: TestSecureBlobIsImmutableByVersion (0.01s)
=== RUN   TestSecureBlobExpiryFailsClosed
--- PASS: TestSecureBlobExpiryFailsClosed (0.01s)
=== RUN   TestHistoricalSecureBlobReadPreservesOperationalExpiryGate
--- PASS: TestHistoricalSecureBlobReadPreservesOperationalExpiryGate (0.01s)
=== RUN   TestOpenSQLiteReadOnlyCannotMutateAuthoritativeState
--- PASS: TestOpenSQLiteReadOnlyCannotMutateAuthoritativeState (0.01s)
=== RUN   TestOpenSQLiteAppliesMigrationsAndPragmas
--- PASS: TestOpenSQLiteAppliesMigrationsAndPragmas (0.01s)
=== RUN   TestOpenSQLiteDoesNotReapplyLedgeredMigrations
--- PASS: TestOpenSQLiteDoesNotReapplyLedgeredMigrations (0.01s)
=== RUN   TestOpenSQLiteRefusesPendingMigrationsForExistingState
--- PASS: TestOpenSQLiteRefusesPendingMigrationsForExistingState (0.01s)
=== RUN   TestCommitTransitionIsAtomic
--- PASS: TestCommitTransitionIsAtomic (0.01s)
=== RUN   TestGoalsPublicationAbandonmentSerializesAgainstDispatch
--- PASS: TestGoalsPublicationAbandonmentSerializesAgainstDispatch (0.01s)
=== RUN   TestCommitTransitionRollsBackAuthorityOnVersionConflict
--- PASS: TestCommitTransitionRollsBackAuthorityOnVersionConflict (0.01s)
=== RUN   TestCrossAgentTransferGeneralizesSanitizesPublishesAndAdoptsAcrossDomains
=== RUN   TestCrossAgentTransferGeneralizesSanitizesPublishesAndAdoptsAcrossDomains/software-delivery
=== RUN   TestCrossAgentTransferGeneralizesSanitizesPublishesAndAdoptsAcrossDomains/research
--- PASS: TestCrossAgentTransferGeneralizesSanitizesPublishesAndAdoptsAcrossDomains (0.03s)
    --- PASS: TestCrossAgentTransferGeneralizesSanitizesPublishesAndAdoptsAcrossDomains/software-delivery (0.01s)
    --- PASS: TestCrossAgentTransferGeneralizesSanitizesPublishesAndAdoptsAcrossDomains/research (0.02s)
=== RUN   TestCrossAgentTransferRetainsRejectedPrivacyCandidate
--- PASS: TestCrossAgentTransferRetainsRejectedPrivacyCandidate (0.01s)
PASS
ok  	github.com/convergent-systems-co/praxis/internal/state	1.609s
=== RUN   TestSQLiteProviderAdvertisesRequiredLocalSemantics
--- PASS: TestSQLiteProviderAdvertisesRequiredLocalSemantics (0.02s)
=== RUN   TestUnknownProviderCapabilityFailsClosed
--- PASS: TestUnknownProviderCapabilityFailsClosed (0.00s)
=== RUN   TestSQLiteProviderEventSemanticsMatchCanonicalStore
--- PASS: TestSQLiteProviderEventSemanticsMatchCanonicalStore (0.02s)
=== RUN   TestSQLiteProviderPackageRegistryIsProviderNeutral
--- PASS: TestSQLiteProviderPackageRegistryIsProviderNeutral (0.02s)
=== RUN   TestEventRuntimeSemanticsSurviveProviderSubstitutionAndMismatchFailsClosed
--- PASS: TestEventRuntimeSemanticsSurviveProviderSubstitutionAndMismatchFailsClosed (0.02s)
PASS
ok  	github.com/convergent-systems-co/praxis/internal/stateprovider	0.760s
=== RUN   TestCanonicalPortableStateReconcilesConcurrentMachinesAndSurvivesRestart
--- PASS: TestCanonicalPortableStateReconcilesConcurrentMachinesAndSurvivesRestart (0.04s)
=== RUN   TestRuntimeAuthorityIsNotReusableOnImport
--- PASS: TestRuntimeAuthorityIsNotReusableOnImport (0.00s)
=== RUN   TestAgentGenerationIsPortableVersioned
--- PASS: TestAgentGenerationIsPortableVersioned (0.00s)
=== RUN   TestPortableImportReplayRejectsAuthorityActorMismatch
--- PASS: TestPortableImportReplayRejectsAuthorityActorMismatch (0.00s)
PASS
ok  	github.com/convergent-systems-co/praxis/internal/sync	1.290s
=== RUN   TestPackageAgentDefinitionCompatibilityIsContractOwned
--- PASS: TestPackageAgentDefinitionCompatibilityIsContractOwned (0.00s)
=== RUN   TestBuiltinDelegationAcceptsOnlyClosedV1Edge
=== RUN   TestBuiltinDelegationAcceptsOnlyClosedV1Edge/capability
=== RUN   TestBuiltinDelegationAcceptsOnlyClosedV1Edge/operation
=== RUN   TestBuiltinDelegationAcceptsOnlyClosedV1Edge/target
=== RUN   TestBuiltinDelegationAcceptsOnlyClosedV1Edge/scope
=== RUN   TestBuiltinDelegationAcceptsOnlyClosedV1Edge/principal
=== RUN   TestBuiltinDelegationAcceptsOnlyClosedV1Edge/policy
=== RUN   TestBuiltinDelegationAcceptsOnlyClosedV1Edge/expiry
--- PASS: TestBuiltinDelegationAcceptsOnlyClosedV1Edge (0.00s)
    --- PASS: TestBuiltinDelegationAcceptsOnlyClosedV1Edge/capability (0.00s)
    --- PASS: TestBuiltinDelegationAcceptsOnlyClosedV1Edge/operation (0.00s)
    --- PASS: TestBuiltinDelegationAcceptsOnlyClosedV1Edge/target (0.00s)
    --- PASS: TestBuiltinDelegationAcceptsOnlyClosedV1Edge/scope (0.00s)
    --- PASS: TestBuiltinDelegationAcceptsOnlyClosedV1Edge/principal (0.00s)
    --- PASS: TestBuiltinDelegationAcceptsOnlyClosedV1Edge/policy (0.00s)
    --- PASS: TestBuiltinDelegationAcceptsOnlyClosedV1Edge/expiry (0.00s)
=== RUN   TestBuiltinPackagePublishDelegationBindsExactPublisherAndNamespace
=== RUN   TestBuiltinPackagePublishDelegationBindsExactPublisherAndNamespace/publisher
=== RUN   TestBuiltinPackagePublishDelegationBindsExactPublisherAndNamespace/namespace
=== RUN   TestBuiltinPackagePublishDelegationBindsExactPublisherAndNamespace/capability
=== RUN   TestBuiltinPackagePublishDelegationBindsExactPublisherAndNamespace/downgrade
--- PASS: TestBuiltinPackagePublishDelegationBindsExactPublisherAndNamespace (0.00s)
    --- PASS: TestBuiltinPackagePublishDelegationBindsExactPublisherAndNamespace/publisher (0.00s)
    --- PASS: TestBuiltinPackagePublishDelegationBindsExactPublisherAndNamespace/namespace (0.00s)
    --- PASS: TestBuiltinPackagePublishDelegationBindsExactPublisherAndNamespace/capability (0.00s)
    --- PASS: TestBuiltinPackagePublishDelegationBindsExactPublisherAndNamespace/downgrade (0.00s)
=== RUN   TestBuiltinPackageDeployDelegationIsInstallationBound
=== RUN   TestBuiltinPackageDeployDelegationIsInstallationBound/other_installation
=== RUN   TestBuiltinPackageDeployDelegationIsInstallationBound/publisher
=== RUN   TestBuiltinPackageDeployDelegationIsInstallationBound/activation
=== RUN   TestBuiltinPackageDeployDelegationIsInstallationBound/root_only
--- PASS: TestBuiltinPackageDeployDelegationIsInstallationBound (0.00s)
    --- PASS: TestBuiltinPackageDeployDelegationIsInstallationBound/other_installation (0.00s)
    --- PASS: TestBuiltinPackageDeployDelegationIsInstallationBound/publisher (0.00s)
    --- PASS: TestBuiltinPackageDeployDelegationIsInstallationBound/activation (0.00s)
    --- PASS: TestBuiltinPackageDeployDelegationIsInstallationBound/root_only (0.00s)
=== RUN   TestInstallationRootIdentityDerivesCanonicalScopeAndPrincipal
--- PASS: TestInstallationRootIdentityDerivesCanonicalScopeAndPrincipal (0.00s)
=== RUN   TestInstallationRootIdentityRejectsNonCanonicalBootstrapDigest
--- PASS: TestInstallationRootIdentityRejectsNonCanonicalBootstrapDigest (0.00s)
=== RUN   TestAuthorityGenerationDigestBindsCanonicalFields
--- PASS: TestAuthorityGenerationDigestBindsCanonicalFields (0.00s)
=== RUN   TestPackageDeployDecisionSeparatesDecisionAndOperationalAuthority
--- PASS: TestPackageDeployDecisionSeparatesDecisionAndOperationalAuthority (0.00s)
=== RUN   TestBuildAuthorityReRequestPreservesIntentAndHistoricalLineage
--- PASS: TestBuildAuthorityReRequestPreservesIntentAndHistoricalLineage (0.00s)
=== RUN   TestBuildAuthorityReRequestRejectsUnsafeLifecycleStates
=== RUN   TestBuildAuthorityReRequestRejectsUnsafeLifecycleStates/unknown
=== RUN   TestBuildAuthorityReRequestRejectsUnsafeLifecycleStates/partial
=== RUN   TestBuildAuthorityReRequestRejectsUnsafeLifecycleStates/post-dispatch-failed
=== RUN   TestBuildAuthorityReRequestRejectsUnsafeLifecycleStates/completed
=== RUN   TestBuildAuthorityReRequestRejectsUnsafeLifecycleStates/abandoned
=== RUN   TestBuildAuthorityReRequestRejectsUnsafeLifecycleStates/superseded
=== RUN   TestBuildAuthorityReRequestRejectsUnsafeLifecycleStates/revoked
=== RUN   TestBuildAuthorityReRequestRejectsUnsafeLifecycleStates/conflict
=== RUN   TestBuildAuthorityReRequestRejectsUnsafeLifecycleStates/attempted
--- PASS: TestBuildAuthorityReRequestRejectsUnsafeLifecycleStates (0.00s)
    --- PASS: TestBuildAuthorityReRequestRejectsUnsafeLifecycleStates/unknown (0.00s)
    --- PASS: TestBuildAuthorityReRequestRejectsUnsafeLifecycleStates/partial (0.00s)
    --- PASS: TestBuildAuthorityReRequestRejectsUnsafeLifecycleStates/post-dispatch-failed (0.00s)
    --- PASS: TestBuildAuthorityReRequestRejectsUnsafeLifecycleStates/completed (0.00s)
    --- PASS: TestBuildAuthorityReRequestRejectsUnsafeLifecycleStates/abandoned (0.00s)
    --- PASS: TestBuildAuthorityReRequestRejectsUnsafeLifecycleStates/superseded (0.00s)
    --- PASS: TestBuildAuthorityReRequestRejectsUnsafeLifecycleStates/revoked (0.00s)
    --- PASS: TestBuildAuthorityReRequestRejectsUnsafeLifecycleStates/conflict (0.00s)
    --- PASS: TestBuildAuthorityReRequestRejectsUnsafeLifecycleStates/attempted (0.00s)
=== RUN   TestBuildAuthorityReRequestRejectsSubstitutionAndExpiryReuse
--- PASS: TestBuildAuthorityReRequestRejectsSubstitutionAndExpiryReuse (0.00s)
=== RUN   TestBuildAuthorityReRequestRejectsPrincipalCapabilityAndScopeChanges
=== RUN   TestBuildAuthorityReRequestRejectsPrincipalCapabilityAndScopeChanges/principal
=== RUN   TestBuildAuthorityReRequestRejectsPrincipalCapabilityAndScopeChanges/capability
=== RUN   TestBuildAuthorityReRequestRejectsPrincipalCapabilityAndScopeChanges/scope
--- PASS: TestBuildAuthorityReRequestRejectsPrincipalCapabilityAndScopeChanges (0.00s)
    --- PASS: TestBuildAuthorityReRequestRejectsPrincipalCapabilityAndScopeChanges/principal (0.00s)
    --- PASS: TestBuildAuthorityReRequestRejectsPrincipalCapabilityAndScopeChanges/capability (0.00s)
    --- PASS: TestBuildAuthorityReRequestRejectsPrincipalCapabilityAndScopeChanges/scope (0.00s)
=== RUN   TestBuildAuthorityReRequestIsDeterministicUnderConcurrency
--- PASS: TestBuildAuthorityReRequestIsDeterministicUnderConcurrency (0.00s)
=== RUN   TestActionIntentDigestDeterministicAcrossMapOrder
--- PASS: TestActionIntentDigestDeterministicAcrossMapOrder (0.00s)
=== RUN   TestApprovalRejectsMutatedIntent
--- PASS: TestApprovalRejectsMutatedIntent (0.00s)
=== RUN   TestValidateExactLocalPreDispatchFailureEvidence
=== RUN   TestValidateExactLocalPreDispatchFailureEvidence/canonical_production_not_started_is_eligible
=== RUN   TestValidateExactLocalPreDispatchFailureEvidence/canonical_production_launch_failed_is_eligible
=== RUN   TestValidateExactLocalPreDispatchFailureEvidence/process_started_is_rejected
=== RUN   TestValidateExactLocalPreDispatchFailureEvidence/process_ambiguous/unknown_value_is_rejected
=== RUN   TestValidateExactLocalPreDispatchFailureEvidence/class_provider_response_is_rejected
=== RUN   TestValidateExactLocalPreDispatchFailureEvidence/class_ambiguous_is_rejected
=== RUN   TestValidateExactLocalPreDispatchFailureEvidence/class_acknowledged_success_is_rejected
=== RUN   TestValidateExactLocalPreDispatchFailureEvidence/nonzero_http_status_contradicts_non-dispatch
=== RUN   TestValidateExactLocalPreDispatchFailureEvidence/nonempty_request_id_contradicts_non-dispatch
=== RUN   TestValidateExactLocalPreDispatchFailureEvidence/nonempty_provider_message_contradicts_non-dispatch
=== RUN   TestValidateExactLocalPreDispatchFailureEvidence/nonempty_provider_errors_contradicts_non-dispatch
=== RUN   TestValidateExactLocalPreDispatchFailureEvidence/reconciliation_evidence_present_is_rejected_regardless_of_observed_content
=== RUN   TestValidateExactLocalPreDispatchFailureEvidence/empty_observed_fails_closed
=== RUN   TestValidateExactLocalPreDispatchFailureEvidence/malformed_observed_JSON_fails_closed
=== RUN   TestValidateExactLocalPreDispatchFailureEvidence/wrong_version_fails_closed
=== RUN   TestValidateExactLocalPreDispatchFailureEvidence/missing_version_fails_closed
--- PASS: TestValidateExactLocalPreDispatchFailureEvidence (0.00s)
    --- PASS: TestValidateExactLocalPreDispatchFailureEvidence/canonical_production_not_started_is_eligible (0.00s)
    --- PASS: TestValidateExactLocalPreDispatchFailureEvidence/canonical_production_launch_failed_is_eligible (0.00s)
    --- PASS: TestValidateExactLocalPreDispatchFailureEvidence/process_started_is_rejected (0.00s)
    --- PASS: TestValidateExactLocalPreDispatchFailureEvidence/process_ambiguous/unknown_value_is_rejected (0.00s)
    --- PASS: TestValidateExactLocalPreDispatchFailureEvidence/class_provider_response_is_rejected (0.00s)
    --- PASS: TestValidateExactLocalPreDispatchFailureEvidence/class_ambiguous_is_rejected (0.00s)
    --- PASS: TestValidateExactLocalPreDispatchFailureEvidence/class_acknowledged_success_is_rejected (0.00s)
    --- PASS: TestValidateExactLocalPreDispatchFailureEvidence/nonzero_http_status_contradicts_non-dispatch (0.00s)
    --- PASS: TestValidateExactLocalPreDispatchFailureEvidence/nonempty_request_id_contradicts_non-dispatch (0.00s)
    --- PASS: TestValidateExactLocalPreDispatchFailureEvidence/nonempty_provider_message_contradicts_non-dispatch (0.00s)
    --- PASS: TestValidateExactLocalPreDispatchFailureEvidence/nonempty_provider_errors_contradicts_non-dispatch (0.00s)
    --- PASS: TestValidateExactLocalPreDispatchFailureEvidence/reconciliation_evidence_present_is_rejected_regardless_of_observed_content (0.00s)
    --- PASS: TestValidateExactLocalPreDispatchFailureEvidence/empty_observed_fails_closed (0.00s)
    --- PASS: TestValidateExactLocalPreDispatchFailureEvidence/malformed_observed_JSON_fails_closed (0.00s)
    --- PASS: TestValidateExactLocalPreDispatchFailureEvidence/wrong_version_fails_closed (0.00s)
    --- PASS: TestValidateExactLocalPreDispatchFailureEvidence/missing_version_fails_closed (0.00s)
=== RUN   TestMergeTargetsPreservesStrongerProhibitionAndDeterministicOrder
--- PASS: TestMergeTargetsPreservesStrongerProhibitionAndDeterministicOrder (0.00s)
=== RUN   TestMergeTargetsRejectsConflictingHardPoliciesAndUnknownAuthority
--- PASS: TestMergeTargetsRejectsConflictingHardPoliciesAndUnknownAuthority (0.00s)
=== RUN   TestExecutionTargetValidatesProviderNeutralConstraints
--- PASS: TestExecutionTargetValidatesProviderNeutralConstraints (0.00s)
=== RUN   TestExecutionTargetRejectsUnknownAndConflictingConstraints
--- PASS: TestExecutionTargetRejectsUnknownAndConflictingConstraints (0.00s)
=== RUN   TestExecutionTargetDoesNotTreatProviderNamesAsCoreIdentity
--- PASS: TestExecutionTargetDoesNotTreatProviderNamesAsCoreIdentity (0.00s)
=== RUN   TestClassifyRepositoryStateFailsClosedForDirtyOrAmbiguousState
--- PASS: TestClassifyRepositoryStateFailsClosedForDirtyOrAmbiguousState (0.00s)
=== RUN   TestClassifyRepositoryStatePreservesCleanRelations
--- PASS: TestClassifyRepositoryStatePreservesCleanRelations (0.00s)
=== RUN   TestValidateCheckpointProgressRequiresAuthoritativeEvidence
=== RUN   TestValidateCheckpointProgressRequiresAuthoritativeEvidence/dirty
=== RUN   TestValidateCheckpointProgressRequiresAuthoritativeEvidence/unvalidated
--- PASS: TestValidateCheckpointProgressRequiresAuthoritativeEvidence (0.00s)
    --- PASS: TestValidateCheckpointProgressRequiresAuthoritativeEvidence/dirty (0.00s)
    --- PASS: TestValidateCheckpointProgressRequiresAuthoritativeEvidence/unvalidated (0.00s)
=== RUN   TestResolveGoalInputLiteralAndID
--- PASS: TestResolveGoalInputLiteralAndID (0.00s)
=== RUN   TestResolveGoalInputFileCapturesProvenanceAndDigest
--- PASS: TestResolveGoalInputFileCapturesProvenanceAndDigest (0.00s)
=== RUN   TestResolveGoalInputRejectsAmbiguousOrMissingForms
=== RUN   TestResolveGoalInputRejectsAmbiguousOrMissingForms/missing
=== RUN   TestResolveGoalInputRejectsAmbiguousOrMissingForms/literal-and-file
=== RUN   TestResolveGoalInputRejectsAmbiguousOrMissingForms/file-and-id
--- PASS: TestResolveGoalInputRejectsAmbiguousOrMissingForms (0.00s)
    --- PASS: TestResolveGoalInputRejectsAmbiguousOrMissingForms/missing (0.00s)
    --- PASS: TestResolveGoalInputRejectsAmbiguousOrMissingForms/literal-and-file (0.00s)
    --- PASS: TestResolveGoalInputRejectsAmbiguousOrMissingForms/file-and-id (0.00s)
=== RUN   TestFrozenGoalsCommitMatchesGitAndHasNoParents
--- PASS: TestFrozenGoalsCommitMatchesGitAndHasNoParents (0.02s)
=== RUN   TestGoalsModelIsDistinctAndNoHistoricalVersionSubstitution
--- PASS: TestGoalsModelIsDistinctAndNoHistoricalVersionSubstitution (0.00s)
=== RUN   TestV5IsSingleAdditiveSuccessorAndKeepsV1ThroughV4
--- PASS: TestV5IsSingleAdditiveSuccessorAndKeepsV1ThroughV4 (0.00s)
=== RUN   TestGoalsRecoveryIntentRejectsStateAndLineageSubstitution
=== RUN   TestGoalsRecoveryIntentRejectsStateAndLineageSubstitution/destination
=== RUN   TestGoalsRecoveryIntentRejectsStateAndLineageSubstitution/commit
=== RUN   TestGoalsRecoveryIntentRejectsStateAndLineageSubstitution/unknown
=== RUN   TestGoalsRecoveryIntentRejectsStateAndLineageSubstitution/release
=== RUN   TestGoalsRecoveryIntentRejectsStateAndLineageSubstitution/effects
=== RUN   TestGoalsRecoveryIntentRejectsStateAndLineageSubstitution/predecessor
--- PASS: TestGoalsRecoveryIntentRejectsStateAndLineageSubstitution (0.00s)
    --- PASS: TestGoalsRecoveryIntentRejectsStateAndLineageSubstitution/destination (0.00s)
    --- PASS: TestGoalsRecoveryIntentRejectsStateAndLineageSubstitution/commit (0.00s)
    --- PASS: TestGoalsRecoveryIntentRejectsStateAndLineageSubstitution/unknown (0.00s)
    --- PASS: TestGoalsRecoveryIntentRejectsStateAndLineageSubstitution/release (0.00s)
    --- PASS: TestGoalsRecoveryIntentRejectsStateAndLineageSubstitution/effects (0.00s)
    --- PASS: TestGoalsRecoveryIntentRejectsStateAndLineageSubstitution/predecessor (0.00s)
=== RUN   TestGoalsChainedRecoveryIntentBindsPriorRecovery
--- PASS: TestGoalsChainedRecoveryIntentBindsPriorRecovery (0.00s)
=== RUN   TestOrderedRecoveryChainIsDeterministicAndRejectsOrderOrOmission
--- PASS: TestOrderedRecoveryChainIsDeterministicAndRejectsOrderOrOmission (0.00s)
=== RUN   TestFailedVerificationRecoveryClosesScopeAndPreservesFailedProof
--- PASS: TestFailedVerificationRecoveryClosesScopeAndPreservesFailedProof (0.00s)
=== RUN   TestFailedVerificationAssetPreconditionsAreNormative
--- PASS: TestFailedVerificationAssetPreconditionsAreNormative (0.00s)
=== RUN   TestFailedPublicationSuccessorContractClosesScopeAndBindsPredecessor
--- PASS: TestFailedPublicationSuccessorContractClosesScopeAndBindsPredecessor (0.00s)
=== RUN   TestExpiredHistoricalAuthorityEvidenceIsDistinctAndDeterministic
--- PASS: TestExpiredHistoricalAuthorityEvidenceIsDistinctAndDeterministic (0.00s)
=== RUN   TestExpiredHistoricalAuthorityEvidenceRejectsExecutableStatus
--- PASS: TestExpiredHistoricalAuthorityEvidenceRejectsExecutableStatus (0.00s)
=== RUN   TestInvocationContractUsesOwningCompatibilityPolicy
--- PASS: TestInvocationContractUsesOwningCompatibilityPolicy (0.00s)
=== RUN   TestPublisherGenerationSeparatesIdentityScopeAndAuthority
--- PASS: TestPublisherGenerationSeparatesIdentityScopeAndAuthority (0.00s)
=== RUN   TestPublisherGenerationRejectsInstallationPrincipal
--- PASS: TestPublisherGenerationRejectsInstallationPrincipal (0.00s)
=== RUN   TestCryptoProfileValidation
--- PASS: TestCryptoProfileValidation (0.00s)
=== RUN   TestCapabilityLeaseFailClosed
--- PASS: TestCapabilityLeaseFailClosed (0.00s)
=== RUN   TestApprovalRequiresExactBindingMode
--- PASS: TestApprovalRequiresExactBindingMode (0.00s)
=== RUN   TestActionIntentRequiresActorAndTarget
--- PASS: TestActionIntentRequiresActorAndTarget (0.00s)
=== RUN   TestSigningPreviewDigestBindsExactAuthority
--- PASS: TestSigningPreviewDigestBindsExactAuthority (0.00s)
=== RUN   TestVersionRegistryOwnsCompatibilityAndMigrationSemantics
--- PASS: TestVersionRegistryOwnsCompatibilityAndMigrationSemantics (0.00s)
=== RUN   TestVersionCatalogRejectsDuplicateSemanticOwnership
--- PASS: TestVersionCatalogRejectsDuplicateSemanticOwnership (0.00s)
=== RUN   TestContractUpgradeChangesOwningDefinitionAndMigrationOnly
--- PASS: TestContractUpgradeChangesOwningDefinitionAndMigrationOnly (0.00s)
=== RUN   TestMaterializeWorkPlanRequiresAcceptedAuthority
--- PASS: TestMaterializeWorkPlanRequiresAcceptedAuthority (0.00s)
=== RUN   TestMaterializeWorkPlanRejectsRelationshipsOutsideAcceptedSet
--- PASS: TestMaterializeWorkPlanRejectsRelationshipsOutsideAcceptedSet (0.00s)
=== RUN   TestMaterializeWorkPlanReturnsAcceptedCandidatesOnly
--- PASS: TestMaterializeWorkPlanReturnsAcceptedCandidatesOnly (0.00s)
=== RUN   TestAcceptWorkPlanSeparatesProposalAndAcceptanceAndBindsBaseline
--- PASS: TestAcceptWorkPlanSeparatesProposalAndAcceptanceAndBindsBaseline (0.00s)
=== RUN   TestAcceptWorkPlanRejectsSelfAcceptanceAndStaleBaseline
--- PASS: TestAcceptWorkPlanRejectsSelfAcceptanceAndStaleBaseline (0.00s)
=== RUN   TestAcceptWorkPlanRejectsModelAsIndependentPolicyAuthority
--- PASS: TestAcceptWorkPlanRejectsModelAsIndependentPolicyAuthority (0.00s)
=== RUN   TestWorkPlanProposalReviewRequiresIndependentGenerationAndExactBinding
--- PASS: TestWorkPlanProposalReviewRequiresIndependentGenerationAndExactBinding (0.00s)
=== RUN   TestOnlyAuthoritativeHardDependenciesBlockReadiness
--- PASS: TestOnlyAuthoritativeHardDependenciesBlockReadiness (0.00s)
=== RUN   TestModelCannotMintBlockingDependency
--- PASS: TestModelCannotMintBlockingDependency (0.00s)
=== RUN   TestRelationshipRequiresDurableProvenance
--- PASS: TestRelationshipRequiresDurableProvenance (0.00s)
=== RUN   TestSelectRunnableWorkUsesAuthoritativeReadinessAndStableOrder
--- PASS: TestSelectRunnableWorkUsesAuthoritativeReadinessAndStableOrder (0.00s)
=== RUN   TestSelectRunnableWorkFailsClosedForAmbiguousOrInferredAuthority
--- PASS: TestSelectRunnableWorkFailsClosedForAmbiguousOrInferredAuthority (0.00s)
=== RUN   TestSelectRunnableWorkReportsNoRunnableCandidate
--- PASS: TestSelectRunnableWorkReportsNoRunnableCandidate (0.00s)
=== RUN   TestAssessWorkCandidatesPreservesPartialBlockersAndParentState
--- PASS: TestAssessWorkCandidatesPreservesPartialBlockersAndParentState (0.00s)
PASS
ok  	github.com/convergent-systems-co/praxis/pkg/contracts	0.941s
