=== RUN   TestCommitTransitionAuthorizedLeaseConsumesOneShotAuthorityAtomically
--- PASS: TestCommitTransitionAuthorizedLeaseConsumesOneShotAuthorityAtomically (0.01s)
=== RUN   TestCommitTransitionAuthorizedLeaseDeniedRequestRollsBackEverything
--- PASS: TestCommitTransitionAuthorizedLeaseDeniedRequestRollsBackEverything (0.01s)
=== RUN   TestCommitTransitionAuthorizedLeaseRejectsRevokedLease
--- PASS: TestCommitTransitionAuthorizedLeaseRejectsRevokedLease (0.01s)
=== RUN   TestSQLiteEventStoreAppendLoadAndConflict
--- PASS: TestSQLiteEventStoreAppendLoadAndConflict (0.01s)
=== RUN   TestSQLiteEventStoreRejectsCommandIDMetadataHijack
--- PASS: TestSQLiteEventStoreRejectsCommandIDMetadataHijack (0.01s)
=== RUN   TestPackageActivationPublishesAndRemovesAliasesAndContents
--- PASS: TestPackageActivationPublishesAndRemovesAliasesAndContents (0.01s)
=== RUN   TestAgentOnlyAndMixedPackagesAreFirstClassContents
--- PASS: TestAgentOnlyAndMixedPackagesAreFirstClassContents (0.01s)
=== RUN   TestPackageCannotShadowCoreCommand
--- PASS: TestPackageCannotShadowCoreCommand (0.01s)
=== RUN   TestPackageAliasCollisionFailsWithoutChangingExistingOwner
--- PASS: TestPackageAliasCollisionFailsWithoutChangingExistingOwner (0.01s)
=== RUN   TestPackageUpdateAtomicallyReplacesAliasAndContentSurface
--- PASS: TestPackageUpdateAtomicallyReplacesAliasAndContentSurface (0.01s)
=== RUN   TestConsumePluginLeaseBindsInstanceAndConsumesUse
--- PASS: TestConsumePluginLeaseBindsInstanceAndConsumesUse (0.01s)
=== RUN   TestConsumePluginLeaseRejectsDifferentRuntimeInstance
--- PASS: TestConsumePluginLeaseRejectsDifferentRuntimeInstance (0.01s)
=== RUN   TestSQLiteCheckpointStorePersistsMonotonically
--- PASS: TestSQLiteCheckpointStorePersistsMonotonically (0.01s)
=== RUN   TestAmbiguousEffectFailsClosedWithoutReconciliation
--- PASS: TestAmbiguousEffectFailsClosedWithoutReconciliation (0.00s)
=== RUN   TestAmbiguousEffectReconcilesWhenSupported
--- PASS: TestAmbiguousEffectReconcilesWhenSupported (0.00s)
=== RUN   TestAmbiguousEffectCanRedispatchOnlyWithVerifiedIdempotency
--- PASS: TestAmbiguousEffectCanRedispatchOnlyWithVerifiedIdempotency (0.00s)
=== RUN   TestQualificationRunControlSurvivesSQLiteRestart
--- PASS: TestQualificationRunControlSurvivesSQLiteRestart (0.01s)
=== RUN   TestSQLiteRunControlLeaseSourceLoadsAndAuthorizesPersistedLease
--- PASS: TestSQLiteRunControlLeaseSourceLoadsAndAuthorizesPersistedLease (0.01s)
=== RUN   TestSQLiteRunControlLeaseSourcePreservesFiniteUseSemantics
--- PASS: TestSQLiteRunControlLeaseSourcePreservesFiniteUseSemantics (0.01s)
=== RUN   TestSecureBlobRoundTripStoresNoPlaintextColumn
--- PASS: TestSecureBlobRoundTripStoresNoPlaintextColumn (0.01s)
=== RUN   TestSecureBlobRejectsEnvelopeBoundToDifferentIdentity
--- PASS: TestSecureBlobRejectsEnvelopeBoundToDifferentIdentity (0.01s)
=== RUN   TestSecureBlobIsImmutableByVersion
--- PASS: TestSecureBlobIsImmutableByVersion (0.01s)
=== RUN   TestSecureBlobExpiryFailsClosed
--- PASS: TestSecureBlobExpiryFailsClosed (0.01s)
=== RUN   TestOpenSQLiteReadOnlyCannotMutateAuthoritativeState
--- PASS: TestOpenSQLiteReadOnlyCannotMutateAuthoritativeState (0.01s)
=== RUN   TestOpenSQLiteAppliesMigrationsAndPragmas
--- PASS: TestOpenSQLiteAppliesMigrationsAndPragmas (0.01s)
=== RUN   TestOpenSQLiteDoesNotReapplyLedgeredMigrations
--- PASS: TestOpenSQLiteDoesNotReapplyLedgeredMigrations (0.01s)
=== RUN   TestCommitTransitionIsAtomic
--- PASS: TestCommitTransitionIsAtomic (0.01s)
=== RUN   TestCommitTransitionRollsBackAuthorityOnVersionConflict
--- PASS: TestCommitTransitionRollsBackAuthorityOnVersionConflict (0.01s)
PASS
ok  	github.com/convergent-systems-co/praxis/internal/state	1.458s
=== RUN   TestSecurityReadRejectsEventualProjection
--- PASS: TestSecurityReadRejectsEventualProjection (0.00s)
=== RUN   TestStrongCheckpointRequiresFreshSequence
--- PASS: TestStrongCheckpointRequiresFreshSequence (0.00s)
=== RUN   TestProjectionCatchUpAdvancesCheckpoint
--- PASS: TestProjectionCatchUpAdvancesCheckpoint (0.00s)
=== RUN   TestProjectionFailureDoesNotAdvancePastFailedEvent
--- PASS: TestProjectionFailureDoesNotAdvancePastFailedEvent (0.00s)
=== RUN   TestRunProjectionRebuildsFromAuthoritativeEvents
--- PASS: TestRunProjectionRebuildsFromAuthoritativeEvents (0.00s)
PASS
ok  	github.com/convergent-systems-co/praxis/internal/projection	0.909s
