=== RUN   TestRepair5EvidencePowersetClassification
{
  "baseline_digest": "sha256:275194ef34be081150d3e0dbde71a415aac5939bebe6efb603541e24413a7b6b",
  "goal_id": "goal:pending-surface",
  "goal_version": "1",
  "operation": "import",
  "status": "authoritative"
}
{
  "baseline_digest": "sha256:275194ef34be081150d3e0dbde71a415aac5939bebe6efb603541e24413a7b6b",
  "goal_id": "goal:pending-surface",
  "goal_version": "1",
  "operation": "import",
  "status": "authoritative"
}
{
  "baseline_digest": "sha256:275194ef34be081150d3e0dbde71a415aac5939bebe6efb603541e24413a7b6b",
  "goal_id": "goal:pending-surface",
  "goal_version": "1",
  "operation": "import",
  "status": "authoritative"
}
{
  "baseline_digest": "sha256:275194ef34be081150d3e0dbde71a415aac5939bebe6efb603541e24413a7b6b",
  "goal_id": "goal:pending-surface",
  "goal_version": "1",
  "operation": "import",
  "status": "authoritative"
}
{
  "baseline_digest": "sha256:275194ef34be081150d3e0dbde71a415aac5939bebe6efb603541e24413a7b6b",
  "goal_id": "goal:pending-surface",
  "goal_version": "1",
  "operation": "import",
  "status": "authoritative"
}
{
  "baseline_digest": "sha256:275194ef34be081150d3e0dbde71a415aac5939bebe6efb603541e24413a7b6b",
  "goal_id": "goal:pending-surface",
  "goal_version": "1",
  "operation": "import",
  "status": "authoritative"
}
{
  "baseline_digest": "sha256:275194ef34be081150d3e0dbde71a415aac5939bebe6efb603541e24413a7b6b",
  "goal_id": "goal:pending-surface",
  "goal_version": "1",
  "operation": "import",
  "status": "authoritative"
}
{
  "baseline_digest": "sha256:275194ef34be081150d3e0dbde71a415aac5939bebe6efb603541e24413a7b6b",
  "goal_id": "goal:pending-surface",
  "goal_version": "1",
  "operation": "import",
  "status": "authoritative"
}
{
  "baseline_digest": "sha256:275194ef34be081150d3e0dbde71a415aac5939bebe6efb603541e24413a7b6b",
  "goal_id": "goal:pending-surface",
  "goal_version": "1",
  "operation": "import",
  "status": "authoritative"
}
{
  "baseline_digest": "sha256:275194ef34be081150d3e0dbde71a415aac5939bebe6efb603541e24413a7b6b",
  "goal_id": "goal:pending-surface",
  "goal_version": "1",
  "operation": "import",
  "status": "authoritative"
}
{
  "baseline_digest": "sha256:275194ef34be081150d3e0dbde71a415aac5939bebe6efb603541e24413a7b6b",
  "goal_id": "goal:pending-surface",
  "goal_version": "1",
  "operation": "import",
  "status": "authoritative"
}
{
  "baseline_digest": "sha256:275194ef34be081150d3e0dbde71a415aac5939bebe6efb603541e24413a7b6b",
  "goal_id": "goal:pending-surface",
  "goal_version": "1",
  "operation": "import",
  "status": "authoritative"
}
{
  "baseline_digest": "sha256:275194ef34be081150d3e0dbde71a415aac5939bebe6efb603541e24413a7b6b",
  "goal_id": "goal:pending-surface",
  "goal_version": "1",
  "operation": "import",
  "status": "authoritative"
}
{
  "baseline_digest": "sha256:275194ef34be081150d3e0dbde71a415aac5939bebe6efb603541e24413a7b6b",
  "goal_id": "goal:pending-surface",
  "goal_version": "1",
  "operation": "import",
  "status": "authoritative"
}
{
  "baseline_digest": "sha256:275194ef34be081150d3e0dbde71a415aac5939bebe6efb603541e24413a7b6b",
  "goal_id": "goal:pending-surface",
  "goal_version": "1",
  "operation": "import",
  "status": "authoritative"
}
{
  "baseline_digest": "sha256:275194ef34be081150d3e0dbde71a415aac5939bebe6efb603541e24413a7b6b",
  "goal_id": "goal:pending-surface",
  "goal_version": "1",
  "operation": "import",
  "status": "authoritative"
}
{
  "baseline_digest": "sha256:275194ef34be081150d3e0dbde71a415aac5939bebe6efb603541e24413a7b6b",
  "goal_id": "goal:pending-surface",
  "goal_version": "1",
  "operation": "import",
  "status": "authoritative"
}
{
  "baseline_digest": "sha256:275194ef34be081150d3e0dbde71a415aac5939bebe6efb603541e24413a7b6b",
  "goal_id": "goal:pending-surface",
  "goal_version": "1",
  "operation": "import",
  "status": "authoritative"
}
{
  "baseline_digest": "sha256:275194ef34be081150d3e0dbde71a415aac5939bebe6efb603541e24413a7b6b",
  "goal_id": "goal:pending-surface",
  "goal_version": "1",
  "operation": "import",
  "status": "authoritative"
}
{
  "baseline_digest": "sha256:275194ef34be081150d3e0dbde71a415aac5939bebe6efb603541e24413a7b6b",
  "goal_id": "goal:pending-surface",
  "goal_version": "1",
  "operation": "import",
  "status": "authoritative"
}
{
  "baseline_digest": "sha256:275194ef34be081150d3e0dbde71a415aac5939bebe6efb603541e24413a7b6b",
  "goal_id": "goal:pending-surface",
  "goal_version": "1",
  "operation": "import",
  "status": "authoritative"
}
{
  "baseline_digest": "sha256:275194ef34be081150d3e0dbde71a415aac5939bebe6efb603541e24413a7b6b",
  "goal_id": "goal:pending-surface",
  "goal_version": "1",
  "operation": "import",
  "status": "authoritative"
}
{
  "baseline_digest": "sha256:275194ef34be081150d3e0dbde71a415aac5939bebe6efb603541e24413a7b6b",
  "goal_id": "goal:pending-surface",
  "goal_version": "1",
  "operation": "import",
  "status": "authoritative"
}
{
  "baseline_digest": "sha256:275194ef34be081150d3e0dbde71a415aac5939bebe6efb603541e24413a7b6b",
  "goal_id": "goal:pending-surface",
  "goal_version": "1",
  "operation": "import",
  "status": "authoritative"
}
{
  "baseline_digest": "sha256:275194ef34be081150d3e0dbde71a415aac5939bebe6efb603541e24413a7b6b",
  "goal_id": "goal:pending-surface",
  "goal_version": "1",
  "operation": "import",
  "status": "authoritative"
}
{
  "baseline_digest": "sha256:275194ef34be081150d3e0dbde71a415aac5939bebe6efb603541e24413a7b6b",
  "goal_id": "goal:pending-surface",
  "goal_version": "1",
  "operation": "import",
  "status": "authoritative"
}
{
  "baseline_digest": "sha256:275194ef34be081150d3e0dbde71a415aac5939bebe6efb603541e24413a7b6b",
  "goal_id": "goal:pending-surface",
  "goal_version": "1",
  "operation": "import",
  "status": "authoritative"
}
{
  "baseline_digest": "sha256:275194ef34be081150d3e0dbde71a415aac5939bebe6efb603541e24413a7b6b",
  "goal_id": "goal:pending-surface",
  "goal_version": "1",
  "operation": "import",
  "status": "authoritative"
}
{
  "baseline_digest": "sha256:275194ef34be081150d3e0dbde71a415aac5939bebe6efb603541e24413a7b6b",
  "goal_id": "goal:pending-surface",
  "goal_version": "1",
  "operation": "import",
  "status": "authoritative"
}
{
  "baseline_digest": "sha256:275194ef34be081150d3e0dbde71a415aac5939bebe6efb603541e24413a7b6b",
  "goal_id": "goal:pending-surface",
  "goal_version": "1",
  "operation": "import",
  "status": "authoritative"
}
{
  "baseline_digest": "sha256:275194ef34be081150d3e0dbde71a415aac5939bebe6efb603541e24413a7b6b",
  "goal_id": "goal:pending-surface",
  "goal_version": "1",
  "operation": "import",
  "status": "authoritative"
}
{
  "baseline_digest": "sha256:275194ef34be081150d3e0dbde71a415aac5939bebe6efb603541e24413a7b6b",
  "goal_id": "goal:pending-surface",
  "goal_version": "1",
  "operation": "import",
  "status": "authoritative"
}
{
  "baseline_digest": "sha256:275194ef34be081150d3e0dbde71a415aac5939bebe6efb603541e24413a7b6b",
  "goal_id": "goal:pending-surface",
  "goal_version": "1",
  "operation": "import",
  "status": "authoritative"
}
{
  "baseline_digest": "sha256:275194ef34be081150d3e0dbde71a415aac5939bebe6efb603541e24413a7b6b",
  "goal_id": "goal:pending-surface",
  "goal_version": "1",
  "operation": "import",
  "status": "authoritative"
}
{
  "baseline_digest": "sha256:275194ef34be081150d3e0dbde71a415aac5939bebe6efb603541e24413a7b6b",
  "goal_id": "goal:pending-surface",
  "goal_version": "1",
  "operation": "import",
  "status": "authoritative"
}
{
  "baseline_digest": "sha256:275194ef34be081150d3e0dbde71a415aac5939bebe6efb603541e24413a7b6b",
  "goal_id": "goal:pending-surface",
  "goal_version": "1",
  "operation": "import",
  "status": "authoritative"
}
{
  "baseline_digest": "sha256:275194ef34be081150d3e0dbde71a415aac5939bebe6efb603541e24413a7b6b",
  "goal_id": "goal:pending-surface",
  "goal_version": "1",
  "operation": "import",
  "status": "authoritative"
}
{
  "baseline_digest": "sha256:275194ef34be081150d3e0dbde71a415aac5939bebe6efb603541e24413a7b6b",
  "goal_id": "goal:pending-surface",
  "goal_version": "1",
  "operation": "import",
  "status": "authoritative"
}
{
  "baseline_digest": "sha256:275194ef34be081150d3e0dbde71a415aac5939bebe6efb603541e24413a7b6b",
  "goal_id": "goal:pending-surface",
  "goal_version": "1",
  "operation": "import",
  "status": "authoritative"
}
{
  "baseline_digest": "sha256:275194ef34be081150d3e0dbde71a415aac5939bebe6efb603541e24413a7b6b",
  "goal_id": "goal:pending-surface",
  "goal_version": "1",
  "operation": "import",
  "status": "authoritative"
}
{
  "baseline_digest": "sha256:275194ef34be081150d3e0dbde71a415aac5939bebe6efb603541e24413a7b6b",
  "goal_id": "goal:pending-surface",
  "goal_version": "1",
  "operation": "import",
  "status": "authoritative"
}
{
  "baseline_digest": "sha256:275194ef34be081150d3e0dbde71a415aac5939bebe6efb603541e24413a7b6b",
  "goal_id": "goal:pending-surface",
  "goal_version": "1",
  "operation": "import",
  "status": "authoritative"
}
{
  "baseline_digest": "sha256:275194ef34be081150d3e0dbde71a415aac5939bebe6efb603541e24413a7b6b",
  "goal_id": "goal:pending-surface",
  "goal_version": "1",
  "operation": "import",
  "status": "authoritative"
}
{
  "baseline_digest": "sha256:275194ef34be081150d3e0dbde71a415aac5939bebe6efb603541e24413a7b6b",
  "goal_id": "goal:pending-surface",
  "goal_version": "1",
  "operation": "import",
  "status": "authoritative"
}
{
  "baseline_digest": "sha256:275194ef34be081150d3e0dbde71a415aac5939bebe6efb603541e24413a7b6b",
  "goal_id": "goal:pending-surface",
  "goal_version": "1",
  "operation": "import",
  "status": "authoritative"
}
{
  "baseline_digest": "sha256:275194ef34be081150d3e0dbde71a415aac5939bebe6efb603541e24413a7b6b",
  "goal_id": "goal:pending-surface",
  "goal_version": "1",
  "operation": "import",
  "status": "authoritative"
}
{
  "baseline_digest": "sha256:275194ef34be081150d3e0dbde71a415aac5939bebe6efb603541e24413a7b6b",
  "goal_id": "goal:pending-surface",
  "goal_version": "1",
  "operation": "import",
  "status": "authoritative"
}
{
  "baseline_digest": "sha256:275194ef34be081150d3e0dbde71a415aac5939bebe6efb603541e24413a7b6b",
  "goal_id": "goal:pending-surface",
  "goal_version": "1",
  "operation": "import",
  "status": "authoritative"
}
{
  "baseline_digest": "sha256:275194ef34be081150d3e0dbde71a415aac5939bebe6efb603541e24413a7b6b",
  "goal_id": "goal:pending-surface",
  "goal_version": "1",
  "operation": "import",
  "status": "authoritative"
}
{
  "baseline_digest": "sha256:275194ef34be081150d3e0dbde71a415aac5939bebe6efb603541e24413a7b6b",
  "goal_id": "goal:pending-surface",
  "goal_version": "1",
  "operation": "import",
  "status": "authoritative"
}
{
  "baseline_digest": "sha256:275194ef34be081150d3e0dbde71a415aac5939bebe6efb603541e24413a7b6b",
  "goal_id": "goal:pending-surface",
  "goal_version": "1",
  "operation": "import",
  "status": "authoritative"
}
{
  "baseline_digest": "sha256:275194ef34be081150d3e0dbde71a415aac5939bebe6efb603541e24413a7b6b",
  "goal_id": "goal:pending-surface",
  "goal_version": "1",
  "operation": "import",
  "status": "authoritative"
}
{
  "baseline_digest": "sha256:275194ef34be081150d3e0dbde71a415aac5939bebe6efb603541e24413a7b6b",
  "goal_id": "goal:pending-surface",
  "goal_version": "1",
  "operation": "import",
  "status": "authoritative"
}
{
  "baseline_digest": "sha256:275194ef34be081150d3e0dbde71a415aac5939bebe6efb603541e24413a7b6b",
  "goal_id": "goal:pending-surface",
  "goal_version": "1",
  "operation": "import",
  "status": "authoritative"
}
{
  "baseline_digest": "sha256:275194ef34be081150d3e0dbde71a415aac5939bebe6efb603541e24413a7b6b",
  "goal_id": "goal:pending-surface",
  "goal_version": "1",
  "operation": "import",
  "status": "authoritative"
}
{
  "baseline_digest": "sha256:275194ef34be081150d3e0dbde71a415aac5939bebe6efb603541e24413a7b6b",
  "goal_id": "goal:pending-surface",
  "goal_version": "1",
  "operation": "import",
  "status": "authoritative"
}
{
  "baseline_digest": "sha256:275194ef34be081150d3e0dbde71a415aac5939bebe6efb603541e24413a7b6b",
  "goal_id": "goal:pending-surface",
  "goal_version": "1",
  "operation": "import",
  "status": "authoritative"
}
{
  "baseline_digest": "sha256:275194ef34be081150d3e0dbde71a415aac5939bebe6efb603541e24413a7b6b",
  "goal_id": "goal:pending-surface",
  "goal_version": "1",
  "operation": "import",
  "status": "authoritative"
}
{
  "baseline_digest": "sha256:275194ef34be081150d3e0dbde71a415aac5939bebe6efb603541e24413a7b6b",
  "goal_id": "goal:pending-surface",
  "goal_version": "1",
  "operation": "import",
  "status": "authoritative"
}
{
  "baseline_digest": "sha256:275194ef34be081150d3e0dbde71a415aac5939bebe6efb603541e24413a7b6b",
  "goal_id": "goal:pending-surface",
  "goal_version": "1",
  "operation": "import",
  "status": "authoritative"
}
{
  "baseline_digest": "sha256:275194ef34be081150d3e0dbde71a415aac5939bebe6efb603541e24413a7b6b",
  "goal_id": "goal:pending-surface",
  "goal_version": "1",
  "operation": "import",
  "status": "authoritative"
}
{
  "baseline_digest": "sha256:275194ef34be081150d3e0dbde71a415aac5939bebe6efb603541e24413a7b6b",
  "goal_id": "goal:pending-surface",
  "goal_version": "1",
  "operation": "import",
  "status": "authoritative"
}
{
  "baseline_digest": "sha256:275194ef34be081150d3e0dbde71a415aac5939bebe6efb603541e24413a7b6b",
  "goal_id": "goal:pending-surface",
  "goal_version": "1",
  "operation": "import",
  "status": "authoritative"
}
{
  "baseline_digest": "sha256:275194ef34be081150d3e0dbde71a415aac5939bebe6efb603541e24413a7b6b",
  "goal_id": "goal:pending-surface",
  "goal_version": "1",
  "operation": "import",
  "status": "authoritative"
}
{
  "baseline_digest": "sha256:275194ef34be081150d3e0dbde71a415aac5939bebe6efb603541e24413a7b6b",
  "goal_id": "goal:pending-surface",
  "goal_version": "1",
  "operation": "import",
  "status": "authoritative"
}
{
  "baseline_digest": "sha256:275194ef34be081150d3e0dbde71a415aac5939bebe6efb603541e24413a7b6b",
  "goal_id": "goal:pending-surface",
  "goal_version": "1",
  "operation": "import",
  "status": "authoritative"
}
{
  "baseline_digest": "sha256:275194ef34be081150d3e0dbde71a415aac5939bebe6efb603541e24413a7b6b",
  "goal_id": "goal:pending-surface",
  "goal_version": "1",
  "operation": "import",
  "status": "authoritative"
}
{
  "baseline_digest": "sha256:275194ef34be081150d3e0dbde71a415aac5939bebe6efb603541e24413a7b6b",
  "goal_id": "goal:pending-surface",
  "goal_version": "1",
  "operation": "import",
  "status": "authoritative"
}
{
  "baseline_digest": "sha256:275194ef34be081150d3e0dbde71a415aac5939bebe6efb603541e24413a7b6b",
  "goal_id": "goal:pending-surface",
  "goal_version": "1",
  "operation": "import",
  "status": "authoritative"
}
{
  "baseline_digest": "sha256:275194ef34be081150d3e0dbde71a415aac5939bebe6efb603541e24413a7b6b",
  "goal_id": "goal:pending-surface",
  "goal_version": "1",
  "operation": "import",
  "status": "authoritative"
}
{
  "baseline_digest": "sha256:275194ef34be081150d3e0dbde71a415aac5939bebe6efb603541e24413a7b6b",
  "goal_id": "goal:pending-surface",
  "goal_version": "1",
  "operation": "import",
  "status": "authoritative"
}
{
  "baseline_digest": "sha256:275194ef34be081150d3e0dbde71a415aac5939bebe6efb603541e24413a7b6b",
  "goal_id": "goal:pending-surface",
  "goal_version": "1",
  "operation": "import",
  "status": "authoritative"
}
{
  "baseline_digest": "sha256:275194ef34be081150d3e0dbde71a415aac5939bebe6efb603541e24413a7b6b",
  "goal_id": "goal:pending-surface",
  "goal_version": "1",
  "operation": "import",
  "status": "authoritative"
}
{
  "baseline_digest": "sha256:275194ef34be081150d3e0dbde71a415aac5939bebe6efb603541e24413a7b6b",
  "goal_id": "goal:pending-surface",
  "goal_version": "1",
  "operation": "import",
  "status": "authoritative"
}
{
  "baseline_digest": "sha256:275194ef34be081150d3e0dbde71a415aac5939bebe6efb603541e24413a7b6b",
  "goal_id": "goal:pending-surface",
  "goal_version": "1",
  "operation": "import",
  "status": "authoritative"
}
{
  "baseline_digest": "sha256:275194ef34be081150d3e0dbde71a415aac5939bebe6efb603541e24413a7b6b",
  "goal_id": "goal:pending-surface",
  "goal_version": "1",
  "operation": "import",
  "status": "authoritative"
}
{
  "baseline_digest": "sha256:275194ef34be081150d3e0dbde71a415aac5939bebe6efb603541e24413a7b6b",
  "goal_id": "goal:pending-surface",
  "goal_version": "1",
  "operation": "import",
  "status": "authoritative"
}
{
  "baseline_digest": "sha256:275194ef34be081150d3e0dbde71a415aac5939bebe6efb603541e24413a7b6b",
  "goal_id": "goal:pending-surface",
  "goal_version": "1",
  "operation": "import",
  "status": "authoritative"
}
{
  "baseline_digest": "sha256:275194ef34be081150d3e0dbde71a415aac5939bebe6efb603541e24413a7b6b",
  "goal_id": "goal:pending-surface",
  "goal_version": "1",
  "operation": "import",
  "status": "authoritative"
}
{
  "baseline_digest": "sha256:275194ef34be081150d3e0dbde71a415aac5939bebe6efb603541e24413a7b6b",
  "goal_id": "goal:pending-surface",
  "goal_version": "1",
  "operation": "import",
  "status": "authoritative"
}
{
  "baseline_digest": "sha256:275194ef34be081150d3e0dbde71a415aac5939bebe6efb603541e24413a7b6b",
  "goal_id": "goal:pending-surface",
  "goal_version": "1",
  "operation": "import",
  "status": "authoritative"
}
{
  "baseline_digest": "sha256:275194ef34be081150d3e0dbde71a415aac5939bebe6efb603541e24413a7b6b",
  "goal_id": "goal:pending-surface",
  "goal_version": "1",
  "operation": "import",
  "status": "authoritative"
}
{
  "baseline_digest": "sha256:275194ef34be081150d3e0dbde71a415aac5939bebe6efb603541e24413a7b6b",
  "goal_id": "goal:pending-surface",
  "goal_version": "1",
  "operation": "import",
  "status": "authoritative"
}
{
  "baseline_digest": "sha256:275194ef34be081150d3e0dbde71a415aac5939bebe6efb603541e24413a7b6b",
  "goal_id": "goal:pending-surface",
  "goal_version": "1",
  "operation": "import",
  "status": "authoritative"
}
{
  "baseline_digest": "sha256:275194ef34be081150d3e0dbde71a415aac5939bebe6efb603541e24413a7b6b",
  "goal_id": "goal:pending-surface",
  "goal_version": "1",
  "operation": "import",
  "status": "authoritative"
}
{
  "baseline_digest": "sha256:275194ef34be081150d3e0dbde71a415aac5939bebe6efb603541e24413a7b6b",
  "goal_id": "goal:pending-surface",
  "goal_version": "1",
  "operation": "import",
  "status": "authoritative"
}
{
  "baseline_digest": "sha256:275194ef34be081150d3e0dbde71a415aac5939bebe6efb603541e24413a7b6b",
  "goal_id": "goal:pending-surface",
  "goal_version": "1",
  "operation": "import",
  "status": "authoritative"
}
{
  "baseline_digest": "sha256:275194ef34be081150d3e0dbde71a415aac5939bebe6efb603541e24413a7b6b",
  "goal_id": "goal:pending-surface",
  "goal_version": "1",
  "operation": "import",
  "status": "authoritative"
}
{
  "baseline_digest": "sha256:275194ef34be081150d3e0dbde71a415aac5939bebe6efb603541e24413a7b6b",
  "goal_id": "goal:pending-surface",
  "goal_version": "1",
  "operation": "import",
  "status": "authoritative"
}
{
  "baseline_digest": "sha256:275194ef34be081150d3e0dbde71a415aac5939bebe6efb603541e24413a7b6b",
  "goal_id": "goal:pending-surface",
  "goal_version": "1",
  "operation": "import",
  "status": "authoritative"
}
{
  "baseline_digest": "sha256:275194ef34be081150d3e0dbde71a415aac5939bebe6efb603541e24413a7b6b",
  "goal_id": "goal:pending-surface",
  "goal_version": "1",
  "operation": "import",
  "status": "authoritative"
}
{
  "baseline_digest": "sha256:275194ef34be081150d3e0dbde71a415aac5939bebe6efb603541e24413a7b6b",
  "goal_id": "goal:pending-surface",
  "goal_version": "1",
  "operation": "import",
  "status": "authoritative"
}
{
  "baseline_digest": "sha256:275194ef34be081150d3e0dbde71a415aac5939bebe6efb603541e24413a7b6b",
  "goal_id": "goal:pending-surface",
  "goal_version": "1",
  "operation": "import",
  "status": "authoritative"
}
{
  "baseline_digest": "sha256:275194ef34be081150d3e0dbde71a415aac5939bebe6efb603541e24413a7b6b",
  "goal_id": "goal:pending-surface",
  "goal_version": "1",
  "operation": "import",
  "status": "authoritative"
}
{
  "baseline_digest": "sha256:275194ef34be081150d3e0dbde71a415aac5939bebe6efb603541e24413a7b6b",
  "goal_id": "goal:pending-surface",
  "goal_version": "1",
  "operation": "import",
  "status": "authoritative"
}
{
  "baseline_digest": "sha256:275194ef34be081150d3e0dbde71a415aac5939bebe6efb603541e24413a7b6b",
  "goal_id": "goal:pending-surface",
  "goal_version": "1",
  "operation": "import",
  "status": "authoritative"
}
{
  "baseline_digest": "sha256:275194ef34be081150d3e0dbde71a415aac5939bebe6efb603541e24413a7b6b",
  "goal_id": "goal:pending-surface",
  "goal_version": "1",
  "operation": "import",
  "status": "authoritative"
}
{
  "baseline_digest": "sha256:275194ef34be081150d3e0dbde71a415aac5939bebe6efb603541e24413a7b6b",
  "goal_id": "goal:pending-surface",
  "goal_version": "1",
  "operation": "import",
  "status": "authoritative"
}
{
  "baseline_digest": "sha256:275194ef34be081150d3e0dbde71a415aac5939bebe6efb603541e24413a7b6b",
  "goal_id": "goal:pending-surface",
  "goal_version": "1",
  "operation": "import",
  "status": "authoritative"
}
{
  "baseline_digest": "sha256:275194ef34be081150d3e0dbde71a415aac5939bebe6efb603541e24413a7b6b",
  "goal_id": "goal:pending-surface",
  "goal_version": "1",
  "operation": "import",
  "status": "authoritative"
}
{
  "baseline_digest": "sha256:275194ef34be081150d3e0dbde71a415aac5939bebe6efb603541e24413a7b6b",
  "goal_id": "goal:pending-surface",
  "goal_version": "1",
  "operation": "import",
  "status": "authoritative"
}
{
  "baseline_digest": "sha256:275194ef34be081150d3e0dbde71a415aac5939bebe6efb603541e24413a7b6b",
  "goal_id": "goal:pending-surface",
  "goal_version": "1",
  "operation": "import",
  "status": "authoritative"
}
{
  "baseline_digest": "sha256:275194ef34be081150d3e0dbde71a415aac5939bebe6efb603541e24413a7b6b",
  "goal_id": "goal:pending-surface",
  "goal_version": "1",
  "operation": "import",
  "status": "authoritative"
}
{
  "baseline_digest": "sha256:275194ef34be081150d3e0dbde71a415aac5939bebe6efb603541e24413a7b6b",
  "goal_id": "goal:pending-surface",
  "goal_version": "1",
  "operation": "import",
  "status": "authoritative"
}
{
  "baseline_digest": "sha256:275194ef34be081150d3e0dbde71a415aac5939bebe6efb603541e24413a7b6b",
  "goal_id": "goal:pending-surface",
  "goal_version": "1",
  "operation": "import",
  "status": "authoritative"
}
{
  "baseline_digest": "sha256:275194ef34be081150d3e0dbde71a415aac5939bebe6efb603541e24413a7b6b",
  "goal_id": "goal:pending-surface",
  "goal_version": "1",
  "operation": "import",
  "status": "authoritative"
}
{
  "baseline_digest": "sha256:275194ef34be081150d3e0dbde71a415aac5939bebe6efb603541e24413a7b6b",
  "goal_id": "goal:pending-surface",
  "goal_version": "1",
  "operation": "import",
  "status": "authoritative"
}
{
  "baseline_digest": "sha256:275194ef34be081150d3e0dbde71a415aac5939bebe6efb603541e24413a7b6b",
  "goal_id": "goal:pending-surface",
  "goal_version": "1",
  "operation": "import",
  "status": "authoritative"
}
{
  "baseline_digest": "sha256:275194ef34be081150d3e0dbde71a415aac5939bebe6efb603541e24413a7b6b",
  "goal_id": "goal:pending-surface",
  "goal_version": "1",
  "operation": "import",
  "status": "authoritative"
}
{
  "baseline_digest": "sha256:275194ef34be081150d3e0dbde71a415aac5939bebe6efb603541e24413a7b6b",
  "goal_id": "goal:pending-surface",
  "goal_version": "1",
  "operation": "import",
  "status": "authoritative"
}
{
  "baseline_digest": "sha256:275194ef34be081150d3e0dbde71a415aac5939bebe6efb603541e24413a7b6b",
  "goal_id": "goal:pending-surface",
  "goal_version": "1",
  "operation": "import",
  "status": "authoritative"
}
{
  "baseline_digest": "sha256:275194ef34be081150d3e0dbde71a415aac5939bebe6efb603541e24413a7b6b",
  "goal_id": "goal:pending-surface",
  "goal_version": "1",
  "operation": "import",
  "status": "authoritative"
}
{
  "baseline_digest": "sha256:275194ef34be081150d3e0dbde71a415aac5939bebe6efb603541e24413a7b6b",
  "goal_id": "goal:pending-surface",
  "goal_version": "1",
  "operation": "import",
  "status": "authoritative"
}
{
  "baseline_digest": "sha256:275194ef34be081150d3e0dbde71a415aac5939bebe6efb603541e24413a7b6b",
  "goal_id": "goal:pending-surface",
  "goal_version": "1",
  "operation": "import",
  "status": "authoritative"
}
{
  "baseline_digest": "sha256:275194ef34be081150d3e0dbde71a415aac5939bebe6efb603541e24413a7b6b",
  "goal_id": "goal:pending-surface",
  "goal_version": "1",
  "operation": "import",
  "status": "authoritative"
}
{
  "baseline_digest": "sha256:275194ef34be081150d3e0dbde71a415aac5939bebe6efb603541e24413a7b6b",
  "goal_id": "goal:pending-surface",
  "goal_version": "1",
  "operation": "import",
  "status": "authoritative"
}
{
  "baseline_digest": "sha256:275194ef34be081150d3e0dbde71a415aac5939bebe6efb603541e24413a7b6b",
  "goal_id": "goal:pending-surface",
  "goal_version": "1",
  "operation": "import",
  "status": "authoritative"
}
{
  "baseline_digest": "sha256:275194ef34be081150d3e0dbde71a415aac5939bebe6efb603541e24413a7b6b",
  "goal_id": "goal:pending-surface",
  "goal_version": "1",
  "operation": "import",
  "status": "authoritative"
}
{
  "baseline_digest": "sha256:275194ef34be081150d3e0dbde71a415aac5939bebe6efb603541e24413a7b6b",
  "goal_id": "goal:pending-surface",
  "goal_version": "1",
  "operation": "import",
  "status": "authoritative"
}
{
  "baseline_digest": "sha256:275194ef34be081150d3e0dbde71a415aac5939bebe6efb603541e24413a7b6b",
  "goal_id": "goal:pending-surface",
  "goal_version": "1",
  "operation": "import",
  "status": "authoritative"
}
{
  "baseline_digest": "sha256:275194ef34be081150d3e0dbde71a415aac5939bebe6efb603541e24413a7b6b",
  "goal_id": "goal:pending-surface",
  "goal_version": "1",
  "operation": "import",
  "status": "authoritative"
}
{
  "baseline_digest": "sha256:275194ef34be081150d3e0dbde71a415aac5939bebe6efb603541e24413a7b6b",
  "goal_id": "goal:pending-surface",
  "goal_version": "1",
  "operation": "import",
  "status": "authoritative"
}
{
  "baseline_digest": "sha256:275194ef34be081150d3e0dbde71a415aac5939bebe6efb603541e24413a7b6b",
  "goal_id": "goal:pending-surface",
  "goal_version": "1",
  "operation": "import",
  "status": "authoritative"
}
{
  "baseline_digest": "sha256:275194ef34be081150d3e0dbde71a415aac5939bebe6efb603541e24413a7b6b",
  "goal_id": "goal:pending-surface",
  "goal_version": "1",
  "operation": "import",
  "status": "authoritative"
}
{
  "baseline_digest": "sha256:275194ef34be081150d3e0dbde71a415aac5939bebe6efb603541e24413a7b6b",
  "goal_id": "goal:pending-surface",
  "goal_version": "1",
  "operation": "import",
  "status": "authoritative"
}
{
  "baseline_digest": "sha256:275194ef34be081150d3e0dbde71a415aac5939bebe6efb603541e24413a7b6b",
  "goal_id": "goal:pending-surface",
  "goal_version": "1",
  "operation": "import",
  "status": "authoritative"
}
{
  "baseline_digest": "sha256:275194ef34be081150d3e0dbde71a415aac5939bebe6efb603541e24413a7b6b",
  "goal_id": "goal:pending-surface",
  "goal_version": "1",
  "operation": "import",
  "status": "authoritative"
}
{
  "baseline_digest": "sha256:275194ef34be081150d3e0dbde71a415aac5939bebe6efb603541e24413a7b6b",
  "goal_id": "goal:pending-surface",
  "goal_version": "1",
  "operation": "import",
  "status": "authoritative"
}
{
  "baseline_digest": "sha256:275194ef34be081150d3e0dbde71a415aac5939bebe6efb603541e24413a7b6b",
  "goal_id": "goal:pending-surface",
  "goal_version": "1",
  "operation": "import",
  "status": "authoritative"
}
{
  "baseline_digest": "sha256:275194ef34be081150d3e0dbde71a415aac5939bebe6efb603541e24413a7b6b",
  "goal_id": "goal:pending-surface",
  "goal_version": "1",
  "operation": "import",
  "status": "authoritative"
}
{
  "baseline_digest": "sha256:275194ef34be081150d3e0dbde71a415aac5939bebe6efb603541e24413a7b6b",
  "goal_id": "goal:pending-surface",
  "goal_version": "1",
  "operation": "import",
  "status": "authoritative"
}
{
  "baseline_digest": "sha256:275194ef34be081150d3e0dbde71a415aac5939bebe6efb603541e24413a7b6b",
  "goal_id": "goal:pending-surface",
  "goal_version": "1",
  "operation": "import",
  "status": "authoritative"
}
{
  "baseline_digest": "sha256:275194ef34be081150d3e0dbde71a415aac5939bebe6efb603541e24413a7b6b",
  "goal_id": "goal:pending-surface",
  "goal_version": "1",
  "operation": "import",
  "status": "authoritative"
}
{
  "baseline_digest": "sha256:275194ef34be081150d3e0dbde71a415aac5939bebe6efb603541e24413a7b6b",
  "goal_id": "goal:pending-surface",
  "goal_version": "1",
  "operation": "import",
  "status": "authoritative"
}
{
  "baseline_digest": "sha256:275194ef34be081150d3e0dbde71a415aac5939bebe6efb603541e24413a7b6b",
  "goal_id": "goal:pending-surface",
  "goal_version": "1",
  "operation": "import",
  "status": "authoritative"
}
{
  "baseline_digest": "sha256:275194ef34be081150d3e0dbde71a415aac5939bebe6efb603541e24413a7b6b",
  "goal_id": "goal:pending-surface",
  "goal_version": "1",
  "operation": "import",
  "status": "authoritative"
}
{
  "baseline_digest": "sha256:275194ef34be081150d3e0dbde71a415aac5939bebe6efb603541e24413a7b6b",
  "goal_id": "goal:pending-surface",
  "goal_version": "1",
  "operation": "import",
  "status": "authoritative"
}
{
  "baseline_digest": "sha256:275194ef34be081150d3e0dbde71a415aac5939bebe6efb603541e24413a7b6b",
  "goal_id": "goal:pending-surface",
  "goal_version": "1",
  "operation": "import",
  "status": "authoritative"
}
{
  "baseline_digest": "sha256:275194ef34be081150d3e0dbde71a415aac5939bebe6efb603541e24413a7b6b",
  "goal_id": "goal:pending-surface",
  "goal_version": "1",
  "operation": "import",
  "status": "authoritative"
}
{
  "baseline_digest": "sha256:275194ef34be081150d3e0dbde71a415aac5939bebe6efb603541e24413a7b6b",
  "goal_id": "goal:pending-surface",
  "goal_version": "1",
  "operation": "import",
  "status": "authoritative"
}
{
  "baseline_digest": "sha256:275194ef34be081150d3e0dbde71a415aac5939bebe6efb603541e24413a7b6b",
  "goal_id": "goal:pending-surface",
  "goal_version": "1",
  "operation": "import",
  "status": "authoritative"
}
{
  "baseline_digest": "sha256:275194ef34be081150d3e0dbde71a415aac5939bebe6efb603541e24413a7b6b",
  "goal_id": "goal:pending-surface",
  "goal_version": "1",
  "operation": "import",
  "status": "authoritative"
}
{
  "baseline_digest": "sha256:275194ef34be081150d3e0dbde71a415aac5939bebe6efb603541e24413a7b6b",
  "goal_id": "goal:pending-surface",
  "goal_version": "1",
  "operation": "import",
  "status": "authoritative"
}
{
  "baseline_digest": "sha256:275194ef34be081150d3e0dbde71a415aac5939bebe6efb603541e24413a7b6b",
  "goal_id": "goal:pending-surface",
  "goal_version": "1",
  "operation": "import",
  "status": "authoritative"
}
{
  "baseline_digest": "sha256:275194ef34be081150d3e0dbde71a415aac5939bebe6efb603541e24413a7b6b",
  "goal_id": "goal:pending-surface",
  "goal_version": "1",
  "operation": "import",
  "status": "authoritative"
}
{
  "baseline_digest": "sha256:275194ef34be081150d3e0dbde71a415aac5939bebe6efb603541e24413a7b6b",
  "goal_id": "goal:pending-surface",
  "goal_version": "1",
  "operation": "import",
  "status": "authoritative"
}
{
  "baseline_digest": "sha256:275194ef34be081150d3e0dbde71a415aac5939bebe6efb603541e24413a7b6b",
  "goal_id": "goal:pending-surface",
  "goal_version": "1",
  "operation": "import",
  "status": "authoritative"
}
{
  "baseline_digest": "sha256:275194ef34be081150d3e0dbde71a415aac5939bebe6efb603541e24413a7b6b",
  "goal_id": "goal:pending-surface",
  "goal_version": "1",
  "operation": "import",
  "status": "authoritative"
}
{
  "baseline_digest": "sha256:275194ef34be081150d3e0dbde71a415aac5939bebe6efb603541e24413a7b6b",
  "goal_id": "goal:pending-surface",
  "goal_version": "1",
  "operation": "import",
  "status": "authoritative"
}
{
  "baseline_digest": "sha256:275194ef34be081150d3e0dbde71a415aac5939bebe6efb603541e24413a7b6b",
  "goal_id": "goal:pending-surface",
  "goal_version": "1",
  "operation": "import",
  "status": "authoritative"
}
{
  "baseline_digest": "sha256:275194ef34be081150d3e0dbde71a415aac5939bebe6efb603541e24413a7b6b",
  "goal_id": "goal:pending-surface",
  "goal_version": "1",
  "operation": "import",
  "status": "authoritative"
}
{
  "baseline_digest": "sha256:275194ef34be081150d3e0dbde71a415aac5939bebe6efb603541e24413a7b6b",
  "goal_id": "goal:pending-surface",
  "goal_version": "1",
  "operation": "import",
  "status": "authoritative"
}
{
  "baseline_digest": "sha256:275194ef34be081150d3e0dbde71a415aac5939bebe6efb603541e24413a7b6b",
  "goal_id": "goal:pending-surface",
  "goal_version": "1",
  "operation": "import",
  "status": "authoritative"
}
{
  "baseline_digest": "sha256:275194ef34be081150d3e0dbde71a415aac5939bebe6efb603541e24413a7b6b",
  "goal_id": "goal:pending-surface",
  "goal_version": "1",
  "operation": "import",
  "status": "authoritative"
}
{
  "baseline_digest": "sha256:275194ef34be081150d3e0dbde71a415aac5939bebe6efb603541e24413a7b6b",
  "goal_id": "goal:pending-surface",
  "goal_version": "1",
  "operation": "import",
  "status": "authoritative"
}
{
  "baseline_digest": "sha256:275194ef34be081150d3e0dbde71a415aac5939bebe6efb603541e24413a7b6b",
  "goal_id": "goal:pending-surface",
  "goal_version": "1",
  "operation": "import",
  "status": "authoritative"
}
{
  "baseline_digest": "sha256:275194ef34be081150d3e0dbde71a415aac5939bebe6efb603541e24413a7b6b",
  "goal_id": "goal:pending-surface",
  "goal_version": "1",
  "operation": "import",
  "status": "authoritative"
}
{
  "baseline_digest": "sha256:275194ef34be081150d3e0dbde71a415aac5939bebe6efb603541e24413a7b6b",
  "goal_id": "goal:pending-surface",
  "goal_version": "1",
  "operation": "import",
  "status": "authoritative"
}
{
  "baseline_digest": "sha256:275194ef34be081150d3e0dbde71a415aac5939bebe6efb603541e24413a7b6b",
  "goal_id": "goal:pending-surface",
  "goal_version": "1",
  "operation": "import",
  "status": "authoritative"
}
{
  "baseline_digest": "sha256:275194ef34be081150d3e0dbde71a415aac5939bebe6efb603541e24413a7b6b",
  "goal_id": "goal:pending-surface",
  "goal_version": "1",
  "operation": "import",
  "status": "authoritative"
}
{
  "baseline_digest": "sha256:275194ef34be081150d3e0dbde71a415aac5939bebe6efb603541e24413a7b6b",
  "goal_id": "goal:pending-surface",
  "goal_version": "1",
  "operation": "import",
  "status": "authoritative"
}
{
  "baseline_digest": "sha256:275194ef34be081150d3e0dbde71a415aac5939bebe6efb603541e24413a7b6b",
  "goal_id": "goal:pending-surface",
  "goal_version": "1",
  "operation": "import",
  "status": "authoritative"
}
{
  "baseline_digest": "sha256:275194ef34be081150d3e0dbde71a415aac5939bebe6efb603541e24413a7b6b",
  "goal_id": "goal:pending-surface",
  "goal_version": "1",
  "operation": "import",
  "status": "authoritative"
}
{
  "baseline_digest": "sha256:275194ef34be081150d3e0dbde71a415aac5939bebe6efb603541e24413a7b6b",
  "goal_id": "goal:pending-surface",
  "goal_version": "1",
  "operation": "import",
  "status": "authoritative"
}
{
  "baseline_digest": "sha256:275194ef34be081150d3e0dbde71a415aac5939bebe6efb603541e24413a7b6b",
  "goal_id": "goal:pending-surface",
  "goal_version": "1",
  "operation": "import",
  "status": "authoritative"
}
{
  "baseline_digest": "sha256:275194ef34be081150d3e0dbde71a415aac5939bebe6efb603541e24413a7b6b",
  "goal_id": "goal:pending-surface",
  "goal_version": "1",
  "operation": "import",
  "status": "authoritative"
}
{
  "baseline_digest": "sha256:275194ef34be081150d3e0dbde71a415aac5939bebe6efb603541e24413a7b6b",
  "goal_id": "goal:pending-surface",
  "goal_version": "1",
  "operation": "import",
  "status": "authoritative"
}
{
  "baseline_digest": "sha256:275194ef34be081150d3e0dbde71a415aac5939bebe6efb603541e24413a7b6b",
  "goal_id": "goal:pending-surface",
  "goal_version": "1",
  "operation": "import",
  "status": "authoritative"
}
{
  "baseline_digest": "sha256:275194ef34be081150d3e0dbde71a415aac5939bebe6efb603541e24413a7b6b",
  "goal_id": "goal:pending-surface",
  "goal_version": "1",
  "operation": "import",
  "status": "authoritative"
}
{
  "baseline_digest": "sha256:275194ef34be081150d3e0dbde71a415aac5939bebe6efb603541e24413a7b6b",
  "goal_id": "goal:pending-surface",
  "goal_version": "1",
  "operation": "import",
  "status": "authoritative"
}
{
  "baseline_digest": "sha256:275194ef34be081150d3e0dbde71a415aac5939bebe6efb603541e24413a7b6b",
  "goal_id": "goal:pending-surface",
  "goal_version": "1",
  "operation": "import",
  "status": "authoritative"
}
{
  "baseline_digest": "sha256:275194ef34be081150d3e0dbde71a415aac5939bebe6efb603541e24413a7b6b",
  "goal_id": "goal:pending-surface",
  "goal_version": "1",
  "operation": "import",
  "status": "authoritative"
}
{
  "baseline_digest": "sha256:275194ef34be081150d3e0dbde71a415aac5939bebe6efb603541e24413a7b6b",
  "goal_id": "goal:pending-surface",
  "goal_version": "1",
  "operation": "import",
  "status": "authoritative"
}
{
  "baseline_digest": "sha256:275194ef34be081150d3e0dbde71a415aac5939bebe6efb603541e24413a7b6b",
  "goal_id": "goal:pending-surface",
  "goal_version": "1",
  "operation": "import",
  "status": "authoritative"
}
{
  "baseline_digest": "sha256:275194ef34be081150d3e0dbde71a415aac5939bebe6efb603541e24413a7b6b",
  "goal_id": "goal:pending-surface",
  "goal_version": "1",
  "operation": "import",
  "status": "authoritative"
}
{
  "baseline_digest": "sha256:275194ef34be081150d3e0dbde71a415aac5939bebe6efb603541e24413a7b6b",
  "goal_id": "goal:pending-surface",
  "goal_version": "1",
  "operation": "import",
  "status": "authoritative"
}
{
  "baseline_digest": "sha256:275194ef34be081150d3e0dbde71a415aac5939bebe6efb603541e24413a7b6b",
  "goal_id": "goal:pending-surface",
  "goal_version": "1",
  "operation": "import",
  "status": "authoritative"
}
{
  "baseline_digest": "sha256:275194ef34be081150d3e0dbde71a415aac5939bebe6efb603541e24413a7b6b",
  "goal_id": "goal:pending-surface",
  "goal_version": "1",
  "operation": "import",
  "status": "authoritative"
}
{
  "baseline_digest": "sha256:275194ef34be081150d3e0dbde71a415aac5939bebe6efb603541e24413a7b6b",
  "goal_id": "goal:pending-surface",
  "goal_version": "1",
  "operation": "import",
  "status": "authoritative"
}
{
  "baseline_digest": "sha256:275194ef34be081150d3e0dbde71a415aac5939bebe6efb603541e24413a7b6b",
  "goal_id": "goal:pending-surface",
  "goal_version": "1",
  "operation": "import",
  "status": "authoritative"
}
{
  "baseline_digest": "sha256:275194ef34be081150d3e0dbde71a415aac5939bebe6efb603541e24413a7b6b",
  "goal_id": "goal:pending-surface",
  "goal_version": "1",
  "operation": "import",
  "status": "authoritative"
}
{
  "baseline_digest": "sha256:275194ef34be081150d3e0dbde71a415aac5939bebe6efb603541e24413a7b6b",
  "goal_id": "goal:pending-surface",
  "goal_version": "1",
  "operation": "import",
  "status": "authoritative"
}
{
  "baseline_digest": "sha256:275194ef34be081150d3e0dbde71a415aac5939bebe6efb603541e24413a7b6b",
  "goal_id": "goal:pending-surface",
  "goal_version": "1",
  "operation": "import",
  "status": "authoritative"
}
{
  "baseline_digest": "sha256:275194ef34be081150d3e0dbde71a415aac5939bebe6efb603541e24413a7b6b",
  "goal_id": "goal:pending-surface",
  "goal_version": "1",
  "operation": "import",
  "status": "authoritative"
}
{
  "baseline_digest": "sha256:275194ef34be081150d3e0dbde71a415aac5939bebe6efb603541e24413a7b6b",
  "goal_id": "goal:pending-surface",
  "goal_version": "1",
  "operation": "import",
  "status": "authoritative"
}
{
  "baseline_digest": "sha256:275194ef34be081150d3e0dbde71a415aac5939bebe6efb603541e24413a7b6b",
  "goal_id": "goal:pending-surface",
  "goal_version": "1",
  "operation": "import",
  "status": "authoritative"
}
{
  "baseline_digest": "sha256:275194ef34be081150d3e0dbde71a415aac5939bebe6efb603541e24413a7b6b",
  "goal_id": "goal:pending-surface",
  "goal_version": "1",
  "operation": "import",
  "status": "authoritative"
}
{
  "baseline_digest": "sha256:275194ef34be081150d3e0dbde71a415aac5939bebe6efb603541e24413a7b6b",
  "goal_id": "goal:pending-surface",
  "goal_version": "1",
  "operation": "import",
  "status": "authoritative"
}
{
  "baseline_digest": "sha256:275194ef34be081150d3e0dbde71a415aac5939bebe6efb603541e24413a7b6b",
  "goal_id": "goal:pending-surface",
  "goal_version": "1",
  "operation": "import",
  "status": "authoritative"
}
{
  "baseline_digest": "sha256:275194ef34be081150d3e0dbde71a415aac5939bebe6efb603541e24413a7b6b",
  "goal_id": "goal:pending-surface",
  "goal_version": "1",
  "operation": "import",
  "status": "authoritative"
}
{
  "baseline_digest": "sha256:275194ef34be081150d3e0dbde71a415aac5939bebe6efb603541e24413a7b6b",
  "goal_id": "goal:pending-surface",
  "goal_version": "1",
  "operation": "import",
  "status": "authoritative"
}
{
  "baseline_digest": "sha256:275194ef34be081150d3e0dbde71a415aac5939bebe6efb603541e24413a7b6b",
  "goal_id": "goal:pending-surface",
  "goal_version": "1",
  "operation": "import",
  "status": "authoritative"
}
{
  "baseline_digest": "sha256:275194ef34be081150d3e0dbde71a415aac5939bebe6efb603541e24413a7b6b",
  "goal_id": "goal:pending-surface",
  "goal_version": "1",
  "operation": "import",
  "status": "authoritative"
}
{
  "baseline_digest": "sha256:275194ef34be081150d3e0dbde71a415aac5939bebe6efb603541e24413a7b6b",
  "goal_id": "goal:pending-surface",
  "goal_version": "1",
  "operation": "import",
  "status": "authoritative"
}
{
  "baseline_digest": "sha256:275194ef34be081150d3e0dbde71a415aac5939bebe6efb603541e24413a7b6b",
  "goal_id": "goal:pending-surface",
  "goal_version": "1",
  "operation": "import",
  "status": "authoritative"
}
{
  "baseline_digest": "sha256:275194ef34be081150d3e0dbde71a415aac5939bebe6efb603541e24413a7b6b",
  "goal_id": "goal:pending-surface",
  "goal_version": "1",
  "operation": "import",
  "status": "authoritative"
}
{
  "baseline_digest": "sha256:275194ef34be081150d3e0dbde71a415aac5939bebe6efb603541e24413a7b6b",
  "goal_id": "goal:pending-surface",
  "goal_version": "1",
  "operation": "import",
  "status": "authoritative"
}
{
  "baseline_digest": "sha256:275194ef34be081150d3e0dbde71a415aac5939bebe6efb603541e24413a7b6b",
  "goal_id": "goal:pending-surface",
  "goal_version": "1",
  "operation": "import",
  "status": "authoritative"
}
{
  "baseline_digest": "sha256:275194ef34be081150d3e0dbde71a415aac5939bebe6efb603541e24413a7b6b",
  "goal_id": "goal:pending-surface",
  "goal_version": "1",
  "operation": "import",
  "status": "authoritative"
}
{
  "baseline_digest": "sha256:275194ef34be081150d3e0dbde71a415aac5939bebe6efb603541e24413a7b6b",
  "goal_id": "goal:pending-surface",
  "goal_version": "1",
  "operation": "import",
  "status": "authoritative"
}
{
  "baseline_digest": "sha256:275194ef34be081150d3e0dbde71a415aac5939bebe6efb603541e24413a7b6b",
  "goal_id": "goal:pending-surface",
  "goal_version": "1",
  "operation": "import",
  "status": "authoritative"
}
{
  "baseline_digest": "sha256:275194ef34be081150d3e0dbde71a415aac5939bebe6efb603541e24413a7b6b",
  "goal_id": "goal:pending-surface",
  "goal_version": "1",
  "operation": "import",
  "status": "authoritative"
}
{
  "baseline_digest": "sha256:275194ef34be081150d3e0dbde71a415aac5939bebe6efb603541e24413a7b6b",
  "goal_id": "goal:pending-surface",
  "goal_version": "1",
  "operation": "import",
  "status": "authoritative"
}
{
  "baseline_digest": "sha256:275194ef34be081150d3e0dbde71a415aac5939bebe6efb603541e24413a7b6b",
  "goal_id": "goal:pending-surface",
  "goal_version": "1",
  "operation": "import",
  "status": "authoritative"
}
{
  "baseline_digest": "sha256:275194ef34be081150d3e0dbde71a415aac5939bebe6efb603541e24413a7b6b",
  "goal_id": "goal:pending-surface",
  "goal_version": "1",
  "operation": "import",
  "status": "authoritative"
}
{
  "baseline_digest": "sha256:275194ef34be081150d3e0dbde71a415aac5939bebe6efb603541e24413a7b6b",
  "goal_id": "goal:pending-surface",
  "goal_version": "1",
  "operation": "import",
  "status": "authoritative"
}
{
  "baseline_digest": "sha256:275194ef34be081150d3e0dbde71a415aac5939bebe6efb603541e24413a7b6b",
  "goal_id": "goal:pending-surface",
  "goal_version": "1",
  "operation": "import",
  "status": "authoritative"
}
{
  "baseline_digest": "sha256:275194ef34be081150d3e0dbde71a415aac5939bebe6efb603541e24413a7b6b",
  "goal_id": "goal:pending-surface",
  "goal_version": "1",
  "operation": "import",
  "status": "authoritative"
}
{
  "baseline_digest": "sha256:275194ef34be081150d3e0dbde71a415aac5939bebe6efb603541e24413a7b6b",
  "goal_id": "goal:pending-surface",
  "goal_version": "1",
  "operation": "import",
  "status": "authoritative"
}
{
  "baseline_digest": "sha256:275194ef34be081150d3e0dbde71a415aac5939bebe6efb603541e24413a7b6b",
  "goal_id": "goal:pending-surface",
  "goal_version": "1",
  "operation": "import",
  "status": "authoritative"
}
{
  "baseline_digest": "sha256:275194ef34be081150d3e0dbde71a415aac5939bebe6efb603541e24413a7b6b",
  "goal_id": "goal:pending-surface",
  "goal_version": "1",
  "operation": "import",
  "status": "authoritative"
}
{
  "baseline_digest": "sha256:275194ef34be081150d3e0dbde71a415aac5939bebe6efb603541e24413a7b6b",
  "goal_id": "goal:pending-surface",
  "goal_version": "1",
  "operation": "import",
  "status": "authoritative"
}
{
  "baseline_digest": "sha256:275194ef34be081150d3e0dbde71a415aac5939bebe6efb603541e24413a7b6b",
  "goal_id": "goal:pending-surface",
  "goal_version": "1",
  "operation": "import",
  "status": "authoritative"
}
{
  "baseline_digest": "sha256:275194ef34be081150d3e0dbde71a415aac5939bebe6efb603541e24413a7b6b",
  "goal_id": "goal:pending-surface",
  "goal_version": "1",
  "operation": "import",
  "status": "authoritative"
}
{
  "baseline_digest": "sha256:275194ef34be081150d3e0dbde71a415aac5939bebe6efb603541e24413a7b6b",
  "goal_id": "goal:pending-surface",
  "goal_version": "1",
  "operation": "import",
  "status": "authoritative"
}
{
  "baseline_digest": "sha256:275194ef34be081150d3e0dbde71a415aac5939bebe6efb603541e24413a7b6b",
  "goal_id": "goal:pending-surface",
  "goal_version": "1",
  "operation": "import",
  "status": "authoritative"
}
{
  "baseline_digest": "sha256:275194ef34be081150d3e0dbde71a415aac5939bebe6efb603541e24413a7b6b",
  "goal_id": "goal:pending-surface",
  "goal_version": "1",
  "operation": "import",
  "status": "authoritative"
}
{
  "baseline_digest": "sha256:275194ef34be081150d3e0dbde71a415aac5939bebe6efb603541e24413a7b6b",
  "goal_id": "goal:pending-surface",
  "goal_version": "1",
  "operation": "import",
  "status": "authoritative"
}
{
  "baseline_digest": "sha256:275194ef34be081150d3e0dbde71a415aac5939bebe6efb603541e24413a7b6b",
  "goal_id": "goal:pending-surface",
  "goal_version": "1",
  "operation": "import",
  "status": "authoritative"
}
{
  "baseline_digest": "sha256:275194ef34be081150d3e0dbde71a415aac5939bebe6efb603541e24413a7b6b",
  "goal_id": "goal:pending-surface",
  "goal_version": "1",
  "operation": "import",
  "status": "authoritative"
}
{
  "baseline_digest": "sha256:275194ef34be081150d3e0dbde71a415aac5939bebe6efb603541e24413a7b6b",
  "goal_id": "goal:pending-surface",
  "goal_version": "1",
  "operation": "import",
  "status": "authoritative"
}
{
  "baseline_digest": "sha256:275194ef34be081150d3e0dbde71a415aac5939bebe6efb603541e24413a7b6b",
  "goal_id": "goal:pending-surface",
  "goal_version": "1",
  "operation": "import",
  "status": "authoritative"
}
{
  "baseline_digest": "sha256:275194ef34be081150d3e0dbde71a415aac5939bebe6efb603541e24413a7b6b",
  "goal_id": "goal:pending-surface",
  "goal_version": "1",
  "operation": "import",
  "status": "authoritative"
}
{
  "baseline_digest": "sha256:275194ef34be081150d3e0dbde71a415aac5939bebe6efb603541e24413a7b6b",
  "goal_id": "goal:pending-surface",
  "goal_version": "1",
  "operation": "import",
  "status": "authoritative"
}
{
  "baseline_digest": "sha256:275194ef34be081150d3e0dbde71a415aac5939bebe6efb603541e24413a7b6b",
  "goal_id": "goal:pending-surface",
  "goal_version": "1",
  "operation": "import",
  "status": "authoritative"
}
{
  "baseline_digest": "sha256:275194ef34be081150d3e0dbde71a415aac5939bebe6efb603541e24413a7b6b",
  "goal_id": "goal:pending-surface",
  "goal_version": "1",
  "operation": "import",
  "status": "authoritative"
}
{
  "baseline_digest": "sha256:275194ef34be081150d3e0dbde71a415aac5939bebe6efb603541e24413a7b6b",
  "goal_id": "goal:pending-surface",
  "goal_version": "1",
  "operation": "import",
  "status": "authoritative"
}
{
  "baseline_digest": "sha256:275194ef34be081150d3e0dbde71a415aac5939bebe6efb603541e24413a7b6b",
  "goal_id": "goal:pending-surface",
  "goal_version": "1",
  "operation": "import",
  "status": "authoritative"
}
{
  "baseline_digest": "sha256:275194ef34be081150d3e0dbde71a415aac5939bebe6efb603541e24413a7b6b",
  "goal_id": "goal:pending-surface",
  "goal_version": "1",
  "operation": "import",
  "status": "authoritative"
}
{
  "baseline_digest": "sha256:275194ef34be081150d3e0dbde71a415aac5939bebe6efb603541e24413a7b6b",
  "goal_id": "goal:pending-surface",
  "goal_version": "1",
  "operation": "import",
  "status": "authoritative"
}
{
  "baseline_digest": "sha256:275194ef34be081150d3e0dbde71a415aac5939bebe6efb603541e24413a7b6b",
  "goal_id": "goal:pending-surface",
  "goal_version": "1",
  "operation": "import",
  "status": "authoritative"
}
{
  "baseline_digest": "sha256:275194ef34be081150d3e0dbde71a415aac5939bebe6efb603541e24413a7b6b",
  "goal_id": "goal:pending-surface",
  "goal_version": "1",
  "operation": "import",
  "status": "authoritative"
}
{
  "baseline_digest": "sha256:275194ef34be081150d3e0dbde71a415aac5939bebe6efb603541e24413a7b6b",
  "goal_id": "goal:pending-surface",
  "goal_version": "1",
  "operation": "import",
  "status": "authoritative"
}
{
  "baseline_digest": "sha256:275194ef34be081150d3e0dbde71a415aac5939bebe6efb603541e24413a7b6b",
  "goal_id": "goal:pending-surface",
  "goal_version": "1",
  "operation": "import",
  "status": "authoritative"
}
{
  "baseline_digest": "sha256:275194ef34be081150d3e0dbde71a415aac5939bebe6efb603541e24413a7b6b",
  "goal_id": "goal:pending-surface",
  "goal_version": "1",
  "operation": "import",
  "status": "authoritative"
}
{
  "baseline_digest": "sha256:275194ef34be081150d3e0dbde71a415aac5939bebe6efb603541e24413a7b6b",
  "goal_id": "goal:pending-surface",
  "goal_version": "1",
  "operation": "import",
  "status": "authoritative"
}
{
  "baseline_digest": "sha256:275194ef34be081150d3e0dbde71a415aac5939bebe6efb603541e24413a7b6b",
  "goal_id": "goal:pending-surface",
  "goal_version": "1",
  "operation": "import",
  "status": "authoritative"
}
{
  "baseline_digest": "sha256:275194ef34be081150d3e0dbde71a415aac5939bebe6efb603541e24413a7b6b",
  "goal_id": "goal:pending-surface",
  "goal_version": "1",
  "operation": "import",
  "status": "authoritative"
}
{
  "baseline_digest": "sha256:275194ef34be081150d3e0dbde71a415aac5939bebe6efb603541e24413a7b6b",
  "goal_id": "goal:pending-surface",
  "goal_version": "1",
  "operation": "import",
  "status": "authoritative"
}
{
  "baseline_digest": "sha256:275194ef34be081150d3e0dbde71a415aac5939bebe6efb603541e24413a7b6b",
  "goal_id": "goal:pending-surface",
  "goal_version": "1",
  "operation": "import",
  "status": "authoritative"
}
{
  "baseline_digest": "sha256:275194ef34be081150d3e0dbde71a415aac5939bebe6efb603541e24413a7b6b",
  "goal_id": "goal:pending-surface",
  "goal_version": "1",
  "operation": "import",
  "status": "authoritative"
}
{
  "baseline_digest": "sha256:275194ef34be081150d3e0dbde71a415aac5939bebe6efb603541e24413a7b6b",
  "goal_id": "goal:pending-surface",
  "goal_version": "1",
  "operation": "import",
  "status": "authoritative"
}
{
  "baseline_digest": "sha256:275194ef34be081150d3e0dbde71a415aac5939bebe6efb603541e24413a7b6b",
  "goal_id": "goal:pending-surface",
  "goal_version": "1",
  "operation": "import",
  "status": "authoritative"
}
{
  "baseline_digest": "sha256:275194ef34be081150d3e0dbde71a415aac5939bebe6efb603541e24413a7b6b",
  "goal_id": "goal:pending-surface",
  "goal_version": "1",
  "operation": "import",
  "status": "authoritative"
}
{
  "baseline_digest": "sha256:275194ef34be081150d3e0dbde71a415aac5939bebe6efb603541e24413a7b6b",
  "goal_id": "goal:pending-surface",
  "goal_version": "1",
  "operation": "import",
  "status": "authoritative"
}
{
  "baseline_digest": "sha256:275194ef34be081150d3e0dbde71a415aac5939bebe6efb603541e24413a7b6b",
  "goal_id": "goal:pending-surface",
  "goal_version": "1",
  "operation": "import",
  "status": "authoritative"
}
{
  "baseline_digest": "sha256:275194ef34be081150d3e0dbde71a415aac5939bebe6efb603541e24413a7b6b",
  "goal_id": "goal:pending-surface",
  "goal_version": "1",
  "operation": "import",
  "status": "authoritative"
}
{
  "baseline_digest": "sha256:275194ef34be081150d3e0dbde71a415aac5939bebe6efb603541e24413a7b6b",
  "goal_id": "goal:pending-surface",
  "goal_version": "1",
  "operation": "import",
  "status": "authoritative"
}
{
  "baseline_digest": "sha256:275194ef34be081150d3e0dbde71a415aac5939bebe6efb603541e24413a7b6b",
  "goal_id": "goal:pending-surface",
  "goal_version": "1",
  "operation": "import",
  "status": "authoritative"
}
{
  "baseline_digest": "sha256:275194ef34be081150d3e0dbde71a415aac5939bebe6efb603541e24413a7b6b",
  "goal_id": "goal:pending-surface",
  "goal_version": "1",
  "operation": "import",
  "status": "authoritative"
}
{
  "baseline_digest": "sha256:275194ef34be081150d3e0dbde71a415aac5939bebe6efb603541e24413a7b6b",
  "goal_id": "goal:pending-surface",
  "goal_version": "1",
  "operation": "import",
  "status": "authoritative"
}
{
  "baseline_digest": "sha256:275194ef34be081150d3e0dbde71a415aac5939bebe6efb603541e24413a7b6b",
  "goal_id": "goal:pending-surface",
  "goal_version": "1",
  "operation": "import",
  "status": "authoritative"
}
{
  "baseline_digest": "sha256:275194ef34be081150d3e0dbde71a415aac5939bebe6efb603541e24413a7b6b",
  "goal_id": "goal:pending-surface",
  "goal_version": "1",
  "operation": "import",
  "status": "authoritative"
}
{
  "baseline_digest": "sha256:275194ef34be081150d3e0dbde71a415aac5939bebe6efb603541e24413a7b6b",
  "goal_id": "goal:pending-surface",
  "goal_version": "1",
  "operation": "import",
  "status": "authoritative"
}
{
  "baseline_digest": "sha256:275194ef34be081150d3e0dbde71a415aac5939bebe6efb603541e24413a7b6b",
  "goal_id": "goal:pending-surface",
  "goal_version": "1",
  "operation": "import",
  "status": "authoritative"
}
{
  "baseline_digest": "sha256:275194ef34be081150d3e0dbde71a415aac5939bebe6efb603541e24413a7b6b",
  "goal_id": "goal:pending-surface",
  "goal_version": "1",
  "operation": "import",
  "status": "authoritative"
}
    repair5_powerset_test.go:64: SUBSETS-THAT-MAKE-A-GOVERNED-GOAL-READ-AS-LEGACY: 32 of 256
    repair5_powerset_test.go:66:   delete{class+proposal+acceptance+baseline2}
    repair5_powerset_test.go:66:   delete{class+proposal+acceptance+baseline2+seal}
    repair5_powerset_test.go:66:   delete{class+proposal+acceptance+decision+baseline2}
    repair5_powerset_test.go:66:   delete{class+proposal+acceptance+decision+baseline2+seal}
    repair5_powerset_test.go:66:   delete{class+proposal+acceptance+request+baseline2}
    repair5_powerset_test.go:66:   delete{class+proposal+acceptance+request+baseline2+seal}
    repair5_powerset_test.go:66:   delete{class+proposal+acceptance+request+decision+baseline2}
    repair5_powerset_test.go:66:   delete{class+proposal+acceptance+request+decision+baseline2+seal}
    repair5_powerset_test.go:66:   delete{class+proposal+baseline2}
    repair5_powerset_test.go:66:   delete{class+proposal+baseline2+seal}
    repair5_powerset_test.go:66:   delete{class+proposal+decision+baseline2}
    repair5_powerset_test.go:66:   delete{class+proposal+decision+baseline2+seal}
    repair5_powerset_test.go:66:   delete{class+proposal+request+baseline2}
    repair5_powerset_test.go:66:   delete{class+proposal+request+baseline2+seal}
    repair5_powerset_test.go:66:   delete{class+proposal+request+decision+baseline2}
    repair5_powerset_test.go:66:   delete{class+proposal+request+decision+baseline2+seal}
    repair5_powerset_test.go:66:   delete{class+proposal+review+acceptance+baseline2}
    repair5_powerset_test.go:66:   delete{class+proposal+review+acceptance+baseline2+seal}
    repair5_powerset_test.go:66:   delete{class+proposal+review+acceptance+decision+baseline2}
    repair5_powerset_test.go:66:   delete{class+proposal+review+acceptance+decision+baseline2+seal}
    repair5_powerset_test.go:66:   delete{class+proposal+review+acceptance+request+baseline2}
    repair5_powerset_test.go:66:   delete{class+proposal+review+acceptance+request+baseline2+seal}
    repair5_powerset_test.go:66:   delete{class+proposal+review+acceptance+request+decision+baseline2}
    repair5_powerset_test.go:66:   delete{class+proposal+review+acceptance+request+decision+baseline2+seal}
    repair5_powerset_test.go:66:   delete{class+proposal+review+baseline2}
    repair5_powerset_test.go:66:   delete{class+proposal+review+baseline2+seal}
    repair5_powerset_test.go:66:   delete{class+proposal+review+decision+baseline2}
    repair5_powerset_test.go:66:   delete{class+proposal+review+decision+baseline2+seal}
    repair5_powerset_test.go:66:   delete{class+proposal+review+request+baseline2}
    repair5_powerset_test.go:66:   delete{class+proposal+review+request+baseline2+seal}
    repair5_powerset_test.go:66:   delete{class+proposal+review+request+decision+baseline2}
    repair5_powerset_test.go:66:   delete{class+proposal+review+request+decision+baseline2+seal}
--- PASS: TestRepair5EvidencePowersetClassification (16.07s)
PASS
ok  	github.com/convergent-systems-co/praxis/cmd/praxis	16.909s
