=== RUN   TestInstantiateDefinitionCreatesIndependentLocalAgents
--- PASS: TestInstantiateDefinitionCreatesIndependentLocalAgents (0.00s)
=== RUN   TestInstantiateDefinitionRejectsNonAgentContent
--- PASS: TestInstantiateDefinitionRejectsNonAgentContent (0.00s)
=== RUN   TestLaterGenerationRequiresParent
--- PASS: TestLaterGenerationRequiresParent (0.00s)
=== RUN   TestFirstGenerationCannotClaimParent
--- PASS: TestFirstGenerationCannotClaimParent (0.00s)
=== RUN   TestHighConfidenceUntrustedMemoryStaysUntrusted
--- PASS: TestHighConfidenceUntrustedMemoryStaysUntrusted (0.00s)
=== RUN   TestSupersededMemoryIsNotActive
--- PASS: TestSupersededMemoryIsNotActive (0.00s)
=== RUN   TestAgentGraphConsumesGovernedPreferenceDriftAndExplicitCorrectionAcrossRestart
=== RUN   TestAgentGraphConsumesGovernedPreferenceDriftAndExplicitCorrectionAcrossRestart/software-delivery
=== RUN   TestAgentGraphConsumesGovernedPreferenceDriftAndExplicitCorrectionAcrossRestart/research
--- PASS: TestAgentGraphConsumesGovernedPreferenceDriftAndExplicitCorrectionAcrossRestart (0.04s)
    --- PASS: TestAgentGraphConsumesGovernedPreferenceDriftAndExplicitCorrectionAcrossRestart/software-delivery (0.02s)
    --- PASS: TestAgentGraphConsumesGovernedPreferenceDriftAndExplicitCorrectionAcrossRestart/research (0.02s)
=== RUN   TestRoutedInferenceDoesNotRedispatchPersistedPendingSelection
--- PASS: TestRoutedInferenceDoesNotRedispatchPersistedPendingSelection (0.00s)
=== RUN   TestOperationalGraphRoutesDispatchesObservesAndReplaysAcrossDomains
=== RUN   TestOperationalGraphRoutesDispatchesObservesAndReplaysAcrossDomains/software-delivery
=== RUN   TestOperationalGraphRoutesDispatchesObservesAndReplaysAcrossDomains/research
--- PASS: TestOperationalGraphRoutesDispatchesObservesAndReplaysAcrossDomains (0.04s)
    --- PASS: TestOperationalGraphRoutesDispatchesObservesAndReplaysAcrossDomains/software-delivery (0.02s)
    --- PASS: TestOperationalGraphRoutesDispatchesObservesAndReplaysAcrossDomains/research (0.02s)
=== RUN   TestPersistentAgentExecutesOperationalGraphAcrossRestartAndProviderReplacement
--- PASS: TestPersistentAgentExecutesOperationalGraphAcrossRestartAndProviderReplacement (0.01s)
=== RUN   TestAgentGenerationIntrospectionAndRollbackPreserveHistoryAcrossRestart
--- PASS: TestAgentGenerationIntrospectionAndRollbackPreserveHistoryAcrossRestart (0.01s)
=== RUN   TestPersistentMemoryRetrievalIsScopedBoundedAndSupersessionAware
--- PASS: TestPersistentMemoryRetrievalIsScopedBoundedAndSupersessionAware (0.01s)
=== RUN   TestOperationalGraphFailsClosedWhenAgentRoleIsMissing
--- PASS: TestOperationalGraphFailsClosedWhenAgentRoleIsMissing (0.00s)
PASS
ok  	github.com/convergent-systems-co/praxis/internal/agent	0.614s
=== RUN   TestBehaviorRegistryRejectsTamperedEvaluationAfterRestart
--- PASS: TestBehaviorRegistryRejectsTamperedEvaluationAfterRestart (0.00s)
=== RUN   TestExecutionLearningCompilesBehaviorAndRetiresPromptThroughGovernedLifecycle
--- PASS: TestExecutionLearningCompilesBehaviorAndRetiresPromptThroughGovernedLifecycle (0.00s)
=== RUN   TestExecutionLearningRejectsCorrelatedOrUnsafeEvidenceAndRetainsFailedCandidate
--- PASS: TestExecutionLearningRejectsCorrelatedOrUnsafeEvidenceAndRetainsFailedCandidate (0.00s)
=== RUN   TestContradictionDrivenDemotionIsGovernedAcrossDomainsAndRestart
=== RUN   TestContradictionDrivenDemotionIsGovernedAcrossDomainsAndRestart/software-delivery
=== RUN   TestContradictionDrivenDemotionIsGovernedAcrossDomainsAndRestart/research
--- PASS: TestContradictionDrivenDemotionIsGovernedAcrossDomainsAndRestart (0.00s)
    --- PASS: TestContradictionDrivenDemotionIsGovernedAcrossDomainsAndRestart/software-delivery (0.00s)
    --- PASS: TestContradictionDrivenDemotionIsGovernedAcrossDomainsAndRestart/research (0.00s)
=== RUN   TestCandidateCannotSkipEvaluationToStabilized
--- PASS: TestCandidateCannotSkipEvaluationToStabilized (0.00s)
=== RUN   TestPromotedCandidateCanDemote
--- PASS: TestPromotedCandidateCanDemote (0.00s)
=== RUN   TestCandidateRequiresRollbackPlan
--- PASS: TestCandidateRequiresRollbackPlan (0.00s)
=== RUN   TestCandidateFromConformanceRequiresFrozenCriticalFailure
--- PASS: TestCandidateFromConformanceRequiresFrozenCriticalFailure (0.00s)
=== RUN   TestDuplicateDerivedEvidenceCountsOnce
--- PASS: TestDuplicateDerivedEvidenceCountsOnce (0.00s)
=== RUN   TestDistinctRootsMeetThreshold
--- PASS: TestDistinctRootsMeetThreshold (0.00s)
=== RUN   TestBehaviorRegistryPersistsAdvisoryInversionReviewAcrossRestart
--- PASS: TestBehaviorRegistryPersistsAdvisoryInversionReviewAcrossRestart (0.00s)
=== RUN   TestBehaviorRegistryRejectsOrphanAndConflictingInversionReviews
--- PASS: TestBehaviorRegistryRejectsOrphanAndConflictingInversionReviews (0.00s)
=== RUN   TestBehaviorRegistryRejectsTamperedPersistedInversionReview
--- PASS: TestBehaviorRegistryRejectsTamperedPersistedInversionReview (0.00s)
=== RUN   TestReviewCandidateOwnershipPreservesBlindBoundary
--- PASS: TestReviewCandidateOwnershipPreservesBlindBoundary (0.00s)
=== RUN   TestPolicyViolationBlocksPromotionDespitePerformanceGain
--- PASS: TestPolicyViolationBlocksPromotionDespitePerformanceGain (0.00s)
=== RUN   TestPromotionRequiresIndependentEvidence
--- PASS: TestPromotionRequiresIndependentEvidence (0.00s)
=== RUN   TestPraxisPlanningSelfImprovementConsumesFrozenBlindReport
--- PASS: TestPraxisPlanningSelfImprovementConsumesFrozenBlindReport (0.00s)
=== RUN   TestPlanningProcessLearnsFromFrozenConformanceWithoutKnownAnswer
--- PASS: TestPlanningProcessLearnsFromFrozenConformanceWithoutKnownAnswer (0.00s)
=== RUN   TestFailedCandidateRemainsRegisteredEvidence
--- PASS: TestFailedCandidateRemainsRegisteredEvidence (0.00s)
=== RUN   TestGenerationPromotionAndRollbackSurviveRestart
--- PASS: TestGenerationPromotionAndRollbackSurviveRestart (0.00s)
=== RUN   TestDurableContradictionEvidenceForksBehaviorTowardInferenceAcrossDomains
=== RUN   TestDurableContradictionEvidenceForksBehaviorTowardInferenceAcrossDomains/software-delivery
=== RUN   TestDurableContradictionEvidenceForksBehaviorTowardInferenceAcrossDomains/research
--- PASS: TestDurableContradictionEvidenceForksBehaviorTowardInferenceAcrossDomains (0.02s)
    --- PASS: TestDurableContradictionEvidenceForksBehaviorTowardInferenceAcrossDomains/software-delivery (0.01s)
    --- PASS: TestDurableContradictionEvidenceForksBehaviorTowardInferenceAcrossDomains/research (0.01s)
PASS
ok  	github.com/convergent-systems-co/praxis/internal/learning	0.860s
=== RUN   TestPreferenceReplayRejectsAuthorityActorMismatch
--- PASS: TestPreferenceReplayRejectsAuthorityActorMismatch (0.00s)
=== RUN   TestPreferenceContractCorrectionMigrationAndRestartAcrossDomains
=== RUN   TestPreferenceContractCorrectionMigrationAndRestartAcrossDomains/software-delivery
=== RUN   TestPreferenceContractCorrectionMigrationAndRestartAcrossDomains/research
--- PASS: TestPreferenceContractCorrectionMigrationAndRestartAcrossDomains (0.02s)
    --- PASS: TestPreferenceContractCorrectionMigrationAndRestartAcrossDomains/software-delivery (0.01s)
    --- PASS: TestPreferenceContractCorrectionMigrationAndRestartAcrossDomains/research (0.01s)
=== RUN   TestProfileDistancePrefersCloserBehavior
--- PASS: TestProfileDistancePrefersCloserBehavior (0.00s)
=== RUN   TestProfileEvidenceClassMustBeKnown
--- PASS: TestProfileEvidenceClassMustBeKnown (0.00s)
=== RUN   TestExplicitUserOutranksHighConfidenceLearned
--- PASS: TestExplicitUserOutranksHighConfidenceLearned (0.00s)
=== RUN   TestNarrowerScopeWinsWithinSameAuthority
--- PASS: TestNarrowerScopeWinsWithinSameAuthority (0.00s)
PASS
ok  	github.com/convergent-systems-co/praxis/internal/preference	1.194s
=== RUN   TestAdaptiveMeasurementProvenanceIsDomainNeutralAndSurvivesRestart
=== RUN   TestAdaptiveMeasurementProvenanceIsDomainNeutralAndSurvivesRestart/software-delivery
=== RUN   TestAdaptiveMeasurementProvenanceIsDomainNeutralAndSurvivesRestart/research
--- PASS: TestAdaptiveMeasurementProvenanceIsDomainNeutralAndSurvivesRestart (0.03s)
    --- PASS: TestAdaptiveMeasurementProvenanceIsDomainNeutralAndSurvivesRestart/software-delivery (0.02s)
    --- PASS: TestAdaptiveMeasurementProvenanceIsDomainNeutralAndSurvivesRestart/research (0.01s)
=== RUN   TestCommitTransitionAuthorizedLeaseConsumesOneShotAuthorityAtomically
--- PASS: TestCommitTransitionAuthorizedLeaseConsumesOneShotAuthorityAtomically (0.01s)
=== RUN   TestCommitTransitionAuthorizedLeaseDeniedRequestRollsBackEverything
--- PASS: TestCommitTransitionAuthorizedLeaseDeniedRequestRollsBackEverything (0.01s)
=== RUN   TestCommitTransitionAuthorizedLeaseRejectsRevokedLease
--- PASS: TestCommitTransitionAuthorizedLeaseRejectsRevokedLease (0.01s)
=== RUN   TestDomainNeutralResourceHandoffPreservesTwoDomainRunsAcrossSQLiteRestart
=== RUN   TestDomainNeutralResourceHandoffPreservesTwoDomainRunsAcrossSQLiteRestart/software-delivery-package
=== RUN   TestDomainNeutralResourceHandoffPreservesTwoDomainRunsAcrossSQLiteRestart/research-package
--- PASS: TestDomainNeutralResourceHandoffPreservesTwoDomainRunsAcrossSQLiteRestart (0.02s)
    --- PASS: TestDomainNeutralResourceHandoffPreservesTwoDomainRunsAcrossSQLiteRestart/software-delivery-package (0.01s)
    --- PASS: TestDomainNeutralResourceHandoffPreservesTwoDomainRunsAcrossSQLiteRestart/research-package (0.01s)
=== RUN   TestResourceHandoffDenialDoesNotMutateRun
--- PASS: TestResourceHandoffDenialDoesNotMutateRun (0.00s)
=== RUN   TestEffectLifecyclePersistsDispatchAndUnknownOutcomeAcrossRestart
--- PASS: TestEffectLifecyclePersistsDispatchAndUnknownOutcomeAcrossRestart (0.01s)
=== RUN   TestSQLiteEventStoreAppendLoadAndConflict
--- PASS: TestSQLiteEventStoreAppendLoadAndConflict (0.01s)
=== RUN   TestSQLiteEventStoreRejectsCommandIDMetadataHijack
--- PASS: TestSQLiteEventStoreRejectsCommandIDMetadataHijack (0.01s)
=== RUN   TestVersionedPackageEvaluatorsDiagnoseLongitudinalFailuresAcrossDomainsAndRestart
=== RUN   TestVersionedPackageEvaluatorsDiagnoseLongitudinalFailuresAcrossDomainsAndRestart/software-delivery
=== RUN   TestVersionedPackageEvaluatorsDiagnoseLongitudinalFailuresAcrossDomainsAndRestart/research
--- PASS: TestVersionedPackageEvaluatorsDiagnoseLongitudinalFailuresAcrossDomainsAndRestart (0.02s)
    --- PASS: TestVersionedPackageEvaluatorsDiagnoseLongitudinalFailuresAcrossDomainsAndRestart/software-delivery (0.01s)
    --- PASS: TestVersionedPackageEvaluatorsDiagnoseLongitudinalFailuresAcrossDomainsAndRestart/research (0.01s)
=== RUN   TestResolvedPluginLaunchSpecBindsExactVerifiedPackageBytes
--- PASS: TestResolvedPluginLaunchSpecBindsExactVerifiedPackageBytes (0.00s)
=== RUN   TestActivatedPackageBindsSupervisorLaunchAndFreshRestartHandshake
--- PASS: TestActivatedPackageBindsSupervisorLaunchAndFreshRestartHandshake (0.01s)
=== RUN   TestPackageActivationPublishesAndRemovesAliasesAndContents
--- PASS: TestPackageActivationPublishesAndRemovesAliasesAndContents (0.01s)
=== RUN   TestVerifiedGraphArtifactSurvivesActivationAndRestart
--- PASS: TestVerifiedGraphArtifactSurvivesActivationAndRestart (0.01s)
=== RUN   TestVerifiedDependencyClosureDeploysAtomicallyAndSurvivesRestart
--- PASS: TestVerifiedDependencyClosureDeploysAtomicallyAndSurvivesRestart (0.01s)
=== RUN   TestCatalogBootstrapImportsGeneralizedBehaviorWithoutPrivateStateAcrossRestart
--- PASS: TestCatalogBootstrapImportsGeneralizedBehaviorWithoutPrivateStateAcrossRestart (0.01s)
=== RUN   TestDependencyDeploymentFailureRollsBackClosureAndAuthority
--- PASS: TestDependencyDeploymentFailureRollsBackClosureAndAuthority (0.01s)
=== RUN   TestSinglePackageActivationCannotBypassDependencyDeployment
--- PASS: TestSinglePackageActivationCannotBypassDependencyDeployment (0.01s)
=== RUN   TestGovernedPackageRollbackRestoresExactClosureAcrossRestart
--- PASS: TestGovernedPackageRollbackRestoresExactClosureAcrossRestart (0.01s)
=== RUN   TestPackageGenerationChangeCannotBreakActiveDependentLock
--- PASS: TestPackageGenerationChangeCannotBreakActiveDependentLock (0.01s)
=== RUN   TestRollbackRejectsCorruptedRetainedEvidenceWithoutConsumingAuthority
--- PASS: TestRollbackRejectsCorruptedRetainedEvidenceWithoutConsumingAuthority (0.01s)
=== RUN   TestDynamicInvocationRejectsValidButDigestMismatchedPersistedContract
--- PASS: TestDynamicInvocationRejectsValidButDigestMismatchedPersistedContract (0.01s)
=== RUN   TestAgentOnlyAndMixedPackagesAreFirstClassContents
--- PASS: TestAgentOnlyAndMixedPackagesAreFirstClassContents (0.01s)
=== RUN   TestPackagePluginDefinitionBindsExecutableAcrossRestartAndRejectsOrphans
--- PASS: TestPackagePluginDefinitionBindsExecutableAcrossRestartAndRejectsOrphans (0.01s)
=== RUN   TestInstalledDefinitionsInstantiateIndependentDomainAgentsAcrossRestart
--- PASS: TestInstalledDefinitionsInstantiateIndependentDomainAgentsAcrossRestart (0.01s)
=== RUN   TestAgentInstantiationCannotMutateApprovedIdentity
--- PASS: TestAgentInstantiationCannotMutateApprovedIdentity (0.01s)
=== RUN   TestPackageCannotShadowCoreCommand
--- PASS: TestPackageCannotShadowCoreCommand (0.01s)
=== RUN   TestPackageAliasCollisionFailsWithoutChangingExistingOwner
--- PASS: TestPackageAliasCollisionFailsWithoutChangingExistingOwner (0.01s)
=== RUN   TestPackageUpdateAtomicallyReplacesAliasAndContentSurface
--- PASS: TestPackageUpdateAtomicallyReplacesAliasAndContentSurface (0.01s)
=== RUN   TestPackageActivationRequiresExactPersistedAuthorityAndIsAtomic
--- PASS: TestPackageActivationRequiresExactPersistedAuthorityAndIsAtomic (0.01s)
=== RUN   TestPackageVerificationAuthorityAndRegistrationsSurviveRestart
--- PASS: TestPackageVerificationAuthorityAndRegistrationsSurviveRestart (0.01s)
=== RUN   TestGovernedDisableAndRemovePreserveHistoryAcrossRestart
--- PASS: TestGovernedDisableAndRemovePreserveHistoryAcrossRestart (0.01s)
=== RUN   TestPackageTransitionCannotChangeOperationAfterApproval
--- PASS: TestPackageTransitionCannotChangeOperationAfterApproval (0.01s)
=== RUN   TestDistributedPackageTrustBindsCatalogResolutionReviewAndLocalAuthorityAcrossRestart
--- PASS: TestDistributedPackageTrustBindsCatalogResolutionReviewAndLocalAuthorityAcrossRestart (0.01s)
=== RUN   TestConsumePluginLeaseBindsInstanceAndConsumesUse
--- PASS: TestConsumePluginLeaseBindsInstanceAndConsumesUse (0.01s)
=== RUN   TestConsumePluginLeaseRejectsDifferentRuntimeInstance
--- PASS: TestConsumePluginLeaseRejectsDifferentRuntimeInstance (0.01s)
=== RUN   TestPluginSupervisorSnapshotSurvivesSQLiteRestartWithoutRuntimeReadiness
--- PASS: TestPluginSupervisorSnapshotSurvivesSQLiteRestartWithoutRuntimeReadiness (0.01s)
=== RUN   TestBehavioralProfileDerivationAndDivergenceSurviveRestartAcrossDomains
=== RUN   TestBehavioralProfileDerivationAndDivergenceSurviveRestartAcrossDomains/software-delivery
=== RUN   TestBehavioralProfileDerivationAndDivergenceSurviveRestartAcrossDomains/research
--- PASS: TestBehavioralProfileDerivationAndDivergenceSurviveRestartAcrossDomains (0.02s)
    --- PASS: TestBehavioralProfileDerivationAndDivergenceSurviveRestartAcrossDomains/software-delivery (0.01s)
    --- PASS: TestBehavioralProfileDerivationAndDivergenceSurviveRestartAcrossDomains/research (0.01s)
=== RUN   TestSQLiteCheckpointStorePersistsMonotonically
--- PASS: TestSQLiteCheckpointStorePersistsMonotonically (0.01s)
=== RUN   TestAmbiguousEffectFailsClosedWithoutReconciliation
--- PASS: TestAmbiguousEffectFailsClosedWithoutReconciliation (0.00s)
=== RUN   TestAmbiguousEffectReconcilesWhenSupported
--- PASS: TestAmbiguousEffectReconcilesWhenSupported (0.00s)
=== RUN   TestAmbiguousEffectCanRedispatchOnlyWithVerifiedIdempotency
--- PASS: TestAmbiguousEffectCanRedispatchOnlyWithVerifiedIdempotency (0.00s)
=== RUN   TestQualificationRunControlSurvivesSQLiteRestart
--- PASS: TestQualificationRunControlSurvivesSQLiteRestart (0.01s)
=== RUN   TestSQLiteRunControlLeaseSourceLoadsAndAuthorizesPersistedLease
--- PASS: TestSQLiteRunControlLeaseSourceLoadsAndAuthorizesPersistedLease (0.01s)
=== RUN   TestSQLiteRunControlLeaseSourcePreservesFiniteUseSemantics
--- PASS: TestSQLiteRunControlLeaseSourcePreservesFiniteUseSemantics (0.01s)
=== RUN   TestSchedulerResourceLeasesAreAtomicAndRecoverAfterRestart
--- PASS: TestSchedulerResourceLeasesAreAtomicAndRecoverAfterRestart (0.01s)
=== RUN   TestSchedulerResourceLeaseAdmissionIsIdempotentForRetriedAttempt
--- PASS: TestSchedulerResourceLeaseAdmissionIsIdempotentForRetriedAttempt (0.01s)
=== RUN   TestSchedulerResourceLeaseRetryRejectsMismatchedRequirements
--- PASS: TestSchedulerResourceLeaseRetryRejectsMismatchedRequirements (0.01s)
=== RUN   TestSchedulerResourceLeaseCancellationReleasesOnlyExactAttempt
--- PASS: TestSchedulerResourceLeaseCancellationReleasesOnlyExactAttempt (0.01s)
=== RUN   TestSecureBlobRoundTripStoresNoPlaintextColumn
--- PASS: TestSecureBlobRoundTripStoresNoPlaintextColumn (0.01s)
=== RUN   TestSecureBlobRejectsEnvelopeBoundToDifferentIdentity
--- PASS: TestSecureBlobRejectsEnvelopeBoundToDifferentIdentity (0.01s)
=== RUN   TestSecureBlobIsImmutableByVersion
--- PASS: TestSecureBlobIsImmutableByVersion (0.01s)
=== RUN   TestSecureBlobExpiryFailsClosed
--- PASS: TestSecureBlobExpiryFailsClosed (0.01s)
=== RUN   TestOpenSQLiteReadOnlyCannotMutateAuthoritativeState
--- PASS: TestOpenSQLiteReadOnlyCannotMutateAuthoritativeState (0.01s)
=== RUN   TestOpenSQLiteAppliesMigrationsAndPragmas
--- PASS: TestOpenSQLiteAppliesMigrationsAndPragmas (0.01s)
=== RUN   TestOpenSQLiteDoesNotReapplyLedgeredMigrations
--- PASS: TestOpenSQLiteDoesNotReapplyLedgeredMigrations (0.01s)
=== RUN   TestCommitTransitionIsAtomic
--- PASS: TestCommitTransitionIsAtomic (0.01s)
=== RUN   TestCommitTransitionRollsBackAuthorityOnVersionConflict
--- PASS: TestCommitTransitionRollsBackAuthorityOnVersionConflict (0.01s)
=== RUN   TestCrossAgentTransferGeneralizesSanitizesPublishesAndAdoptsAcrossDomains
=== RUN   TestCrossAgentTransferGeneralizesSanitizesPublishesAndAdoptsAcrossDomains/software-delivery
=== RUN   TestCrossAgentTransferGeneralizesSanitizesPublishesAndAdoptsAcrossDomains/research
--- PASS: TestCrossAgentTransferGeneralizesSanitizesPublishesAndAdoptsAcrossDomains (0.02s)
    --- PASS: TestCrossAgentTransferGeneralizesSanitizesPublishesAndAdoptsAcrossDomains/software-delivery (0.01s)
    --- PASS: TestCrossAgentTransferGeneralizesSanitizesPublishesAndAdoptsAcrossDomains/research (0.01s)
=== RUN   TestCrossAgentTransferRetainsRejectedPrivacyCandidate
--- PASS: TestCrossAgentTransferRetainsRejectedPrivacyCandidate (0.01s)
PASS
ok  	github.com/convergent-systems-co/praxis/internal/state	2.006s
?   	github.com/convergent-systems-co/praxis/internal/transfer	[no test files]
=== RUN   TestGatewayDispatchRequiresExactLeaseBoundInstance
--- PASS: TestGatewayDispatchRequiresExactLeaseBoundInstance (0.00s)
=== RUN   TestGatewayRejectsRestartedSessionUsingStaleLease
--- PASS: TestGatewayRejectsRestartedSessionUsingStaleLease (0.00s)
=== RUN   TestGatewayRejectsUnauthorizedOperationBeforeTransport
--- PASS: TestGatewayRejectsUnauthorizedOperationBeforeTransport (0.00s)
=== RUN   TestGatewayFailsIfBoundProviderNotEligible
--- PASS: TestGatewayFailsIfBoundProviderNotEligible (0.00s)
=== RUN   TestGatewayRequiresAuthoritativeLeaseConsumer
--- PASS: TestGatewayRequiresAuthoritativeLeaseConsumer (0.00s)
=== RUN   TestPluginV1HandshakeRoundTripAndAuthorityDerivedProtocol
--- PASS: TestPluginV1HandshakeRoundTripAndAuthorityDerivedProtocol (0.00s)
=== RUN   TestPluginV1ReservesDisplacedPreReleaseWireIdentities
--- PASS: TestPluginV1ReservesDisplacedPreReleaseWireIdentities (0.00s)
=== RUN   TestPreReleaseHandshakeResponseCannotBecomeCurrentAuthority
--- PASS: TestPreReleaseHandshakeResponseCannotBecomeCurrentAuthority (0.00s)
=== RUN   TestHandshakeRejectsPluginSelectedIdentityOrProtocol
--- PASS: TestHandshakeRejectsPluginSelectedIdentityOrProtocol (0.00s)
=== RUN   TestHandshakeUnknownFutureFieldDoesNotMintSemantics
--- PASS: TestHandshakeUnknownFutureFieldDoesNotMintSemantics (0.00s)
=== RUN   TestPluginProcessHelper
    grpc_process_integration_test.go:24: helper process
--- SKIP: TestPluginProcessHelper (0.00s)
=== RUN   TestOutOfProcessPluginHandshakeStreamingCancellationAndRestart
--- PASS: TestOutOfProcessPluginHandshakeStreamingCancellationAndRestart (0.13s)
=== RUN   TestGRPCTransportBindsValidatedHandshakeToExactInstance
--- PASS: TestGRPCTransportBindsValidatedHandshakeToExactInstance (0.00s)
=== RUN   TestGRPCTransportRejectsHandshakeIdentityMismatchBeforePublication
--- PASS: TestGRPCTransportRejectsHandshakeIdentityMismatchBeforePublication (0.00s)
=== RUN   TestHandshakeAcceptsMatchingRuntime
--- PASS: TestHandshakeAcceptsMatchingRuntime (0.00s)
=== RUN   TestHandshakeRejectsArtifactIdentityMismatch
--- PASS: TestHandshakeRejectsArtifactIdentityMismatch (0.00s)
=== RUN   TestHandshakeRejectsUndeclaredCapability
--- PASS: TestHandshakeRejectsUndeclaredCapability (0.00s)
=== RUN   TestHandshakePermitsUnavailableManifestCapabilityWithoutMakingItRoutable
--- PASS: TestHandshakePermitsUnavailableManifestCapabilityWithoutMakingItRoutable (0.00s)
=== RUN   TestHandshakeRejectsDuplicateOrEmptyAdvertisement
=== RUN   TestHandshakeRejectsDuplicateOrEmptyAdvertisement/empty
=== RUN   TestHandshakeRejectsDuplicateOrEmptyAdvertisement/duplicate
--- PASS: TestHandshakeRejectsDuplicateOrEmptyAdvertisement (0.00s)
    --- PASS: TestHandshakeRejectsDuplicateOrEmptyAdvertisement/empty (0.00s)
    --- PASS: TestHandshakeRejectsDuplicateOrEmptyAdvertisement/duplicate (0.00s)
=== RUN   TestHandshakeRejectsProtocolMismatch
--- PASS: TestHandshakeRejectsProtocolMismatch (0.00s)
=== RUN   TestIsolationUnknownFailsClosed
--- PASS: TestIsolationUnknownFailsClosed (0.00s)
=== RUN   TestIsolationRequiredPropertiesMustAllBeEnforced
--- PASS: TestIsolationRequiredPropertiesMustAllBeEnforced (0.00s)
=== RUN   TestRestartedPluginCannotReuseInstanceBoundLease
--- PASS: TestRestartedPluginCannotReuseInstanceBoundLease (0.00s)
=== RUN   TestQuarantinedPluginCannotRestart
--- PASS: TestQuarantinedPluginCannotRestart (0.00s)
=== RUN   TestRepeatedFailuresTriggerQuarantine
--- PASS: TestRepeatedFailuresTriggerQuarantine (0.00s)
=== RUN   TestReadyPluginCanDrain
--- PASS: TestReadyPluginCanDrain (0.00s)
=== RUN   TestInstanceIdentityMustMatchManifest
--- PASS: TestInstanceIdentityMustMatchManifest (0.00s)
=== RUN   TestManifestRejectsDuplicateCapabilities
--- PASS: TestManifestRejectsDuplicateCapabilities (0.00s)
=== RUN   TestManifestVersionPolicyRejectsPreReleaseAndUnknownContracts
--- PASS: TestManifestVersionPolicyRejectsPreReleaseAndUnknownContracts (0.00s)
=== RUN   TestLocalProcessControlBindsIdentityAndReportsExit
--- PASS: TestLocalProcessControlBindsIdentityAndReportsExit (0.21s)
=== RUN   TestLocalProcessControlTerminationRequiresExactRuntimeSession
--- PASS: TestLocalProcessControlTerminationRequiresExactRuntimeSession (0.00s)
=== RUN   TestLaunchSpecRequiresExactVerifiedExecutableBytesAndIsolation
--- PASS: TestLaunchSpecRequiresExactVerifiedExecutableBytesAndIsolation (0.00s)
=== RUN   TestLocalProcessControlMaterializesOnlyVerifiedBytesAndTerminates
--- PASS: TestLocalProcessControlMaterializesOnlyVerifiedBytesAndTerminates (0.00s)
=== RUN   TestNegotiateProtocolUsesHighestMutualVersion
--- PASS: TestNegotiateProtocolUsesHighestMutualVersion (0.00s)
=== RUN   TestNegotiateProtocolFailsWhenRangesDoNotOverlap
--- PASS: TestNegotiateProtocolFailsWhenRangesDoNotOverlap (0.00s)
=== RUN   TestNegotiateProtocolRejectsMalformedRange
--- PASS: TestNegotiateProtocolRejectsMalformedRange (0.00s)
=== RUN   TestRegistrySelectsOnlyReadyIsolatedProviders
--- PASS: TestRegistrySelectsOnlyReadyIsolatedProviders (0.00s)
=== RUN   TestRegistryResolutionDoesNotTreatAdvertisementAsAuthority
--- PASS: TestRegistryResolutionDoesNotTreatAdvertisementAsAuthority (0.00s)
=== RUN   TestRegistryFailsClosedWhenRequiredIsolationIsUnknown
--- PASS: TestRegistryFailsClosedWhenRequiredIsolationIsUnknown (0.00s)
=== RUN   TestRegistryOrderingIsDeterministic
--- PASS: TestRegistryOrderingIsDeterministic (0.00s)
=== RUN   TestRegistryRejectsCallerConstructedAvailability
--- PASS: TestRegistryRejectsCallerConstructedAvailability (0.00s)
=== RUN   TestPersistentSupervisorRestoresLaunchButRequiresFreshHandshake
--- PASS: TestPersistentSupervisorRestoresLaunchButRequiresFreshHandshake (0.00s)
=== RUN   TestPersistentSupervisorFencesRestoredSchedulerLeases
--- PASS: TestPersistentSupervisorFencesRestoredSchedulerLeases (0.00s)
=== RUN   TestSupervisorRequiresIsolationBeforeStart
--- PASS: TestSupervisorRequiresIsolationBeforeStart (0.00s)
=== RUN   TestSupervisorQuarantinesAfterFailureThreshold
--- PASS: TestSupervisorQuarantinesAfterFailureThreshold (0.00s)
=== RUN   TestSupervisorStartFailurePreservesLaunchErrorWithoutTermination
--- PASS: TestSupervisorStartFailurePreservesLaunchErrorWithoutTermination (0.00s)
=== RUN   TestSupervisorClearsExitObserverWhenStartFails
--- PASS: TestSupervisorClearsExitObserverWhenStartFails (0.00s)
=== RUN   TestSupervisorRevokeRemovesProviderAndTerminates
--- PASS: TestSupervisorRevokeRemovesProviderAndTerminates (0.00s)
=== RUN   TestSupervisorRevokeStoppedProviderDoesNotTerminateAbsentProcess
--- PASS: TestSupervisorRevokeStoppedProviderDoesNotTerminateAbsentProcess (0.00s)
=== RUN   TestSupervisorRevokeTerminationFailureStaysRevoked
--- PASS: TestSupervisorRevokeTerminationFailureStaysRevoked (0.00s)
=== RUN   TestSupervisorRejectsCallerConstructedReadyState
--- PASS: TestSupervisorRejectsCallerConstructedReadyState (0.00s)
=== RUN   TestSupervisorRestartBackoff
--- PASS: TestSupervisorRestartBackoff (0.00s)
=== RUN   TestSupervisorResourceAdmissionGatesProcessAndReleasesOnStop
--- PASS: TestSupervisorResourceAdmissionGatesProcessAndReleasesOnStop (0.00s)
=== RUN   TestSupervisorRejectsPartialOrForeignResourceAdmission
=== RUN   TestSupervisorRejectsPartialOrForeignResourceAdmission/partial
=== RUN   TestSupervisorRejectsPartialOrForeignResourceAdmission/foreign
--- PASS: TestSupervisorRejectsPartialOrForeignResourceAdmission (0.00s)
    --- PASS: TestSupervisorRejectsPartialOrForeignResourceAdmission/partial (0.00s)
    --- PASS: TestSupervisorRejectsPartialOrForeignResourceAdmission/foreign (0.00s)
=== RUN   TestSupervisorFailurePersistsReleasedResourceLeases
--- PASS: TestSupervisorFailurePersistsReleasedResourceLeases (0.00s)
=== RUN   TestSupervisorUnexpectedExitPersistsReleasedResourceLeases
--- PASS: TestSupervisorUnexpectedExitPersistsReleasedResourceLeases (0.00s)
=== RUN   TestSupervisorResourceDenialDoesNotStartProcess
--- PASS: TestSupervisorResourceDenialDoesNotStartProcess (0.00s)
=== RUN   TestSupervisorReplacementCannotDiscardActiveProcess
--- PASS: TestSupervisorReplacementCannotDiscardActiveProcess (0.00s)
=== RUN   TestSupervisorRecordsUnexpectedProcessExit
--- PASS: TestSupervisorRecordsUnexpectedProcessExit (0.00s)
=== RUN   TestSupervisorStopDetachesObserverAndPersistsStopped
--- PASS: TestSupervisorStopDetachesObserverAndPersistsStopped (0.00s)
=== RUN   TestSupervisorStopFailurePersistsFailed
--- PASS: TestSupervisorStopFailurePersistsFailed (0.00s)
=== RUN   TestSupervisorPersistsUnexpectedExitFromLocalProcess
--- PASS: TestSupervisorPersistsUnexpectedExitFromLocalProcess (0.19s)
=== RUN   TestSupervisorUnexpectedExitReleaseFailureRetainsLeasesForRecovery
--- PASS: TestSupervisorUnexpectedExitReleaseFailureRetainsLeasesForRecovery (0.00s)
=== RUN   TestSupervisorIgnoresLateExitFromDifferentRuntimeSession
--- PASS: TestSupervisorIgnoresLateExitFromDifferentRuntimeSession (0.00s)
=== RUN   TestSupervisorIgnoresLateExitFromReusedRuntimeIdentity
--- PASS: TestSupervisorIgnoresLateExitFromReusedRuntimeIdentity (0.00s)
PASS
ok  	github.com/convergent-systems-co/praxis/internal/plugin	2.352s
