ok  	github.com/convergent-systems-co/praxis/pkg/contracts	2.729s
ok  	github.com/convergent-systems-co/praxis/internal/bootstrapv4	29.976s
ok  	github.com/convergent-systems-co/praxis/internal/goaldrive	216.767s
--- FAIL: TestFAAConcurrentAppendersAndReadersKeepAValidChain (1.11s)
    faa_test.go:779: reader 0: governance state is not consumable: it is not current against the forward authority anchor: the store is AHEAD of the anchor (anchor reset, or an interrupted write) (store sequence 34, anchor sequence 33)
FAIL
FAIL	github.com/convergent-systems-co/praxis/internal/goalstore	578.501s
ok  	github.com/convergent-systems-co/praxis/internal/state	58.369s
ok  	github.com/convergent-systems-co/praxis/internal/goalspublication	78.911s
ok  	github.com/convergent-systems-co/praxis/internal/lifecycle	48.711s
ok  	github.com/convergent-systems-co/praxis/internal/faa	3.009s
?   	github.com/convergent-systems-co/praxis/internal/faa/faatest	[no test files]
ok  	github.com/convergent-systems-co/praxis/internal/crypto	4.398s
ok  	github.com/convergent-systems-co/praxis/packages/goals	4.606s
{
  "baseline_digest": "sha256:275194ef34be081150d3e0dbde71a415aac5939bebe6efb603541e24413a7b6b",
  "goal_id": "goal:pending-surface",
  "goal_version": "1",
  "operation": "import",
  "status": "authoritative"
}
{
  "baseline_digest": "sha256:275194ef34be081150d3e0dbde71a415aac5939bebe6efb603541e24413a7b6b",
  "goal_id": "goal:pending-surface",
  "goal_version": "1",
  "operation": "import",
  "status": "authoritative"
}
{
  "baseline_digest": "sha256:275194ef34be081150d3e0dbde71a415aac5939bebe6efb603541e24413a7b6b",
  "goal_id": "goal:pending-surface",
  "goal_version": "1",
  "operation": "import",
  "status": "authoritative"
}
{
  "baseline_digest": "sha256:275194ef34be081150d3e0dbde71a415aac5939bebe6efb603541e24413a7b6b",
  "goal_id": "goal:pending-surface",
  "goal_version": "1",
  "operation": "import",
  "status": "authoritative"
}
{
  "baseline_digest": "sha256:275194ef34be081150d3e0dbde71a415aac5939bebe6efb603541e24413a7b6b",
  "goal_id": "goal:pending-surface",
  "goal_version": "1",
  "operation": "import",
  "status": "authoritative"
}
{
  "baseline_digest": "sha256:275194ef34be081150d3e0dbde71a415aac5939bebe6efb603541e24413a7b6b",
  "goal_id": "goal:pending-surface",
  "goal_version": "1",
  "operation": "import",
  "status": "authoritative"
}
{
  "baseline_digest": "sha256:275194ef34be081150d3e0dbde71a415aac5939bebe6efb603541e24413a7b6b",
  "goal_id": "goal:pending-surface",
  "goal_version": "1",
  "operation": "import",
  "status": "authoritative"
}
{
  "baseline_digest": "sha256:275194ef34be081150d3e0dbde71a415aac5939bebe6efb603541e24413a7b6b",
  "goal_id": "goal:pending-surface",
  "goal_version": "1",
  "operation": "import",
  "status": "authoritative"
}
{
  "baseline_digest": "sha256:275194ef34be081150d3e0dbde71a415aac5939bebe6efb603541e24413a7b6b",
  "goal_id": "goal:pending-surface",
  "goal_version": "1",
  "operation": "import",
  "status": "authoritative"
}
{
  "baseline_digest": "sha256:275194ef34be081150d3e0dbde71a415aac5939bebe6efb603541e24413a7b6b",
  "goal_id": "goal:pending-surface",
  "goal_version": "1",
  "operation": "import",
  "status": "authoritative"
}
{
  "baseline_digest": "sha256:275194ef34be081150d3e0dbde71a415aac5939bebe6efb603541e24413a7b6b",
  "goal_id": "goal:pending-surface",
  "goal_version": "1",
  "operation": "import",
  "status": "authoritative"
}
{
  "baseline_digest": "sha256:275194ef34be081150d3e0dbde71a415aac5939bebe6efb603541e24413a7b6b",
  "goal_id": "goal:pending-surface",
  "goal_version": "1",
  "operation": "import",
  "status": "authoritative"
}
{
  "baseline_digest": "sha256:275194ef34be081150d3e0dbde71a415aac5939bebe6efb603541e24413a7b6b",
  "goal_id": "goal:pending-surface",
  "goal_version": "1",
  "operation": "import",
  "status": "authoritative"
}
{
  "baseline_digest": "sha256:275194ef34be081150d3e0dbde71a415aac5939bebe6efb603541e24413a7b6b",
  "goal_id": "goal:pending-surface",
  "goal_version": "1",
  "operation": "import",
  "status": "authoritative"
}
{
  "baseline_digest": "sha256:275194ef34be081150d3e0dbde71a415aac5939bebe6efb603541e24413a7b6b",
  "goal_id": "goal:pending-surface",
  "goal_version": "1",
  "operation": "import",
  "status": "authoritative"
}
{
  "baseline_digest": "sha256:275194ef34be081150d3e0dbde71a415aac5939bebe6efb603541e24413a7b6b",
  "goal_id": "goal:pending-surface",
  "goal_version": "1",
  "operation": "import",
  "status": "authoritative"
}
{
  "baseline_digest": "sha256:275194ef34be081150d3e0dbde71a415aac5939bebe6efb603541e24413a7b6b",
  "goal_id": "goal:pending-surface",
  "goal_version": "1",
  "operation": "import",
  "status": "authoritative"
}
{
  "baseline_digest": "sha256:275194ef34be081150d3e0dbde71a415aac5939bebe6efb603541e24413a7b6b",
  "goal_id": "goal:pending-surface",
  "goal_version": "1",
  "operation": "import",
  "status": "authoritative"
}
{
  "baseline_digest": "sha256:275194ef34be081150d3e0dbde71a415aac5939bebe6efb603541e24413a7b6b",
  "goal_id": "goal:pending-surface",
  "goal_version": "1",
  "operation": "import",
  "status": "authoritative"
}
{
  "baseline_digest": "sha256:275194ef34be081150d3e0dbde71a415aac5939bebe6efb603541e24413a7b6b",
  "goal_id": "goal:pending-surface",
  "goal_version": "1",
  "operation": "import",
  "status": "authoritative"
}
{
  "baseline_digest": "sha256:275194ef34be081150d3e0dbde71a415aac5939bebe6efb603541e24413a7b6b",
  "goal_id": "goal:pending-surface",
  "goal_version": "1",
  "operation": "import",
  "status": "authoritative"
}
{
  "baseline_digest": "sha256:275194ef34be081150d3e0dbde71a415aac5939bebe6efb603541e24413a7b6b",
  "goal_id": "goal:pending-surface",
  "goal_version": "1",
  "operation": "import",
  "status": "authoritative"
}
{
  "baseline_digest": "sha256:275194ef34be081150d3e0dbde71a415aac5939bebe6efb603541e24413a7b6b",
  "goal_id": "goal:pending-surface",
  "goal_version": "1",
  "operation": "import",
  "status": "authoritative"
}
{
  "baseline_digest": "sha256:275194ef34be081150d3e0dbde71a415aac5939bebe6efb603541e24413a7b6b",
  "goal_id": "goal:pending-surface",
  "goal_version": "1",
  "operation": "import",
  "status": "authoritative"
}
{
  "baseline_digest": "sha256:275194ef34be081150d3e0dbde71a415aac5939bebe6efb603541e24413a7b6b",
  "goal_id": "goal:pending-surface",
  "goal_version": "1",
  "operation": "import",
  "status": "authoritative"
}
{
  "baseline_digest": "sha256:275194ef34be081150d3e0dbde71a415aac5939bebe6efb603541e24413a7b6b",
  "goal_id": "goal:pending-surface",
  "goal_version": "1",
  "operation": "import",
  "status": "authoritative"
}
{
  "baseline_digest": "sha256:275194ef34be081150d3e0dbde71a415aac5939bebe6efb603541e24413a7b6b",
  "goal_id": "goal:pending-surface",
  "goal_version": "1",
  "operation": "import",
  "status": "authoritative"
}
{
  "baseline_digest": "sha256:275194ef34be081150d3e0dbde71a415aac5939bebe6efb603541e24413a7b6b",
  "goal_id": "goal:pending-surface",
  "goal_version": "1",
  "operation": "import",
  "status": "authoritative"
}
{
  "baseline_digest": "sha256:275194ef34be081150d3e0dbde71a415aac5939bebe6efb603541e24413a7b6b",
  "goal_id": "goal:pending-surface",
  "goal_version": "1",
  "operation": "import",
  "status": "authoritative"
}
{
  "baseline_digest": "sha256:275194ef34be081150d3e0dbde71a415aac5939bebe6efb603541e24413a7b6b",
  "goal_id": "goal:pending-surface",
  "goal_version": "1",
  "operation": "import",
  "status": "authoritative"
}
{
  "baseline_digest": "sha256:275194ef34be081150d3e0dbde71a415aac5939bebe6efb603541e24413a7b6b",
  "goal_id": "goal:pending-surface",
  "goal_version": "1",
  "operation": "import",
  "status": "authoritative"
}
{
  "baseline_digest": "sha256:275194ef34be081150d3e0dbde71a415aac5939bebe6efb603541e24413a7b6b",
  "goal_id": "goal:pending-surface",
  "goal_version": "1",
  "operation": "import",
  "status": "authoritative"
}
{
  "baseline_digest": "sha256:275194ef34be081150d3e0dbde71a415aac5939bebe6efb603541e24413a7b6b",
  "goal_id": "goal:pending-surface",
  "goal_version": "1",
  "operation": "import",
  "status": "authoritative"
}
{
  "baseline_digest": "sha256:275194ef34be081150d3e0dbde71a415aac5939bebe6efb603541e24413a7b6b",
  "goal_id": "goal:pending-surface",
  "goal_version": "1",
  "operation": "import",
  "status": "authoritative"
}
{
  "baseline_digest": "sha256:275194ef34be081150d3e0dbde71a415aac5939bebe6efb603541e24413a7b6b",
  "goal_id": "goal:pending-surface",
  "goal_version": "1",
  "operation": "import",
  "status": "authoritative"
}
{
  "baseline_digest": "sha256:275194ef34be081150d3e0dbde71a415aac5939bebe6efb603541e24413a7b6b",
  "goal_id": "goal:pending-surface",
  "goal_version": "1",
  "operation": "import",
  "status": "authoritative"
}
{
  "baseline_digest": "sha256:275194ef34be081150d3e0dbde71a415aac5939bebe6efb603541e24413a7b6b",
  "goal_id": "goal:pending-surface",
  "goal_version": "1",
  "operation": "import",
  "status": "authoritative"
}
{
  "baseline_digest": "sha256:275194ef34be081150d3e0dbde71a415aac5939bebe6efb603541e24413a7b6b",
  "goal_id": "goal:pending-surface",
  "goal_version": "1",
  "operation": "import",
  "status": "authoritative"
}
{
  "baseline_digest": "sha256:275194ef34be081150d3e0dbde71a415aac5939bebe6efb603541e24413a7b6b",
  "goal_id": "goal:pending-surface",
  "goal_version": "1",
  "operation": "import",
  "status": "authoritative"
}
{
  "baseline_digest": "sha256:275194ef34be081150d3e0dbde71a415aac5939bebe6efb603541e24413a7b6b",
  "goal_id": "goal:pending-surface",
  "goal_version": "1",
  "operation": "import",
  "status": "authoritative"
}
{
  "baseline_digest": "sha256:275194ef34be081150d3e0dbde71a415aac5939bebe6efb603541e24413a7b6b",
  "goal_id": "goal:pending-surface",
  "goal_version": "1",
  "operation": "import",
  "status": "authoritative"
}
{
  "baseline_digest": "sha256:275194ef34be081150d3e0dbde71a415aac5939bebe6efb603541e24413a7b6b",
  "goal_id": "goal:pending-surface",
  "goal_version": "1",
  "operation": "import",
  "status": "authoritative"
}
{
  "baseline_digest": "sha256:275194ef34be081150d3e0dbde71a415aac5939bebe6efb603541e24413a7b6b",
  "goal_id": "goal:pending-surface",
  "goal_version": "1",
  "operation": "import",
  "status": "authoritative"
}
{
  "baseline_digest": "sha256:275194ef34be081150d3e0dbde71a415aac5939bebe6efb603541e24413a7b6b",
  "goal_id": "goal:pending-surface",
  "goal_version": "1",
  "operation": "import",
  "status": "authoritative"
}
{
  "baseline_digest": "sha256:275194ef34be081150d3e0dbde71a415aac5939bebe6efb603541e24413a7b6b",
  "goal_id": "goal:pending-surface",
  "goal_version": "1",
  "operation": "import",
  "status": "authoritative"
}
{
  "baseline_digest": "sha256:275194ef34be081150d3e0dbde71a415aac5939bebe6efb603541e24413a7b6b",
  "goal_id": "goal:pending-surface",
  "goal_version": "1",
  "operation": "import",
  "status": "authoritative"
}
{
  "baseline_digest": "sha256:275194ef34be081150d3e0dbde71a415aac5939bebe6efb603541e24413a7b6b",
  "goal_id": "goal:pending-surface",
  "goal_version": "1",
  "operation": "import",
  "status": "authoritative"
}
{
  "baseline_digest": "sha256:275194ef34be081150d3e0dbde71a415aac5939bebe6efb603541e24413a7b6b",
  "goal_id": "goal:pending-surface",
  "goal_version": "1",
  "operation": "import",
  "status": "authoritative"
}
{
  "baseline_digest": "sha256:275194ef34be081150d3e0dbde71a415aac5939bebe6efb603541e24413a7b6b",
  "goal_id": "goal:pending-surface",
  "goal_version": "1",
  "operation": "import",
  "status": "authoritative"
}
{
  "baseline_digest": "sha256:275194ef34be081150d3e0dbde71a415aac5939bebe6efb603541e24413a7b6b",
  "goal_id": "goal:pending-surface",
  "goal_version": "1",
  "operation": "import",
  "status": "authoritative"
}
{
  "baseline_digest": "sha256:275194ef34be081150d3e0dbde71a415aac5939bebe6efb603541e24413a7b6b",
  "goal_id": "goal:pending-surface",
  "goal_version": "1",
  "operation": "import",
  "status": "authoritative"
}
{
  "baseline_digest": "sha256:275194ef34be081150d3e0dbde71a415aac5939bebe6efb603541e24413a7b6b",
  "goal_id": "goal:pending-surface",
  "goal_version": "1",
  "operation": "import",
  "status": "authoritative"
}
{
  "baseline_digest": "sha256:275194ef34be081150d3e0dbde71a415aac5939bebe6efb603541e24413a7b6b",
  "goal_id": "goal:pending-surface",
  "goal_version": "1",
  "operation": "import",
  "status": "authoritative"
}
{
  "baseline_digest": "sha256:275194ef34be081150d3e0dbde71a415aac5939bebe6efb603541e24413a7b6b",
  "goal_id": "goal:pending-surface",
  "goal_version": "1",
  "operation": "import",
  "status": "authoritative"
}
{
  "baseline_digest": "sha256:275194ef34be081150d3e0dbde71a415aac5939bebe6efb603541e24413a7b6b",
  "goal_id": "goal:pending-surface",
  "goal_version": "1",
  "operation": "import",
  "status": "authoritative"
}
{
  "baseline_digest": "sha256:275194ef34be081150d3e0dbde71a415aac5939bebe6efb603541e24413a7b6b",
  "goal_id": "goal:pending-surface",
  "goal_version": "1",
  "operation": "import",
  "status": "authoritative"
}
{
  "baseline_digest": "sha256:275194ef34be081150d3e0dbde71a415aac5939bebe6efb603541e24413a7b6b",
  "goal_id": "goal:pending-surface",
  "goal_version": "1",
  "operation": "import",
  "status": "authoritative"
}
{
  "baseline_digest": "sha256:275194ef34be081150d3e0dbde71a415aac5939bebe6efb603541e24413a7b6b",
  "goal_id": "goal:pending-surface",
  "goal_version": "1",
  "operation": "import",
  "status": "authoritative"
}
{
  "baseline_digest": "sha256:275194ef34be081150d3e0dbde71a415aac5939bebe6efb603541e24413a7b6b",
  "goal_id": "goal:pending-surface",
  "goal_version": "1",
  "operation": "import",
  "status": "authoritative"
}
{
  "baseline_digest": "sha256:275194ef34be081150d3e0dbde71a415aac5939bebe6efb603541e24413a7b6b",
  "goal_id": "goal:pending-surface",
  "goal_version": "1",
  "operation": "import",
  "status": "authoritative"
}
{
  "baseline_digest": "sha256:275194ef34be081150d3e0dbde71a415aac5939bebe6efb603541e24413a7b6b",
  "goal_id": "goal:pending-surface",
  "goal_version": "1",
  "operation": "import",
  "status": "authoritative"
}
{
  "baseline_digest": "sha256:275194ef34be081150d3e0dbde71a415aac5939bebe6efb603541e24413a7b6b",
  "goal_id": "goal:pending-surface",
  "goal_version": "1",
  "operation": "import",
  "status": "authoritative"
}
{
  "baseline_digest": "sha256:275194ef34be081150d3e0dbde71a415aac5939bebe6efb603541e24413a7b6b",
  "goal_id": "goal:pending-surface",
  "goal_version": "1",
  "operation": "import",
  "status": "authoritative"
}
{
  "baseline_digest": "sha256:275194ef34be081150d3e0dbde71a415aac5939bebe6efb603541e24413a7b6b",
  "goal_id": "goal:pending-surface",
  "goal_version": "1",
  "operation": "import",
  "status": "authoritative"
}
{
  "baseline_digest": "sha256:275194ef34be081150d3e0dbde71a415aac5939bebe6efb603541e24413a7b6b",
  "goal_id": "goal:pending-surface",
  "goal_version": "1",
  "operation": "import",
  "status": "authoritative"
}
{
  "baseline_digest": "sha256:275194ef34be081150d3e0dbde71a415aac5939bebe6efb603541e24413a7b6b",
  "goal_id": "goal:pending-surface",
  "goal_version": "1",
  "operation": "import",
  "status": "authoritative"
}
{
  "baseline_digest": "sha256:275194ef34be081150d3e0dbde71a415aac5939bebe6efb603541e24413a7b6b",
  "goal_id": "goal:pending-surface",
  "goal_version": "1",
  "operation": "import",
  "status": "authoritative"
}
{
  "baseline_digest": "sha256:275194ef34be081150d3e0dbde71a415aac5939bebe6efb603541e24413a7b6b",
  "goal_id": "goal:pending-surface",
  "goal_version": "1",
  "operation": "import",
  "status": "authoritative"
}
{
  "baseline_digest": "sha256:275194ef34be081150d3e0dbde71a415aac5939bebe6efb603541e24413a7b6b",
  "goal_id": "goal:pending-surface",
  "goal_version": "1",
  "operation": "import",
  "status": "authoritative"
}
{
  "baseline_digest": "sha256:275194ef34be081150d3e0dbde71a415aac5939bebe6efb603541e24413a7b6b",
  "goal_id": "goal:pending-surface",
  "goal_version": "1",
  "operation": "import",
  "status": "authoritative"
}
{
  "baseline_digest": "sha256:275194ef34be081150d3e0dbde71a415aac5939bebe6efb603541e24413a7b6b",
  "goal_id": "goal:pending-surface",
  "goal_version": "1",
  "operation": "import",
  "status": "authoritative"
}
{
  "baseline_digest": "sha256:275194ef34be081150d3e0dbde71a415aac5939bebe6efb603541e24413a7b6b",
  "goal_id": "goal:pending-surface",
  "goal_version": "1",
  "operation": "import",
  "status": "authoritative"
}
{
  "baseline_digest": "sha256:275194ef34be081150d3e0dbde71a415aac5939bebe6efb603541e24413a7b6b",
  "goal_id": "goal:pending-surface",
  "goal_version": "1",
  "operation": "import",
  "status": "authoritative"
}
{
  "baseline_digest": "sha256:275194ef34be081150d3e0dbde71a415aac5939bebe6efb603541e24413a7b6b",
  "goal_id": "goal:pending-surface",
  "goal_version": "1",
  "operation": "import",
  "status": "authoritative"
}
{
  "baseline_digest": "sha256:275194ef34be081150d3e0dbde71a415aac5939bebe6efb603541e24413a7b6b",
  "goal_id": "goal:pending-surface",
  "goal_version": "1",
  "operation": "import",
  "status": "authoritative"
}
{
  "baseline_digest": "sha256:275194ef34be081150d3e0dbde71a415aac5939bebe6efb603541e24413a7b6b",
  "goal_id": "goal:pending-surface",
  "goal_version": "1",
  "operation": "import",
  "status": "authoritative"
}
{
  "baseline_digest": "sha256:275194ef34be081150d3e0dbde71a415aac5939bebe6efb603541e24413a7b6b",
  "goal_id": "goal:pending-surface",
  "goal_version": "1",
  "operation": "import",
  "status": "authoritative"
}
{
  "baseline_digest": "sha256:275194ef34be081150d3e0dbde71a415aac5939bebe6efb603541e24413a7b6b",
  "goal_id": "goal:pending-surface",
  "goal_version": "1",
  "operation": "import",
  "status": "authoritative"
}
{
  "baseline_digest": "sha256:275194ef34be081150d3e0dbde71a415aac5939bebe6efb603541e24413a7b6b",
  "goal_id": "goal:pending-surface",
  "goal_version": "1",
  "operation": "import",
  "status": "authoritative"
}
{
  "baseline_digest": "sha256:275194ef34be081150d3e0dbde71a415aac5939bebe6efb603541e24413a7b6b",
  "goal_id": "goal:pending-surface",
  "goal_version": "1",
  "operation": "import",
  "status": "authoritative"
}
{
  "baseline_digest": "sha256:275194ef34be081150d3e0dbde71a415aac5939bebe6efb603541e24413a7b6b",
  "goal_id": "goal:pending-surface",
  "goal_version": "1",
  "operation": "import",
  "status": "authoritative"
}
{
  "baseline_digest": "sha256:275194ef34be081150d3e0dbde71a415aac5939bebe6efb603541e24413a7b6b",
  "goal_id": "goal:pending-surface",
  "goal_version": "1",
  "operation": "import",
  "status": "authoritative"
}
{
  "baseline_digest": "sha256:275194ef34be081150d3e0dbde71a415aac5939bebe6efb603541e24413a7b6b",
  "goal_id": "goal:pending-surface",
  "goal_version": "1",
  "operation": "import",
  "status": "authoritative"
}
{
  "baseline_digest": "sha256:275194ef34be081150d3e0dbde71a415aac5939bebe6efb603541e24413a7b6b",
  "goal_id": "goal:pending-surface",
  "goal_version": "1",
  "operation": "import",
  "status": "authoritative"
}
{
  "baseline_digest": "sha256:275194ef34be081150d3e0dbde71a415aac5939bebe6efb603541e24413a7b6b",
  "goal_id": "goal:pending-surface",
  "goal_version": "1",
  "operation": "import",
  "status": "authoritative"
}
{
  "baseline_digest": "sha256:275194ef34be081150d3e0dbde71a415aac5939bebe6efb603541e24413a7b6b",
  "goal_id": "goal:pending-surface",
  "goal_version": "1",
  "operation": "import",
  "status": "authoritative"
}
{
  "baseline_digest": "sha256:275194ef34be081150d3e0dbde71a415aac5939bebe6efb603541e24413a7b6b",
  "goal_id": "goal:pending-surface",
  "goal_version": "1",
  "operation": "import",
  "status": "authoritative"
}
{
  "baseline_digest": "sha256:275194ef34be081150d3e0dbde71a415aac5939bebe6efb603541e24413a7b6b",
  "goal_id": "goal:pending-surface",
  "goal_version": "1",
  "operation": "import",
  "status": "authoritative"
}
{
  "baseline_digest": "sha256:275194ef34be081150d3e0dbde71a415aac5939bebe6efb603541e24413a7b6b",
  "goal_id": "goal:pending-surface",
  "goal_version": "1",
  "operation": "import",
  "status": "authoritative"
}
{
  "baseline_digest": "sha256:275194ef34be081150d3e0dbde71a415aac5939bebe6efb603541e24413a7b6b",
  "goal_id": "goal:pending-surface",
  "goal_version": "1",
  "operation": "import",
  "status": "authoritative"
}
{
  "baseline_digest": "sha256:275194ef34be081150d3e0dbde71a415aac5939bebe6efb603541e24413a7b6b",
  "goal_id": "goal:pending-surface",
  "goal_version": "1",
  "operation": "import",
  "status": "authoritative"
}
{
  "baseline_digest": "sha256:275194ef34be081150d3e0dbde71a415aac5939bebe6efb603541e24413a7b6b",
  "goal_id": "goal:pending-surface",
  "goal_version": "1",
  "operation": "import",
  "status": "authoritative"
}
{
  "baseline_digest": "sha256:275194ef34be081150d3e0dbde71a415aac5939bebe6efb603541e24413a7b6b",
  "goal_id": "goal:pending-surface",
  "goal_version": "1",
  "operation": "import",
  "status": "authoritative"
}
{
  "baseline_digest": "sha256:275194ef34be081150d3e0dbde71a415aac5939bebe6efb603541e24413a7b6b",
  "goal_id": "goal:pending-surface",
  "goal_version": "1",
  "operation": "import",
  "status": "authoritative"
}
{
  "baseline_digest": "sha256:275194ef34be081150d3e0dbde71a415aac5939bebe6efb603541e24413a7b6b",
  "goal_id": "goal:pending-surface",
  "goal_version": "1",
  "operation": "import",
  "status": "authoritative"
}
{
  "baseline_digest": "sha256:275194ef34be081150d3e0dbde71a415aac5939bebe6efb603541e24413a7b6b",
  "goal_id": "goal:pending-surface",
  "goal_version": "1",
  "operation": "import",
  "status": "authoritative"
}
{
  "baseline_digest": "sha256:275194ef34be081150d3e0dbde71a415aac5939bebe6efb603541e24413a7b6b",
  "goal_id": "goal:pending-surface",
  "goal_version": "1",
  "operation": "import",
  "status": "authoritative"
}
{
  "baseline_digest": "sha256:275194ef34be081150d3e0dbde71a415aac5939bebe6efb603541e24413a7b6b",
  "goal_id": "goal:pending-surface",
  "goal_version": "1",
  "operation": "import",
  "status": "authoritative"
}
{
  "baseline_digest": "sha256:275194ef34be081150d3e0dbde71a415aac5939bebe6efb603541e24413a7b6b",
  "goal_id": "goal:pending-surface",
  "goal_version": "1",
  "operation": "import",
  "status": "authoritative"
}
{
  "baseline_digest": "sha256:275194ef34be081150d3e0dbde71a415aac5939bebe6efb603541e24413a7b6b",
  "goal_id": "goal:pending-surface",
  "goal_version": "1",
  "operation": "import",
  "status": "authoritative"
}
{
  "baseline_digest": "sha256:275194ef34be081150d3e0dbde71a415aac5939bebe6efb603541e24413a7b6b",
  "goal_id": "goal:pending-surface",
  "goal_version": "1",
  "operation": "import",
  "status": "authoritative"
}
{
  "baseline_digest": "sha256:275194ef34be081150d3e0dbde71a415aac5939bebe6efb603541e24413a7b6b",
  "goal_id": "goal:pending-surface",
  "goal_version": "1",
  "operation": "import",
  "status": "authoritative"
}
{
  "baseline_digest": "sha256:275194ef34be081150d3e0dbde71a415aac5939bebe6efb603541e24413a7b6b",
  "goal_id": "goal:pending-surface",
  "goal_version": "1",
  "operation": "import",
  "status": "authoritative"
}
{
  "baseline_digest": "sha256:275194ef34be081150d3e0dbde71a415aac5939bebe6efb603541e24413a7b6b",
  "goal_id": "goal:pending-surface",
  "goal_version": "1",
  "operation": "import",
  "status": "authoritative"
}
{
  "baseline_digest": "sha256:275194ef34be081150d3e0dbde71a415aac5939bebe6efb603541e24413a7b6b",
  "goal_id": "goal:pending-surface",
  "goal_version": "1",
  "operation": "import",
  "status": "authoritative"
}
{
  "baseline_digest": "sha256:275194ef34be081150d3e0dbde71a415aac5939bebe6efb603541e24413a7b6b",
  "goal_id": "goal:pending-surface",
  "goal_version": "1",
  "operation": "import",
  "status": "authoritative"
}
{
  "baseline_digest": "sha256:275194ef34be081150d3e0dbde71a415aac5939bebe6efb603541e24413a7b6b",
  "goal_id": "goal:pending-surface",
  "goal_version": "1",
  "operation": "import",
  "status": "authoritative"
}
{
  "baseline_digest": "sha256:275194ef34be081150d3e0dbde71a415aac5939bebe6efb603541e24413a7b6b",
  "goal_id": "goal:pending-surface",
  "goal_version": "1",
  "operation": "import",
  "status": "authoritative"
}
{
  "baseline_digest": "sha256:275194ef34be081150d3e0dbde71a415aac5939bebe6efb603541e24413a7b6b",
  "goal_id": "goal:pending-surface",
  "goal_version": "1",
  "operation": "import",
  "status": "authoritative"
}
{
  "baseline_digest": "sha256:275194ef34be081150d3e0dbde71a415aac5939bebe6efb603541e24413a7b6b",
  "goal_id": "goal:pending-surface",
  "goal_version": "1",
  "operation": "import",
  "status": "authoritative"
}
{
  "baseline_digest": "sha256:275194ef34be081150d3e0dbde71a415aac5939bebe6efb603541e24413a7b6b",
  "goal_id": "goal:pending-surface",
  "goal_version": "1",
  "operation": "import",
  "status": "authoritative"
}
{
  "baseline_digest": "sha256:275194ef34be081150d3e0dbde71a415aac5939bebe6efb603541e24413a7b6b",
  "goal_id": "goal:pending-surface",
  "goal_version": "1",
  "operation": "import",
  "status": "authoritative"
}
{
  "baseline_digest": "sha256:275194ef34be081150d3e0dbde71a415aac5939bebe6efb603541e24413a7b6b",
  "goal_id": "goal:pending-surface",
  "goal_version": "1",
  "operation": "import",
  "status": "authoritative"
}
{
  "baseline_digest": "sha256:275194ef34be081150d3e0dbde71a415aac5939bebe6efb603541e24413a7b6b",
  "goal_id": "goal:pending-surface",
  "goal_version": "1",
  "operation": "import",
  "status": "authoritative"
}
{
  "baseline_digest": "sha256:275194ef34be081150d3e0dbde71a415aac5939bebe6efb603541e24413a7b6b",
  "goal_id": "goal:pending-surface",
  "goal_version": "1",
  "operation": "import",
  "status": "authoritative"
}
{
  "baseline_digest": "sha256:275194ef34be081150d3e0dbde71a415aac5939bebe6efb603541e24413a7b6b",
  "goal_id": "goal:pending-surface",
  "goal_version": "1",
  "operation": "import",
  "status": "authoritative"
}
{
  "baseline_digest": "sha256:275194ef34be081150d3e0dbde71a415aac5939bebe6efb603541e24413a7b6b",
  "goal_id": "goal:pending-surface",
  "goal_version": "1",
  "operation": "import",
  "status": "authoritative"
}
{
  "baseline_digest": "sha256:275194ef34be081150d3e0dbde71a415aac5939bebe6efb603541e24413a7b6b",
  "goal_id": "goal:pending-surface",
  "goal_version": "1",
  "operation": "import",
  "status": "authoritative"
}
{
  "baseline_digest": "sha256:275194ef34be081150d3e0dbde71a415aac5939bebe6efb603541e24413a7b6b",
  "goal_id": "goal:pending-surface",
  "goal_version": "1",
  "operation": "import",
  "status": "authoritative"
}
{
  "baseline_digest": "sha256:275194ef34be081150d3e0dbde71a415aac5939bebe6efb603541e24413a7b6b",
  "goal_id": "goal:pending-surface",
  "goal_version": "1",
  "operation": "import",
  "status": "authoritative"
}
{
  "baseline_digest": "sha256:275194ef34be081150d3e0dbde71a415aac5939bebe6efb603541e24413a7b6b",
  "goal_id": "goal:pending-surface",
  "goal_version": "1",
  "operation": "import",
  "status": "authoritative"
}
{
  "baseline_digest": "sha256:275194ef34be081150d3e0dbde71a415aac5939bebe6efb603541e24413a7b6b",
  "goal_id": "goal:pending-surface",
  "goal_version": "1",
  "operation": "import",
  "status": "authoritative"
}
{
  "baseline_digest": "sha256:275194ef34be081150d3e0dbde71a415aac5939bebe6efb603541e24413a7b6b",
  "goal_id": "goal:pending-surface",
  "goal_version": "1",
  "operation": "import",
  "status": "authoritative"
}
{
  "baseline_digest": "sha256:275194ef34be081150d3e0dbde71a415aac5939bebe6efb603541e24413a7b6b",
  "goal_id": "goal:pending-surface",
  "goal_version": "1",
  "operation": "import",
  "status": "authoritative"
}
{
  "baseline_digest": "sha256:275194ef34be081150d3e0dbde71a415aac5939bebe6efb603541e24413a7b6b",
  "goal_id": "goal:pending-surface",
  "goal_version": "1",
  "operation": "import",
  "status": "authoritative"
}
{
  "baseline_digest": "sha256:275194ef34be081150d3e0dbde71a415aac5939bebe6efb603541e24413a7b6b",
  "goal_id": "goal:pending-surface",
  "goal_version": "1",
  "operation": "import",
  "status": "authoritative"
}
{
  "baseline_digest": "sha256:275194ef34be081150d3e0dbde71a415aac5939bebe6efb603541e24413a7b6b",
  "goal_id": "goal:pending-surface",
  "goal_version": "1",
  "operation": "import",
  "status": "authoritative"
}
{
  "baseline_digest": "sha256:275194ef34be081150d3e0dbde71a415aac5939bebe6efb603541e24413a7b6b",
  "goal_id": "goal:pending-surface",
  "goal_version": "1",
  "operation": "import",
  "status": "authoritative"
}
{
  "baseline_digest": "sha256:275194ef34be081150d3e0dbde71a415aac5939bebe6efb603541e24413a7b6b",
  "goal_id": "goal:pending-surface",
  "goal_version": "1",
  "operation": "import",
  "status": "authoritative"
}
{
  "baseline_digest": "sha256:275194ef34be081150d3e0dbde71a415aac5939bebe6efb603541e24413a7b6b",
  "goal_id": "goal:pending-surface",
  "goal_version": "1",
  "operation": "import",
  "status": "authoritative"
}
{
  "baseline_digest": "sha256:275194ef34be081150d3e0dbde71a415aac5939bebe6efb603541e24413a7b6b",
  "goal_id": "goal:pending-surface",
  "goal_version": "1",
  "operation": "import",
  "status": "authoritative"
}
{
  "baseline_digest": "sha256:275194ef34be081150d3e0dbde71a415aac5939bebe6efb603541e24413a7b6b",
  "goal_id": "goal:pending-surface",
  "goal_version": "1",
  "operation": "import",
  "status": "authoritative"
}
{
  "baseline_digest": "sha256:275194ef34be081150d3e0dbde71a415aac5939bebe6efb603541e24413a7b6b",
  "goal_id": "goal:pending-surface",
  "goal_version": "1",
  "operation": "import",
  "status": "authoritative"
}
{
  "baseline_digest": "sha256:275194ef34be081150d3e0dbde71a415aac5939bebe6efb603541e24413a7b6b",
  "goal_id": "goal:pending-surface",
  "goal_version": "1",
  "operation": "import",
  "status": "authoritative"
}
{
  "baseline_digest": "sha256:275194ef34be081150d3e0dbde71a415aac5939bebe6efb603541e24413a7b6b",
  "goal_id": "goal:pending-surface",
  "goal_version": "1",
  "operation": "import",
  "status": "authoritative"
}
{
  "baseline_digest": "sha256:275194ef34be081150d3e0dbde71a415aac5939bebe6efb603541e24413a7b6b",
  "goal_id": "goal:pending-surface",
  "goal_version": "1",
  "operation": "import",
  "status": "authoritative"
}
{
  "baseline_digest": "sha256:275194ef34be081150d3e0dbde71a415aac5939bebe6efb603541e24413a7b6b",
  "goal_id": "goal:pending-surface",
  "goal_version": "1",
  "operation": "import",
  "status": "authoritative"
}
{
  "baseline_digest": "sha256:275194ef34be081150d3e0dbde71a415aac5939bebe6efb603541e24413a7b6b",
  "goal_id": "goal:pending-surface",
  "goal_version": "1",
  "operation": "import",
  "status": "authoritative"
}
{
  "baseline_digest": "sha256:275194ef34be081150d3e0dbde71a415aac5939bebe6efb603541e24413a7b6b",
  "goal_id": "goal:pending-surface",
  "goal_version": "1",
  "operation": "import",
  "status": "authoritative"
}
{
  "baseline_digest": "sha256:275194ef34be081150d3e0dbde71a415aac5939bebe6efb603541e24413a7b6b",
  "goal_id": "goal:pending-surface",
  "goal_version": "1",
  "operation": "import",
  "status": "authoritative"
}
{
  "baseline_digest": "sha256:275194ef34be081150d3e0dbde71a415aac5939bebe6efb603541e24413a7b6b",
  "goal_id": "goal:pending-surface",
  "goal_version": "1",
  "operation": "import",
  "status": "authoritative"
}
{
  "baseline_digest": "sha256:275194ef34be081150d3e0dbde71a415aac5939bebe6efb603541e24413a7b6b",
  "goal_id": "goal:pending-surface",
  "goal_version": "1",
  "operation": "import",
  "status": "authoritative"
}
{
  "baseline_digest": "sha256:275194ef34be081150d3e0dbde71a415aac5939bebe6efb603541e24413a7b6b",
  "goal_id": "goal:pending-surface",
  "goal_version": "1",
  "operation": "import",
  "status": "authoritative"
}
{
  "baseline_digest": "sha256:275194ef34be081150d3e0dbde71a415aac5939bebe6efb603541e24413a7b6b",
  "goal_id": "goal:pending-surface",
  "goal_version": "1",
  "operation": "import",
  "status": "authoritative"
}
{
  "baseline_digest": "sha256:275194ef34be081150d3e0dbde71a415aac5939bebe6efb603541e24413a7b6b",
  "goal_id": "goal:pending-surface",
  "goal_version": "1",
  "operation": "import",
  "status": "authoritative"
}
{
  "baseline_digest": "sha256:275194ef34be081150d3e0dbde71a415aac5939bebe6efb603541e24413a7b6b",
  "goal_id": "goal:pending-surface",
  "goal_version": "1",
  "operation": "import",
  "status": "authoritative"
}
{
  "baseline_digest": "sha256:275194ef34be081150d3e0dbde71a415aac5939bebe6efb603541e24413a7b6b",
  "goal_id": "goal:pending-surface",
  "goal_version": "1",
  "operation": "import",
  "status": "authoritative"
}
{
  "baseline_digest": "sha256:275194ef34be081150d3e0dbde71a415aac5939bebe6efb603541e24413a7b6b",
  "goal_id": "goal:pending-surface",
  "goal_version": "1",
  "operation": "import",
  "status": "authoritative"
}
{
  "baseline_digest": "sha256:275194ef34be081150d3e0dbde71a415aac5939bebe6efb603541e24413a7b6b",
  "goal_id": "goal:pending-surface",
  "goal_version": "1",
  "operation": "import",
  "status": "authoritative"
}
{
  "baseline_digest": "sha256:275194ef34be081150d3e0dbde71a415aac5939bebe6efb603541e24413a7b6b",
  "goal_id": "goal:pending-surface",
  "goal_version": "1",
  "operation": "import",
  "status": "authoritative"
}
{
  "baseline_digest": "sha256:275194ef34be081150d3e0dbde71a415aac5939bebe6efb603541e24413a7b6b",
  "goal_id": "goal:pending-surface",
  "goal_version": "1",
  "operation": "import",
  "status": "authoritative"
}
{
  "baseline_digest": "sha256:275194ef34be081150d3e0dbde71a415aac5939bebe6efb603541e24413a7b6b",
  "goal_id": "goal:pending-surface",
  "goal_version": "1",
  "operation": "import",
  "status": "authoritative"
}
{
  "baseline_digest": "sha256:275194ef34be081150d3e0dbde71a415aac5939bebe6efb603541e24413a7b6b",
  "goal_id": "goal:pending-surface",
  "goal_version": "1",
  "operation": "import",
  "status": "authoritative"
}
{
  "baseline_digest": "sha256:275194ef34be081150d3e0dbde71a415aac5939bebe6efb603541e24413a7b6b",
  "goal_id": "goal:pending-surface",
  "goal_version": "1",
  "operation": "import",
  "status": "authoritative"
}
{
  "baseline_digest": "sha256:275194ef34be081150d3e0dbde71a415aac5939bebe6efb603541e24413a7b6b",
  "goal_id": "goal:pending-surface",
  "goal_version": "1",
  "operation": "import",
  "status": "authoritative"
}
{
  "baseline_digest": "sha256:275194ef34be081150d3e0dbde71a415aac5939bebe6efb603541e24413a7b6b",
  "goal_id": "goal:pending-surface",
  "goal_version": "1",
  "operation": "import",
  "status": "authoritative"
}
{
  "baseline_digest": "sha256:275194ef34be081150d3e0dbde71a415aac5939bebe6efb603541e24413a7b6b",
  "goal_id": "goal:pending-surface",
  "goal_version": "1",
  "operation": "import",
  "status": "authoritative"
}
{
  "baseline_digest": "sha256:275194ef34be081150d3e0dbde71a415aac5939bebe6efb603541e24413a7b6b",
  "goal_id": "goal:pending-surface",
  "goal_version": "1",
  "operation": "import",
  "status": "authoritative"
}
{
  "baseline_digest": "sha256:275194ef34be081150d3e0dbde71a415aac5939bebe6efb603541e24413a7b6b",
  "goal_id": "goal:pending-surface",
  "goal_version": "1",
  "operation": "import",
  "status": "authoritative"
}
{
  "baseline_digest": "sha256:275194ef34be081150d3e0dbde71a415aac5939bebe6efb603541e24413a7b6b",
  "goal_id": "goal:pending-surface",
  "goal_version": "1",
  "operation": "import",
  "status": "authoritative"
}
{
  "baseline_digest": "sha256:275194ef34be081150d3e0dbde71a415aac5939bebe6efb603541e24413a7b6b",
  "goal_id": "goal:pending-surface",
  "goal_version": "1",
  "operation": "import",
  "status": "authoritative"
}
{
  "baseline_digest": "sha256:275194ef34be081150d3e0dbde71a415aac5939bebe6efb603541e24413a7b6b",
  "goal_id": "goal:pending-surface",
  "goal_version": "1",
  "operation": "import",
  "status": "authoritative"
}
{
  "baseline_digest": "sha256:275194ef34be081150d3e0dbde71a415aac5939bebe6efb603541e24413a7b6b",
  "goal_id": "goal:pending-surface",
  "goal_version": "1",
  "operation": "import",
  "status": "authoritative"
}
{
  "baseline_digest": "sha256:275194ef34be081150d3e0dbde71a415aac5939bebe6efb603541e24413a7b6b",
  "goal_id": "goal:pending-surface",
  "goal_version": "1",
  "operation": "import",
  "status": "authoritative"
}
{
  "baseline_digest": "sha256:275194ef34be081150d3e0dbde71a415aac5939bebe6efb603541e24413a7b6b",
  "goal_id": "goal:pending-surface",
  "goal_version": "1",
  "operation": "import",
  "status": "authoritative"
}
{
  "baseline_digest": "sha256:275194ef34be081150d3e0dbde71a415aac5939bebe6efb603541e24413a7b6b",
  "goal_id": "goal:pending-surface",
  "goal_version": "1",
  "operation": "import",
  "status": "authoritative"
}
{
  "baseline_digest": "sha256:275194ef34be081150d3e0dbde71a415aac5939bebe6efb603541e24413a7b6b",
  "goal_id": "goal:pending-surface",
  "goal_version": "1",
  "operation": "import",
  "status": "authoritative"
}
{
  "baseline_digest": "sha256:275194ef34be081150d3e0dbde71a415aac5939bebe6efb603541e24413a7b6b",
  "goal_id": "goal:pending-surface",
  "goal_version": "1",
  "operation": "import",
  "status": "authoritative"
}
{
  "baseline_digest": "sha256:275194ef34be081150d3e0dbde71a415aac5939bebe6efb603541e24413a7b6b",
  "goal_id": "goal:pending-surface",
  "goal_version": "1",
  "operation": "import",
  "status": "authoritative"
}
{
  "baseline_digest": "sha256:275194ef34be081150d3e0dbde71a415aac5939bebe6efb603541e24413a7b6b",
  "goal_id": "goal:pending-surface",
  "goal_version": "1",
  "operation": "import",
  "status": "authoritative"
}
{
  "baseline_digest": "sha256:275194ef34be081150d3e0dbde71a415aac5939bebe6efb603541e24413a7b6b",
  "goal_id": "goal:pending-surface",
  "goal_version": "1",
  "operation": "import",
  "status": "authoritative"
}
{
  "baseline_digest": "sha256:275194ef34be081150d3e0dbde71a415aac5939bebe6efb603541e24413a7b6b",
  "goal_id": "goal:pending-surface",
  "goal_version": "1",
  "operation": "import",
  "status": "authoritative"
}
{
  "baseline_digest": "sha256:275194ef34be081150d3e0dbde71a415aac5939bebe6efb603541e24413a7b6b",
  "goal_id": "goal:pending-surface",
  "goal_version": "1",
  "operation": "import",
  "status": "authoritative"
}
{
  "baseline_digest": "sha256:275194ef34be081150d3e0dbde71a415aac5939bebe6efb603541e24413a7b6b",
  "goal_id": "goal:pending-surface",
  "goal_version": "1",
  "operation": "import",
  "status": "authoritative"
}
{
  "baseline_digest": "sha256:275194ef34be081150d3e0dbde71a415aac5939bebe6efb603541e24413a7b6b",
  "goal_id": "goal:pending-surface",
  "goal_version": "1",
  "operation": "import",
  "status": "authoritative"
}
{
  "baseline_digest": "sha256:275194ef34be081150d3e0dbde71a415aac5939bebe6efb603541e24413a7b6b",
  "goal_id": "goal:pending-surface",
  "goal_version": "1",
  "operation": "import",
  "status": "authoritative"
}
{
  "baseline_digest": "sha256:275194ef34be081150d3e0dbde71a415aac5939bebe6efb603541e24413a7b6b",
  "goal_id": "goal:pending-surface",
  "goal_version": "1",
  "operation": "import",
  "status": "authoritative"
}
{
  "baseline_digest": "sha256:275194ef34be081150d3e0dbde71a415aac5939bebe6efb603541e24413a7b6b",
  "goal_id": "goal:pending-surface",
  "goal_version": "1",
  "operation": "import",
  "status": "authoritative"
}
{
  "baseline_digest": "sha256:275194ef34be081150d3e0dbde71a415aac5939bebe6efb603541e24413a7b6b",
  "goal_id": "goal:pending-surface",
  "goal_version": "1",
  "operation": "import",
  "status": "authoritative"
}
{
  "baseline_digest": "sha256:275194ef34be081150d3e0dbde71a415aac5939bebe6efb603541e24413a7b6b",
  "goal_id": "goal:pending-surface",
  "goal_version": "1",
  "operation": "import",
  "status": "authoritative"
}
{
  "baseline_digest": "sha256:275194ef34be081150d3e0dbde71a415aac5939bebe6efb603541e24413a7b6b",
  "goal_id": "goal:pending-surface",
  "goal_version": "1",
  "operation": "import",
  "status": "authoritative"
}
{
  "baseline_digest": "sha256:275194ef34be081150d3e0dbde71a415aac5939bebe6efb603541e24413a7b6b",
  "goal_id": "goal:pending-surface",
  "goal_version": "1",
  "operation": "import",
  "status": "authoritative"
}
{
  "baseline_digest": "sha256:275194ef34be081150d3e0dbde71a415aac5939bebe6efb603541e24413a7b6b",
  "goal_id": "goal:pending-surface",
  "goal_version": "1",
  "operation": "import",
  "status": "authoritative"
}
{
  "baseline_digest": "sha256:275194ef34be081150d3e0dbde71a415aac5939bebe6efb603541e24413a7b6b",
  "goal_id": "goal:pending-surface",
  "goal_version": "1",
  "operation": "import",
  "status": "authoritative"
}
{
  "baseline_digest": "sha256:275194ef34be081150d3e0dbde71a415aac5939bebe6efb603541e24413a7b6b",
  "goal_id": "goal:pending-surface",
  "goal_version": "1",
  "operation": "import",
  "status": "authoritative"
}
{
  "baseline_digest": "sha256:275194ef34be081150d3e0dbde71a415aac5939bebe6efb603541e24413a7b6b",
  "goal_id": "goal:pending-surface",
  "goal_version": "1",
  "operation": "import",
  "status": "authoritative"
}
{
  "baseline_digest": "sha256:275194ef34be081150d3e0dbde71a415aac5939bebe6efb603541e24413a7b6b",
  "goal_id": "goal:pending-surface",
  "goal_version": "1",
  "operation": "import",
  "status": "authoritative"
}
{
  "baseline_digest": "sha256:275194ef34be081150d3e0dbde71a415aac5939bebe6efb603541e24413a7b6b",
  "goal_id": "goal:pending-surface",
  "goal_version": "1",
  "operation": "import",
  "status": "authoritative"
}
{
  "baseline_digest": "sha256:275194ef34be081150d3e0dbde71a415aac5939bebe6efb603541e24413a7b6b",
  "goal_id": "goal:pending-surface",
  "goal_version": "1",
  "operation": "import",
  "status": "authoritative"
}
{
  "baseline_digest": "sha256:275194ef34be081150d3e0dbde71a415aac5939bebe6efb603541e24413a7b6b",
  "goal_id": "goal:pending-surface",
  "goal_version": "1",
  "operation": "import",
  "status": "authoritative"
}
{
  "baseline_digest": "sha256:275194ef34be081150d3e0dbde71a415aac5939bebe6efb603541e24413a7b6b",
  "goal_id": "goal:pending-surface",
  "goal_version": "1",
  "operation": "import",
  "status": "authoritative"
}
{
  "baseline_digest": "sha256:275194ef34be081150d3e0dbde71a415aac5939bebe6efb603541e24413a7b6b",
  "goal_id": "goal:pending-surface",
  "goal_version": "1",
  "operation": "import",
  "status": "authoritative"
}
{
  "baseline_digest": "sha256:275194ef34be081150d3e0dbde71a415aac5939bebe6efb603541e24413a7b6b",
  "goal_id": "goal:pending-surface",
  "goal_version": "1",
  "operation": "import",
  "status": "authoritative"
}
{
  "baseline_digest": "sha256:275194ef34be081150d3e0dbde71a415aac5939bebe6efb603541e24413a7b6b",
  "goal_id": "goal:pending-surface",
  "goal_version": "1",
  "operation": "import",
  "status": "authoritative"
}
{
  "baseline_digest": "sha256:275194ef34be081150d3e0dbde71a415aac5939bebe6efb603541e24413a7b6b",
  "goal_id": "goal:pending-surface",
  "goal_version": "1",
  "operation": "import",
  "status": "authoritative"
}
{
  "baseline_digest": "sha256:275194ef34be081150d3e0dbde71a415aac5939bebe6efb603541e24413a7b6b",
  "goal_id": "goal:pending-surface",
  "goal_version": "1",
  "operation": "import",
  "status": "authoritative"
}
{
  "baseline_digest": "sha256:275194ef34be081150d3e0dbde71a415aac5939bebe6efb603541e24413a7b6b",
  "goal_id": "goal:pending-surface",
  "goal_version": "1",
  "operation": "import",
  "status": "authoritative"
}
{
  "baseline_digest": "sha256:275194ef34be081150d3e0dbde71a415aac5939bebe6efb603541e24413a7b6b",
  "goal_id": "goal:pending-surface",
  "goal_version": "1",
  "operation": "import",
  "status": "authoritative"
}
{
  "baseline_digest": "sha256:275194ef34be081150d3e0dbde71a415aac5939bebe6efb603541e24413a7b6b",
  "goal_id": "goal:pending-surface",
  "goal_version": "1",
  "operation": "import",
  "status": "authoritative"
}
{
  "baseline_digest": "sha256:275194ef34be081150d3e0dbde71a415aac5939bebe6efb603541e24413a7b6b",
  "goal_id": "goal:pending-surface",
  "goal_version": "1",
  "operation": "import",
  "status": "authoritative"
}
{
  "baseline_digest": "sha256:275194ef34be081150d3e0dbde71a415aac5939bebe6efb603541e24413a7b6b",
  "goal_id": "goal:pending-surface",
  "goal_version": "1",
  "operation": "import",
  "status": "authoritative"
}
{
  "baseline_digest": "sha256:275194ef34be081150d3e0dbde71a415aac5939bebe6efb603541e24413a7b6b",
  "goal_id": "goal:pending-surface",
  "goal_version": "1",
  "operation": "import",
  "status": "authoritative"
}
{
  "baseline_digest": "sha256:275194ef34be081150d3e0dbde71a415aac5939bebe6efb603541e24413a7b6b",
  "goal_id": "goal:pending-surface",
  "goal_version": "1",
  "operation": "import",
  "status": "authoritative"
}
{
  "baseline_digest": "sha256:275194ef34be081150d3e0dbde71a415aac5939bebe6efb603541e24413a7b6b",
  "goal_id": "goal:pending-surface",
  "goal_version": "1",
  "operation": "import",
  "status": "authoritative"
}
{
  "baseline_digest": "sha256:275194ef34be081150d3e0dbde71a415aac5939bebe6efb603541e24413a7b6b",
  "goal_id": "goal:pending-surface",
  "goal_version": "1",
  "operation": "import",
  "status": "authoritative"
}
{
  "baseline_digest": "sha256:275194ef34be081150d3e0dbde71a415aac5939bebe6efb603541e24413a7b6b",
  "goal_id": "goal:pending-surface",
  "goal_version": "1",
  "operation": "import",
  "status": "authoritative"
}
{
  "baseline_digest": "sha256:275194ef34be081150d3e0dbde71a415aac5939bebe6efb603541e24413a7b6b",
  "goal_id": "goal:pending-surface",
  "goal_version": "1",
  "operation": "import",
  "status": "authoritative"
}
{
  "baseline_digest": "sha256:275194ef34be081150d3e0dbde71a415aac5939bebe6efb603541e24413a7b6b",
  "goal_id": "goal:pending-surface",
  "goal_version": "1",
  "operation": "import",
  "status": "authoritative"
}
{
  "baseline_digest": "sha256:275194ef34be081150d3e0dbde71a415aac5939bebe6efb603541e24413a7b6b",
  "goal_id": "goal:pending-surface",
  "goal_version": "1",
  "operation": "import",
  "status": "authoritative"
}
{
  "baseline_digest": "sha256:275194ef34be081150d3e0dbde71a415aac5939bebe6efb603541e24413a7b6b",
  "goal_id": "goal:pending-surface",
  "goal_version": "1",
  "operation": "import",
  "status": "authoritative"
}
{
  "baseline_digest": "sha256:275194ef34be081150d3e0dbde71a415aac5939bebe6efb603541e24413a7b6b",
  "goal_id": "goal:pending-surface",
  "goal_version": "1",
  "operation": "import",
  "status": "authoritative"
}
{
  "baseline_digest": "sha256:275194ef34be081150d3e0dbde71a415aac5939bebe6efb603541e24413a7b6b",
  "goal_id": "goal:pending-surface",
  "goal_version": "1",
  "operation": "import",
  "status": "authoritative"
}
{
  "baseline_digest": "sha256:275194ef34be081150d3e0dbde71a415aac5939bebe6efb603541e24413a7b6b",
  "goal_id": "goal:pending-surface",
  "goal_version": "1",
  "operation": "import",
  "status": "authoritative"
}
{
  "baseline_digest": "sha256:275194ef34be081150d3e0dbde71a415aac5939bebe6efb603541e24413a7b6b",
  "goal_id": "goal:pending-surface",
  "goal_version": "1",
  "operation": "import",
  "status": "authoritative"
}
{
  "baseline_digest": "sha256:275194ef34be081150d3e0dbde71a415aac5939bebe6efb603541e24413a7b6b",
  "goal_id": "goal:pending-surface",
  "goal_version": "1",
  "operation": "import",
  "status": "authoritative"
}
{
  "baseline_digest": "sha256:275194ef34be081150d3e0dbde71a415aac5939bebe6efb603541e24413a7b6b",
  "goal_id": "goal:pending-surface",
  "goal_version": "1",
  "operation": "import",
  "status": "authoritative"
}
{
  "baseline_digest": "sha256:275194ef34be081150d3e0dbde71a415aac5939bebe6efb603541e24413a7b6b",
  "goal_id": "goal:pending-surface",
  "goal_version": "1",
  "operation": "import",
  "status": "authoritative"
}
{
  "baseline_digest": "sha256:275194ef34be081150d3e0dbde71a415aac5939bebe6efb603541e24413a7b6b",
  "goal_id": "goal:pending-surface",
  "goal_version": "1",
  "operation": "import",
  "status": "authoritative"
}
{
  "baseline_digest": "sha256:275194ef34be081150d3e0dbde71a415aac5939bebe6efb603541e24413a7b6b",
  "goal_id": "goal:pending-surface",
  "goal_version": "1",
  "operation": "import",
  "status": "authoritative"
}
{
  "baseline_digest": "sha256:275194ef34be081150d3e0dbde71a415aac5939bebe6efb603541e24413a7b6b",
  "goal_id": "goal:pending-surface",
  "goal_version": "1",
  "operation": "import",
  "status": "authoritative"
}
{
  "baseline_digest": "sha256:275194ef34be081150d3e0dbde71a415aac5939bebe6efb603541e24413a7b6b",
  "goal_id": "goal:pending-surface",
  "goal_version": "1",
  "operation": "import",
  "status": "authoritative"
}
{
  "baseline_digest": "sha256:275194ef34be081150d3e0dbde71a415aac5939bebe6efb603541e24413a7b6b",
  "goal_id": "goal:pending-surface",
  "goal_version": "1",
  "operation": "import",
  "status": "authoritative"
}
{
  "baseline_digest": "sha256:275194ef34be081150d3e0dbde71a415aac5939bebe6efb603541e24413a7b6b",
  "goal_id": "goal:pending-surface",
  "goal_version": "1",
  "operation": "import",
  "status": "authoritative"
}
{
  "baseline_digest": "sha256:275194ef34be081150d3e0dbde71a415aac5939bebe6efb603541e24413a7b6b",
  "goal_id": "goal:pending-surface",
  "goal_version": "1",
  "operation": "import",
  "status": "authoritative"
}
{
  "baseline_digest": "sha256:275194ef34be081150d3e0dbde71a415aac5939bebe6efb603541e24413a7b6b",
  "goal_id": "goal:pending-surface",
  "goal_version": "1",
  "operation": "import",
  "status": "authoritative"
}
{
  "baseline_digest": "sha256:275194ef34be081150d3e0dbde71a415aac5939bebe6efb603541e24413a7b6b",
  "goal_id": "goal:pending-surface",
  "goal_version": "1",
  "operation": "import",
  "status": "authoritative"
}
{
  "baseline_digest": "sha256:275194ef34be081150d3e0dbde71a415aac5939bebe6efb603541e24413a7b6b",
  "goal_id": "goal:pending-surface",
  "goal_version": "1",
  "operation": "import",
  "status": "authoritative"
}
{
  "baseline_digest": "sha256:275194ef34be081150d3e0dbde71a415aac5939bebe6efb603541e24413a7b6b",
  "goal_id": "goal:pending-surface",
  "goal_version": "1",
  "operation": "import",
  "status": "authoritative"
}
{
  "baseline_digest": "sha256:275194ef34be081150d3e0dbde71a415aac5939bebe6efb603541e24413a7b6b",
  "goal_id": "goal:pending-surface",
  "goal_version": "1",
  "operation": "import",
  "status": "authoritative"
}
{
  "baseline_digest": "sha256:275194ef34be081150d3e0dbde71a415aac5939bebe6efb603541e24413a7b6b",
  "goal_id": "goal:pending-surface",
  "goal_version": "1",
  "operation": "import",
  "status": "authoritative"
}
{
  "baseline_digest": "sha256:275194ef34be081150d3e0dbde71a415aac5939bebe6efb603541e24413a7b6b",
  "goal_id": "goal:pending-surface",
  "goal_version": "1",
  "operation": "import",
  "status": "authoritative"
}
{
  "baseline_digest": "sha256:275194ef34be081150d3e0dbde71a415aac5939bebe6efb603541e24413a7b6b",
  "goal_id": "goal:pending-surface",
  "goal_version": "1",
  "operation": "import",
  "status": "authoritative"
}
{
  "baseline_digest": "sha256:275194ef34be081150d3e0dbde71a415aac5939bebe6efb603541e24413a7b6b",
  "goal_id": "goal:pending-surface",
  "goal_version": "1",
  "operation": "import",
  "status": "authoritative"
}
{
  "baseline_digest": "sha256:275194ef34be081150d3e0dbde71a415aac5939bebe6efb603541e24413a7b6b",
  "goal_id": "goal:pending-surface",
  "goal_version": "1",
  "operation": "import",
  "status": "authoritative"
}
{
  "baseline_digest": "sha256:275194ef34be081150d3e0dbde71a415aac5939bebe6efb603541e24413a7b6b",
  "goal_id": "goal:pending-surface",
  "goal_version": "1",
  "operation": "import",
  "status": "authoritative"
}
{
  "baseline_digest": "sha256:275194ef34be081150d3e0dbde71a415aac5939bebe6efb603541e24413a7b6b",
  "goal_id": "goal:pending-surface",
  "goal_version": "1",
  "operation": "import",
  "status": "authoritative"
}
{
  "baseline_digest": "sha256:275194ef34be081150d3e0dbde71a415aac5939bebe6efb603541e24413a7b6b",
  "goal_id": "goal:pending-surface",
  "goal_version": "1",
  "operation": "import",
  "status": "authoritative"
}
{
  "baseline_digest": "sha256:275194ef34be081150d3e0dbde71a415aac5939bebe6efb603541e24413a7b6b",
  "goal_id": "goal:pending-surface",
  "goal_version": "1",
  "operation": "import",
  "status": "authoritative"
}
{
  "baseline_digest": "sha256:275194ef34be081150d3e0dbde71a415aac5939bebe6efb603541e24413a7b6b",
  "goal_id": "goal:pending-surface",
  "goal_version": "1",
  "operation": "import",
  "status": "authoritative"
}
{
  "baseline_digest": "sha256:275194ef34be081150d3e0dbde71a415aac5939bebe6efb603541e24413a7b6b",
  "goal_id": "goal:pending-surface",
  "goal_version": "1",
  "operation": "import",
  "status": "authoritative"
}
{
  "baseline_digest": "sha256:275194ef34be081150d3e0dbde71a415aac5939bebe6efb603541e24413a7b6b",
  "goal_id": "goal:pending-surface",
  "goal_version": "1",
  "operation": "import",
  "status": "authoritative"
}
{
  "baseline_digest": "sha256:275194ef34be081150d3e0dbde71a415aac5939bebe6efb603541e24413a7b6b",
  "goal_id": "goal:pending-surface",
  "goal_version": "1",
  "operation": "import",
  "status": "authoritative"
}
{
  "baseline_digest": "sha256:275194ef34be081150d3e0dbde71a415aac5939bebe6efb603541e24413a7b6b",
  "goal_id": "goal:pending-surface",
  "goal_version": "1",
  "operation": "import",
  "status": "authoritative"
}
{
  "baseline_digest": "sha256:275194ef34be081150d3e0dbde71a415aac5939bebe6efb603541e24413a7b6b",
  "goal_id": "goal:pending-surface",
  "goal_version": "1",
  "operation": "import",
  "status": "authoritative"
}
{
  "baseline_digest": "sha256:275194ef34be081150d3e0dbde71a415aac5939bebe6efb603541e24413a7b6b",
  "goal_id": "goal:pending-surface",
  "goal_version": "1",
  "operation": "import",
  "status": "authoritative"
}
{
  "baseline_digest": "sha256:275194ef34be081150d3e0dbde71a415aac5939bebe6efb603541e24413a7b6b",
  "goal_id": "goal:pending-surface",
  "goal_version": "1",
  "operation": "import",
  "status": "authoritative"
}
{
  "baseline_digest": "sha256:275194ef34be081150d3e0dbde71a415aac5939bebe6efb603541e24413a7b6b",
  "goal_id": "goal:pending-surface",
  "goal_version": "1",
  "operation": "import",
  "status": "authoritative"
}
{
  "baseline_digest": "sha256:275194ef34be081150d3e0dbde71a415aac5939bebe6efb603541e24413a7b6b",
  "goal_id": "goal:pending-surface",
  "goal_version": "1",
  "operation": "import",
  "status": "authoritative"
}
{
  "baseline_digest": "sha256:275194ef34be081150d3e0dbde71a415aac5939bebe6efb603541e24413a7b6b",
  "goal_id": "goal:pending-surface",
  "goal_version": "1",
  "operation": "import",
  "status": "authoritative"
}
{
  "baseline_digest": "sha256:275194ef34be081150d3e0dbde71a415aac5939bebe6efb603541e24413a7b6b",
  "goal_id": "goal:pending-surface",
  "goal_version": "1",
  "operation": "import",
  "status": "authoritative"
}
{
  "baseline_digest": "sha256:275194ef34be081150d3e0dbde71a415aac5939bebe6efb603541e24413a7b6b",
  "goal_id": "goal:pending-surface",
  "goal_version": "1",
  "operation": "import",
  "status": "authoritative"
}
{
  "baseline_digest": "sha256:275194ef34be081150d3e0dbde71a415aac5939bebe6efb603541e24413a7b6b",
  "goal_id": "goal:pending-surface",
  "goal_version": "1",
  "operation": "import",
  "status": "authoritative"
}
{
  "baseline_digest": "sha256:275194ef34be081150d3e0dbde71a415aac5939bebe6efb603541e24413a7b6b",
  "goal_id": "goal:pending-surface",
  "goal_version": "1",
  "operation": "import",
  "status": "authoritative"
}
{
  "baseline_digest": "sha256:275194ef34be081150d3e0dbde71a415aac5939bebe6efb603541e24413a7b6b",
  "goal_id": "goal:pending-surface",
  "goal_version": "1",
  "operation": "import",
  "status": "authoritative"
}
{
  "baseline_digest": "sha256:275194ef34be081150d3e0dbde71a415aac5939bebe6efb603541e24413a7b6b",
  "goal_id": "goal:pending-surface",
  "goal_version": "1",
  "operation": "import",
  "status": "authoritative"
}
{
  "baseline_digest": "sha256:275194ef34be081150d3e0dbde71a415aac5939bebe6efb603541e24413a7b6b",
  "goal_id": "goal:pending-surface",
  "goal_version": "1",
  "operation": "import",
  "status": "authoritative"
}
{
  "baseline_digest": "sha256:275194ef34be081150d3e0dbde71a415aac5939bebe6efb603541e24413a7b6b",
  "goal_id": "goal:pending-surface",
  "goal_version": "1",
  "operation": "import",
  "status": "authoritative"
}
{
  "baseline_digest": "sha256:275194ef34be081150d3e0dbde71a415aac5939bebe6efb603541e24413a7b6b",
  "goal_id": "goal:pending-surface",
  "goal_version": "1",
  "operation": "import",
  "status": "authoritative"
}
{
  "baseline_digest": "sha256:275194ef34be081150d3e0dbde71a415aac5939bebe6efb603541e24413a7b6b",
  "goal_id": "goal:pending-surface",
  "goal_version": "1",
  "operation": "import",
  "status": "authoritative"
}
{
  "baseline_digest": "sha256:275194ef34be081150d3e0dbde71a415aac5939bebe6efb603541e24413a7b6b",
  "goal_id": "goal:pending-surface",
  "goal_version": "1",
  "operation": "import",
  "status": "authoritative"
}
{
  "baseline_digest": "sha256:275194ef34be081150d3e0dbde71a415aac5939bebe6efb603541e24413a7b6b",
  "goal_id": "goal:pending-surface",
  "goal_version": "1",
  "operation": "import",
  "status": "authoritative"
}
{
  "baseline_digest": "sha256:275194ef34be081150d3e0dbde71a415aac5939bebe6efb603541e24413a7b6b",
  "goal_id": "goal:pending-surface",
  "goal_version": "1",
  "operation": "import",
  "status": "authoritative"
}
{
  "baseline_digest": "sha256:275194ef34be081150d3e0dbde71a415aac5939bebe6efb603541e24413a7b6b",
  "goal_id": "goal:pending-surface",
  "goal_version": "1",
  "operation": "import",
  "status": "authoritative"
}
{
  "baseline_digest": "sha256:275194ef34be081150d3e0dbde71a415aac5939bebe6efb603541e24413a7b6b",
  "goal_id": "goal:pending-surface",
  "goal_version": "1",
  "operation": "import",
  "status": "authoritative"
}
{
  "baseline_digest": "sha256:275194ef34be081150d3e0dbde71a415aac5939bebe6efb603541e24413a7b6b",
  "goal_id": "goal:pending-surface",
  "goal_version": "1",
  "operation": "import",
  "status": "authoritative"
}
{
  "baseline_digest": "sha256:275194ef34be081150d3e0dbde71a415aac5939bebe6efb603541e24413a7b6b",
  "goal_id": "goal:pending-surface",
  "goal_version": "1",
  "operation": "import",
  "status": "authoritative"
}
{
  "baseline_digest": "sha256:275194ef34be081150d3e0dbde71a415aac5939bebe6efb603541e24413a7b6b",
  "goal_id": "goal:pending-surface",
  "goal_version": "1",
  "operation": "import",
  "status": "authoritative"
}
{
  "baseline_digest": "sha256:275194ef34be081150d3e0dbde71a415aac5939bebe6efb603541e24413a7b6b",
  "goal_id": "goal:pending-surface",
  "goal_version": "1",
  "operation": "import",
  "status": "authoritative"
}
{
  "baseline_digest": "sha256:275194ef34be081150d3e0dbde71a415aac5939bebe6efb603541e24413a7b6b",
  "goal_id": "goal:pending-surface",
  "goal_version": "1",
  "operation": "import",
  "status": "authoritative"
}
{
  "baseline_digest": "sha256:275194ef34be081150d3e0dbde71a415aac5939bebe6efb603541e24413a7b6b",
  "goal_id": "goal:pending-surface",
  "goal_version": "1",
  "operation": "import",
  "status": "authoritative"
}
{
  "baseline_digest": "sha256:275194ef34be081150d3e0dbde71a415aac5939bebe6efb603541e24413a7b6b",
  "goal_id": "goal:pending-surface",
  "goal_version": "1",
  "operation": "import",
  "status": "authoritative"
}
{
  "baseline_digest": "sha256:275194ef34be081150d3e0dbde71a415aac5939bebe6efb603541e24413a7b6b",
  "goal_id": "goal:pending-surface",
  "goal_version": "1",
  "operation": "import",
  "status": "authoritative"
}
{
  "baseline_digest": "sha256:275194ef34be081150d3e0dbde71a415aac5939bebe6efb603541e24413a7b6b",
  "goal_id": "goal:pending-surface",
  "goal_version": "1",
  "operation": "import",
  "status": "authoritative"
}
{
  "baseline_digest": "sha256:275194ef34be081150d3e0dbde71a415aac5939bebe6efb603541e24413a7b6b",
  "goal_id": "goal:pending-surface",
  "goal_version": "1",
  "operation": "import",
  "status": "authoritative"
}
{
  "baseline_digest": "sha256:275194ef34be081150d3e0dbde71a415aac5939bebe6efb603541e24413a7b6b",
  "goal_id": "goal:pending-surface",
  "goal_version": "1",
  "operation": "import",
  "status": "authoritative"
}
{
  "baseline_digest": "sha256:275194ef34be081150d3e0dbde71a415aac5939bebe6efb603541e24413a7b6b",
  "goal_id": "goal:pending-surface",
  "goal_version": "1",
  "operation": "import",
  "status": "authoritative"
}
{
  "baseline_digest": "sha256:275194ef34be081150d3e0dbde71a415aac5939bebe6efb603541e24413a7b6b",
  "goal_id": "goal:pending-surface",
  "goal_version": "1",
  "operation": "import",
  "status": "authoritative"
}
{
  "baseline_digest": "sha256:275194ef34be081150d3e0dbde71a415aac5939bebe6efb603541e24413a7b6b",
  "goal_id": "goal:pending-surface",
  "goal_version": "1",
  "operation": "import",
  "status": "authoritative"
}
{
  "baseline_digest": "sha256:275194ef34be081150d3e0dbde71a415aac5939bebe6efb603541e24413a7b6b",
  "goal_id": "goal:pending-surface",
  "goal_version": "1",
  "operation": "import",
  "status": "authoritative"
}
{
  "baseline_digest": "sha256:275194ef34be081150d3e0dbde71a415aac5939bebe6efb603541e24413a7b6b",
  "goal_id": "goal:pending-surface",
  "goal_version": "1",
  "operation": "import",
  "status": "authoritative"
}
{
  "baseline_digest": "sha256:275194ef34be081150d3e0dbde71a415aac5939bebe6efb603541e24413a7b6b",
  "goal_id": "goal:pending-surface",
  "goal_version": "1",
  "operation": "import",
  "status": "authoritative"
}
{
  "baseline_digest": "sha256:275194ef34be081150d3e0dbde71a415aac5939bebe6efb603541e24413a7b6b",
  "goal_id": "goal:pending-surface",
  "goal_version": "1",
  "operation": "import",
  "status": "authoritative"
}
{
  "baseline_digest": "sha256:275194ef34be081150d3e0dbde71a415aac5939bebe6efb603541e24413a7b6b",
  "goal_id": "goal:pending-surface",
  "goal_version": "1",
  "operation": "import",
  "status": "authoritative"
}
{
  "baseline_digest": "sha256:275194ef34be081150d3e0dbde71a415aac5939bebe6efb603541e24413a7b6b",
  "goal_id": "goal:pending-surface",
  "goal_version": "1",
  "operation": "import",
  "status": "authoritative"
}
{
  "baseline_digest": "sha256:275194ef34be081150d3e0dbde71a415aac5939bebe6efb603541e24413a7b6b",
  "goal_id": "goal:pending-surface",
  "goal_version": "1",
  "operation": "import",
  "status": "authoritative"
}
{
  "baseline_digest": "sha256:275194ef34be081150d3e0dbde71a415aac5939bebe6efb603541e24413a7b6b",
  "goal_id": "goal:pending-surface",
  "goal_version": "1",
  "operation": "import",
  "status": "authoritative"
}
{
  "baseline_digest": "sha256:275194ef34be081150d3e0dbde71a415aac5939bebe6efb603541e24413a7b6b",
  "goal_id": "goal:pending-surface",
  "goal_version": "1",
  "operation": "import",
  "status": "authoritative"
}
{
  "baseline_digest": "sha256:275194ef34be081150d3e0dbde71a415aac5939bebe6efb603541e24413a7b6b",
  "goal_id": "goal:pending-surface",
  "goal_version": "1",
  "operation": "import",
  "status": "authoritative"
}
{
  "baseline_digest": "sha256:275194ef34be081150d3e0dbde71a415aac5939bebe6efb603541e24413a7b6b",
  "goal_id": "goal:pending-surface",
  "goal_version": "1",
  "operation": "import",
  "status": "authoritative"
}
{
  "baseline_digest": "sha256:275194ef34be081150d3e0dbde71a415aac5939bebe6efb603541e24413a7b6b",
  "goal_id": "goal:pending-surface",
  "goal_version": "1",
  "operation": "import",
  "status": "authoritative"
}
{
  "baseline_digest": "sha256:275194ef34be081150d3e0dbde71a415aac5939bebe6efb603541e24413a7b6b",
  "goal_id": "goal:pending-surface",
  "goal_version": "1",
  "operation": "import",
  "status": "authoritative"
}
{
  "baseline_digest": "sha256:275194ef34be081150d3e0dbde71a415aac5939bebe6efb603541e24413a7b6b",
  "goal_id": "goal:pending-surface",
  "goal_version": "1",
  "operation": "import",
  "status": "authoritative"
}
{
  "baseline_digest": "sha256:275194ef34be081150d3e0dbde71a415aac5939bebe6efb603541e24413a7b6b",
  "goal_id": "goal:pending-surface",
  "goal_version": "1",
  "operation": "import",
  "status": "authoritative"
}
{
  "baseline_digest": "sha256:275194ef34be081150d3e0dbde71a415aac5939bebe6efb603541e24413a7b6b",
  "goal_id": "goal:pending-surface",
  "goal_version": "1",
  "operation": "import",
  "status": "authoritative"
}
{
  "baseline_digest": "sha256:275194ef34be081150d3e0dbde71a415aac5939bebe6efb603541e24413a7b6b",
  "goal_id": "goal:pending-surface",
  "goal_version": "1",
  "operation": "import",
  "status": "authoritative"
}
{
  "baseline_digest": "sha256:275194ef34be081150d3e0dbde71a415aac5939bebe6efb603541e24413a7b6b",
  "goal_id": "goal:pending-surface",
  "goal_version": "1",
  "operation": "import",
  "status": "authoritative"
}
{
  "baseline_digest": "sha256:275194ef34be081150d3e0dbde71a415aac5939bebe6efb603541e24413a7b6b",
  "goal_id": "goal:pending-surface",
  "goal_version": "1",
  "operation": "import",
  "status": "authoritative"
}
{
  "baseline_digest": "sha256:275194ef34be081150d3e0dbde71a415aac5939bebe6efb603541e24413a7b6b",
  "goal_id": "goal:pending-surface",
  "goal_version": "1",
  "operation": "import",
  "status": "authoritative"
}
{
  "baseline_digest": "sha256:275194ef34be081150d3e0dbde71a415aac5939bebe6efb603541e24413a7b6b",
  "goal_id": "goal:pending-surface",
  "goal_version": "1",
  "operation": "import",
  "status": "authoritative"
}
{
  "baseline_digest": "sha256:275194ef34be081150d3e0dbde71a415aac5939bebe6efb603541e24413a7b6b",
  "goal_id": "goal:pending-surface",
  "goal_version": "1",
  "operation": "import",
  "status": "authoritative"
}
{
  "baseline_digest": "sha256:275194ef34be081150d3e0dbde71a415aac5939bebe6efb603541e24413a7b6b",
  "goal_id": "goal:pending-surface",
  "goal_version": "1",
  "operation": "import",
  "status": "authoritative"
}
{
  "baseline_digest": "sha256:275194ef34be081150d3e0dbde71a415aac5939bebe6efb603541e24413a7b6b",
  "goal_id": "goal:pending-surface",
  "goal_version": "1",
  "operation": "import",
  "status": "authoritative"
}
{
  "baseline_digest": "sha256:275194ef34be081150d3e0dbde71a415aac5939bebe6efb603541e24413a7b6b",
  "goal_id": "goal:pending-surface",
  "goal_version": "1",
  "operation": "import",
  "status": "authoritative"
}
{
  "baseline_digest": "sha256:275194ef34be081150d3e0dbde71a415aac5939bebe6efb603541e24413a7b6b",
  "goal_id": "goal:pending-surface",
  "goal_version": "1",
  "operation": "import",
  "status": "authoritative"
}
{
  "baseline_digest": "sha256:275194ef34be081150d3e0dbde71a415aac5939bebe6efb603541e24413a7b6b",
  "goal_id": "goal:pending-surface",
  "goal_version": "1",
  "operation": "import",
  "status": "authoritative"
}
{
  "baseline_digest": "sha256:275194ef34be081150d3e0dbde71a415aac5939bebe6efb603541e24413a7b6b",
  "goal_id": "goal:pending-surface",
  "goal_version": "1",
  "operation": "import",
  "status": "authoritative"
}
{
  "baseline_digest": "sha256:275194ef34be081150d3e0dbde71a415aac5939bebe6efb603541e24413a7b6b",
  "goal_id": "goal:pending-surface",
  "goal_version": "1",
  "operation": "import",
  "status": "authoritative"
}
{
  "baseline_digest": "sha256:275194ef34be081150d3e0dbde71a415aac5939bebe6efb603541e24413a7b6b",
  "goal_id": "goal:pending-surface",
  "goal_version": "1",
  "operation": "import",
  "status": "authoritative"
}
{
  "baseline_digest": "sha256:275194ef34be081150d3e0dbde71a415aac5939bebe6efb603541e24413a7b6b",
  "goal_id": "goal:pending-surface",
  "goal_version": "1",
  "operation": "import",
  "status": "authoritative"
}
{
  "baseline_digest": "sha256:275194ef34be081150d3e0dbde71a415aac5939bebe6efb603541e24413a7b6b",
  "goal_id": "goal:pending-surface",
  "goal_version": "1",
  "operation": "import",
  "status": "authoritative"
}
{
  "baseline_digest": "sha256:275194ef34be081150d3e0dbde71a415aac5939bebe6efb603541e24413a7b6b",
  "goal_id": "goal:pending-surface",
  "goal_version": "1",
  "operation": "import",
  "status": "authoritative"
}
{
  "baseline_digest": "sha256:275194ef34be081150d3e0dbde71a415aac5939bebe6efb603541e24413a7b6b",
  "goal_id": "goal:pending-surface",
  "goal_version": "1",
  "operation": "import",
  "status": "authoritative"
}
{
  "baseline_digest": "sha256:275194ef34be081150d3e0dbde71a415aac5939bebe6efb603541e24413a7b6b",
  "goal_id": "goal:pending-surface",
  "goal_version": "1",
  "operation": "import",
  "status": "authoritative"
}
{
  "baseline_digest": "sha256:275194ef34be081150d3e0dbde71a415aac5939bebe6efb603541e24413a7b6b",
  "goal_id": "goal:pending-surface",
  "goal_version": "1",
  "operation": "import",
  "status": "authoritative"
}
{
  "baseline_digest": "sha256:275194ef34be081150d3e0dbde71a415aac5939bebe6efb603541e24413a7b6b",
  "goal_id": "goal:pending-surface",
  "goal_version": "1",
  "operation": "import",
  "status": "authoritative"
}
{
  "baseline_digest": "sha256:275194ef34be081150d3e0dbde71a415aac5939bebe6efb603541e24413a7b6b",
  "goal_id": "goal:pending-surface",
  "goal_version": "1",
  "operation": "import",
  "status": "authoritative"
}
{
  "baseline_digest": "sha256:275194ef34be081150d3e0dbde71a415aac5939bebe6efb603541e24413a7b6b",
  "goal_id": "goal:pending-surface",
  "goal_version": "1",
  "operation": "import",
  "status": "authoritative"
}
{
  "baseline_digest": "sha256:275194ef34be081150d3e0dbde71a415aac5939bebe6efb603541e24413a7b6b",
  "goal_id": "goal:pending-surface",
  "goal_version": "1",
  "operation": "import",
  "status": "authoritative"
}
{
  "baseline_digest": "sha256:275194ef34be081150d3e0dbde71a415aac5939bebe6efb603541e24413a7b6b",
  "goal_id": "goal:pending-surface",
  "goal_version": "1",
  "operation": "import",
  "status": "authoritative"
}
{
  "baseline_digest": "sha256:275194ef34be081150d3e0dbde71a415aac5939bebe6efb603541e24413a7b6b",
  "goal_id": "goal:pending-surface",
  "goal_version": "1",
  "operation": "import",
  "status": "authoritative"
}
{
  "baseline_digest": "sha256:275194ef34be081150d3e0dbde71a415aac5939bebe6efb603541e24413a7b6b",
  "goal_id": "goal:pending-surface",
  "goal_version": "1",
  "operation": "import",
  "status": "authoritative"
}
{
  "baseline_digest": "sha256:275194ef34be081150d3e0dbde71a415aac5939bebe6efb603541e24413a7b6b",
  "goal_id": "goal:pending-surface",
  "goal_version": "1",
  "operation": "import",
  "status": "authoritative"
}
{
  "baseline_digest": "sha256:275194ef34be081150d3e0dbde71a415aac5939bebe6efb603541e24413a7b6b",
  "goal_id": "goal:pending-surface",
  "goal_version": "1",
  "operation": "import",
  "status": "authoritative"
}
{
  "baseline_digest": "sha256:275194ef34be081150d3e0dbde71a415aac5939bebe6efb603541e24413a7b6b",
  "goal_id": "goal:pending-surface",
  "goal_version": "1",
  "operation": "import",
  "status": "authoritative"
}
{
  "baseline_digest": "sha256:275194ef34be081150d3e0dbde71a415aac5939bebe6efb603541e24413a7b6b",
  "goal_id": "goal:pending-surface",
  "goal_version": "1",
  "operation": "import",
  "status": "authoritative"
}
{
  "baseline_digest": "sha256:275194ef34be081150d3e0dbde71a415aac5939bebe6efb603541e24413a7b6b",
  "goal_id": "goal:pending-surface",
  "goal_version": "1",
  "operation": "import",
  "status": "authoritative"
}
{
  "baseline_digest": "sha256:275194ef34be081150d3e0dbde71a415aac5939bebe6efb603541e24413a7b6b",
  "goal_id": "goal:pending-surface",
  "goal_version": "1",
  "operation": "import",
  "status": "authoritative"
}
{
  "baseline_digest": "sha256:275194ef34be081150d3e0dbde71a415aac5939bebe6efb603541e24413a7b6b",
  "goal_id": "goal:pending-surface",
  "goal_version": "1",
  "operation": "import",
  "status": "authoritative"
}
{
  "baseline_digest": "sha256:275194ef34be081150d3e0dbde71a415aac5939bebe6efb603541e24413a7b6b",
  "goal_id": "goal:pending-surface",
  "goal_version": "1",
  "operation": "import",
  "status": "authoritative"
}
{
  "baseline_digest": "sha256:275194ef34be081150d3e0dbde71a415aac5939bebe6efb603541e24413a7b6b",
  "goal_id": "goal:pending-surface",
  "goal_version": "1",
  "operation": "import",
  "status": "authoritative"
}
{
  "baseline_digest": "sha256:275194ef34be081150d3e0dbde71a415aac5939bebe6efb603541e24413a7b6b",
  "goal_id": "goal:pending-surface",
  "goal_version": "1",
  "operation": "import",
  "status": "authoritative"
}
{
  "baseline_digest": "sha256:275194ef34be081150d3e0dbde71a415aac5939bebe6efb603541e24413a7b6b",
  "goal_id": "goal:pending-surface",
  "goal_version": "1",
  "operation": "import",
  "status": "authoritative"
}
{
  "baseline_digest": "sha256:275194ef34be081150d3e0dbde71a415aac5939bebe6efb603541e24413a7b6b",
  "goal_id": "goal:pending-surface",
  "goal_version": "1",
  "operation": "import",
  "status": "authoritative"
}
{
  "baseline_digest": "sha256:275194ef34be081150d3e0dbde71a415aac5939bebe6efb603541e24413a7b6b",
  "goal_id": "goal:pending-surface",
  "goal_version": "1",
  "operation": "import",
  "status": "authoritative"
}
{
  "baseline_digest": "sha256:275194ef34be081150d3e0dbde71a415aac5939bebe6efb603541e24413a7b6b",
  "goal_id": "goal:pending-surface",
  "goal_version": "1",
  "operation": "import",
  "status": "authoritative"
}
{
  "baseline_digest": "sha256:275194ef34be081150d3e0dbde71a415aac5939bebe6efb603541e24413a7b6b",
  "goal_id": "goal:pending-surface",
  "goal_version": "1",
  "operation": "import",
  "status": "authoritative"
}
{
  "baseline_digest": "sha256:275194ef34be081150d3e0dbde71a415aac5939bebe6efb603541e24413a7b6b",
  "goal_id": "goal:pending-surface",
  "goal_version": "1",
  "operation": "import",
  "status": "authoritative"
}
{
  "baseline_digest": "sha256:275194ef34be081150d3e0dbde71a415aac5939bebe6efb603541e24413a7b6b",
  "goal_id": "goal:pending-surface",
  "goal_version": "1",
  "operation": "import",
  "status": "authoritative"
}
{
  "baseline_digest": "sha256:275194ef34be081150d3e0dbde71a415aac5939bebe6efb603541e24413a7b6b",
  "goal_id": "goal:pending-surface",
  "goal_version": "1",
  "operation": "import",
  "status": "authoritative"
}
{
  "baseline_digest": "sha256:275194ef34be081150d3e0dbde71a415aac5939bebe6efb603541e24413a7b6b",
  "goal_id": "goal:pending-surface",
  "goal_version": "1",
  "operation": "import",
  "status": "authoritative"
}
{
  "baseline_digest": "sha256:275194ef34be081150d3e0dbde71a415aac5939bebe6efb603541e24413a7b6b",
  "goal_id": "goal:pending-surface",
  "goal_version": "1",
  "operation": "import",
  "status": "authoritative"
}
{
  "baseline_digest": "sha256:275194ef34be081150d3e0dbde71a415aac5939bebe6efb603541e24413a7b6b",
  "goal_id": "goal:pending-surface",
  "goal_version": "1",
  "operation": "import",
  "status": "authoritative"
}
{
  "baseline_digest": "sha256:275194ef34be081150d3e0dbde71a415aac5939bebe6efb603541e24413a7b6b",
  "goal_id": "goal:pending-surface",
  "goal_version": "1",
  "operation": "import",
  "status": "authoritative"
}
{
  "baseline_digest": "sha256:275194ef34be081150d3e0dbde71a415aac5939bebe6efb603541e24413a7b6b",
  "goal_id": "goal:pending-surface",
  "goal_version": "1",
  "operation": "import",
  "status": "authoritative"
}
{
  "baseline_digest": "sha256:275194ef34be081150d3e0dbde71a415aac5939bebe6efb603541e24413a7b6b",
  "goal_id": "goal:pending-surface",
  "goal_version": "1",
  "operation": "import",
  "status": "authoritative"
}
{
  "baseline_digest": "sha256:275194ef34be081150d3e0dbde71a415aac5939bebe6efb603541e24413a7b6b",
  "goal_id": "goal:pending-surface",
  "goal_version": "1",
  "operation": "import",
  "status": "authoritative"
}
{
  "baseline_digest": "sha256:275194ef34be081150d3e0dbde71a415aac5939bebe6efb603541e24413a7b6b",
  "goal_id": "goal:pending-surface",
  "goal_version": "1",
  "operation": "import",
  "status": "authoritative"
}
{
  "baseline_digest": "sha256:275194ef34be081150d3e0dbde71a415aac5939bebe6efb603541e24413a7b6b",
  "goal_id": "goal:pending-surface",
  "goal_version": "1",
  "operation": "import",
  "status": "authoritative"
}
{
  "baseline_digest": "sha256:275194ef34be081150d3e0dbde71a415aac5939bebe6efb603541e24413a7b6b",
  "goal_id": "goal:pending-surface",
  "goal_version": "1",
  "operation": "import",
  "status": "authoritative"
}
{
  "baseline_digest": "sha256:275194ef34be081150d3e0dbde71a415aac5939bebe6efb603541e24413a7b6b",
  "goal_id": "goal:pending-surface",
  "goal_version": "1",
  "operation": "import",
  "status": "authoritative"
}
{
  "baseline_digest": "sha256:275194ef34be081150d3e0dbde71a415aac5939bebe6efb603541e24413a7b6b",
  "goal_id": "goal:pending-surface",
  "goal_version": "1",
  "operation": "import",
  "status": "authoritative"
}
{
  "baseline_digest": "sha256:275194ef34be081150d3e0dbde71a415aac5939bebe6efb603541e24413a7b6b",
  "goal_id": "goal:pending-surface",
  "goal_version": "1",
  "operation": "import",
  "status": "authoritative"
}
{
  "baseline_digest": "sha256:275194ef34be081150d3e0dbde71a415aac5939bebe6efb603541e24413a7b6b",
  "goal_id": "goal:pending-surface",
  "goal_version": "1",
  "operation": "import",
  "status": "authoritative"
}
{
  "baseline_digest": "sha256:275194ef34be081150d3e0dbde71a415aac5939bebe6efb603541e24413a7b6b",
  "goal_id": "goal:pending-surface",
  "goal_version": "1",
  "operation": "import",
  "status": "authoritative"
}
{
  "baseline_digest": "sha256:275194ef34be081150d3e0dbde71a415aac5939bebe6efb603541e24413a7b6b",
  "goal_id": "goal:pending-surface",
  "goal_version": "1",
  "operation": "import",
  "status": "authoritative"
}
{
  "baseline_digest": "sha256:275194ef34be081150d3e0dbde71a415aac5939bebe6efb603541e24413a7b6b",
  "goal_id": "goal:pending-surface",
  "goal_version": "1",
  "operation": "import",
  "status": "authoritative"
}
{
  "baseline_digest": "sha256:275194ef34be081150d3e0dbde71a415aac5939bebe6efb603541e24413a7b6b",
  "goal_id": "goal:pending-surface",
  "goal_version": "1",
  "operation": "import",
  "status": "authoritative"
}
{
  "baseline_digest": "sha256:275194ef34be081150d3e0dbde71a415aac5939bebe6efb603541e24413a7b6b",
  "goal_id": "goal:pending-surface",
  "goal_version": "1",
  "operation": "import",
  "status": "authoritative"
}
{
  "baseline_digest": "sha256:275194ef34be081150d3e0dbde71a415aac5939bebe6efb603541e24413a7b6b",
  "goal_id": "goal:pending-surface",
  "goal_version": "1",
  "operation": "import",
  "status": "authoritative"
}
{
  "baseline_digest": "sha256:275194ef34be081150d3e0dbde71a415aac5939bebe6efb603541e24413a7b6b",
  "goal_id": "goal:pending-surface",
  "goal_version": "1",
  "operation": "import",
  "status": "authoritative"
}
{
  "baseline_digest": "sha256:275194ef34be081150d3e0dbde71a415aac5939bebe6efb603541e24413a7b6b",
  "goal_id": "goal:pending-surface",
  "goal_version": "1",
  "operation": "import",
  "status": "authoritative"
}
{
  "baseline_digest": "sha256:275194ef34be081150d3e0dbde71a415aac5939bebe6efb603541e24413a7b6b",
  "goal_id": "goal:pending-surface",
  "goal_version": "1",
  "operation": "import",
  "status": "authoritative"
}
{
  "baseline_digest": "sha256:275194ef34be081150d3e0dbde71a415aac5939bebe6efb603541e24413a7b6b",
  "goal_id": "goal:pending-surface",
  "goal_version": "1",
  "operation": "import",
  "status": "authoritative"
}
{
  "baseline_digest": "sha256:275194ef34be081150d3e0dbde71a415aac5939bebe6efb603541e24413a7b6b",
  "goal_id": "goal:pending-surface",
  "goal_version": "1",
  "operation": "import",
  "status": "authoritative"
}
{
  "baseline_digest": "sha256:275194ef34be081150d3e0dbde71a415aac5939bebe6efb603541e24413a7b6b",
  "goal_id": "goal:pending-surface",
  "goal_version": "1",
  "operation": "import",
  "status": "authoritative"
}
{
  "baseline_digest": "sha256:275194ef34be081150d3e0dbde71a415aac5939bebe6efb603541e24413a7b6b",
  "goal_id": "goal:pending-surface",
  "goal_version": "1",
  "operation": "import",
  "status": "authoritative"
}
{
  "baseline_digest": "sha256:275194ef34be081150d3e0dbde71a415aac5939bebe6efb603541e24413a7b6b",
  "goal_id": "goal:pending-surface",
  "goal_version": "1",
  "operation": "import",
  "status": "authoritative"
}
{
  "baseline_digest": "sha256:275194ef34be081150d3e0dbde71a415aac5939bebe6efb603541e24413a7b6b",
  "goal_id": "goal:pending-surface",
  "goal_version": "1",
  "operation": "import",
  "status": "authoritative"
}
{
  "baseline_digest": "sha256:275194ef34be081150d3e0dbde71a415aac5939bebe6efb603541e24413a7b6b",
  "goal_id": "goal:pending-surface",
  "goal_version": "1",
  "operation": "import",
  "status": "authoritative"
}
{
  "baseline_digest": "sha256:275194ef34be081150d3e0dbde71a415aac5939bebe6efb603541e24413a7b6b",
  "goal_id": "goal:pending-surface",
  "goal_version": "1",
  "operation": "import",
  "status": "authoritative"
}
{
  "baseline_digest": "sha256:275194ef34be081150d3e0dbde71a415aac5939bebe6efb603541e24413a7b6b",
  "goal_id": "goal:pending-surface",
  "goal_version": "1",
  "operation": "import",
  "status": "authoritative"
}
{
  "baseline_digest": "sha256:275194ef34be081150d3e0dbde71a415aac5939bebe6efb603541e24413a7b6b",
  "goal_id": "goal:pending-surface",
  "goal_version": "1",
  "operation": "import",
  "status": "authoritative"
}
{
  "baseline_digest": "sha256:275194ef34be081150d3e0dbde71a415aac5939bebe6efb603541e24413a7b6b",
  "goal_id": "goal:pending-surface",
  "goal_version": "1",
  "operation": "import",
  "status": "authoritative"
}
{
  "baseline_digest": "sha256:275194ef34be081150d3e0dbde71a415aac5939bebe6efb603541e24413a7b6b",
  "goal_id": "goal:pending-surface",
  "goal_version": "1",
  "operation": "import",
  "status": "authoritative"
}
{
  "baseline_digest": "sha256:275194ef34be081150d3e0dbde71a415aac5939bebe6efb603541e24413a7b6b",
  "goal_id": "goal:pending-surface",
  "goal_version": "1",
  "operation": "import",
  "status": "authoritative"
}
{
  "baseline_digest": "sha256:275194ef34be081150d3e0dbde71a415aac5939bebe6efb603541e24413a7b6b",
  "goal_id": "goal:pending-surface",
  "goal_version": "1",
  "operation": "import",
  "status": "authoritative"
}
{
  "baseline_digest": "sha256:275194ef34be081150d3e0dbde71a415aac5939bebe6efb603541e24413a7b6b",
  "goal_id": "goal:pending-surface",
  "goal_version": "1",
  "operation": "import",
  "status": "authoritative"
}
{
  "baseline_digest": "sha256:275194ef34be081150d3e0dbde71a415aac5939bebe6efb603541e24413a7b6b",
  "goal_id": "goal:pending-surface",
  "goal_version": "1",
  "operation": "import",
  "status": "authoritative"
}
{
  "baseline_digest": "sha256:275194ef34be081150d3e0dbde71a415aac5939bebe6efb603541e24413a7b6b",
  "goal_id": "goal:pending-surface",
  "goal_version": "1",
  "operation": "import",
  "status": "authoritative"
}
{
  "baseline_digest": "sha256:275194ef34be081150d3e0dbde71a415aac5939bebe6efb603541e24413a7b6b",
  "goal_id": "goal:pending-surface",
  "goal_version": "1",
  "operation": "import",
  "status": "authoritative"
}
panic: test timed out after 10m0s
	running tests:
		TestRepair5EvidencePowersetClassificationQualification (6m47s)
		TestRepair5EvidencePowersetClassificationQualification/anchored (15s)

goroutine 33187 [running]:
testing.(*M).startAlarm.func1()
	/opt/homebrew/Cellar/go/1.27.1/libexec/src/testing/testing.go:2959 +0x490
created by time.goFunc
	/opt/homebrew/Cellar/go/1.27.1/libexec/src/time/sleep.go:182 +0x44

goroutine 1 [chan receive, 6 minutes]:
testing.(*T).Run(0xc0001bcb48, {0x1012f5840, 0x36}, 0x101f8b4c0)
	/opt/homebrew/Cellar/go/1.27.1/libexec/src/testing/testing.go:2266 +0x7dc
testing.runTests.func1(0xc0001bcb48)
	/opt/homebrew/Cellar/go/1.27.1/libexec/src/testing/testing.go:2742 +0x78
testing.tRunner(0xc0001bcb48, 0xc00078ba28)
	/opt/homebrew/Cellar/go/1.27.1/libexec/src/testing/testing.go:2193 +0x168
testing.runTests({0x1012dc5fd, 0x27}, {0x1012ef546, 0x32}, 0xc000012ac8, {0x102016690, 0x80, 0x80}, {0x0?, 0xc0000fcdf0?, ...})
	/opt/homebrew/Cellar/go/1.27.1/libexec/src/testing/testing.go:2740 +0x7a4
testing.(*M).Run(0xc000256960)
	/opt/homebrew/Cellar/go/1.27.1/libexec/src/testing/testing.go:2600 +0xb3c
main.main()
	_testmain.go:300 +0x104

goroutine 32055 [runnable]:
modernc.org/sqlite/lib._functionDestroy(0xc0003581a0, 0x111cadc28, 0x1124a69a8)
	/Users/polliard/go/pkg/mod/modernc.org/sqlite@v1.58.0/lib/sqlite_g_000000000003feab.go:5643 +0x274
modernc.org/sqlite/lib._sqlite3CreateFunc(0xc0003581a0, 0x111cadc28, 0x1013447e8, 0x1, 0x1200001, 0x1124a76a8, 0x101f8d4a8, 0x0, 0x0, 0x0, ...)
	/Users/polliard/go/pkg/mod/modernc.org/sqlite@v1.58.0/lib/sqlite_g_0000000000000003.go:61781 +0x584
modernc.org/sqlite/lib._createFunctionApi(0xc0003581a0, 0x111cadc28, 0x1013447e8, 0x1, 0x1200001, 0x1124a76a8, 0x101f8d4a8, 0x0, 0x0, 0x0, ...)
	/Users/polliard/go/pkg/mod/modernc.org/sqlite@v1.58.0/lib/sqlite_g_000000000003feab.go:2897 +0x24c
modernc.org/sqlite/lib.Xsqlite3_create_function(...)
	/Users/polliard/go/pkg/mod/modernc.org/sqlite@v1.58.0/lib/sqlite.go:10631
modernc.org/sqlite/lib._fts5Init(0xc0003581a0, 0x111cadc28)
	/Users/polliard/go/pkg/mod/modernc.org/sqlite@v1.58.0/lib/sqlite_g_0000000000000003.go:26174 +0x878
modernc.org/sqlite/lib._sqlite3Fts5Init(0xc0003581a0, 0x111cadc28)
	/Users/polliard/go/pkg/mod/modernc.org/sqlite@v1.58.0/lib/sqlite.go:33177 +0x34
modernc.org/sqlite/lib._openDatabase(0xc0003581a0, 0x111cda020, 0x111cef2a0, 0x10046, 0x0)
	/Users/polliard/go/pkg/mod/modernc.org/sqlite@v1.58.0/lib/sqlite_g_0000000000000003.go:40407 +0x20d0
modernc.org/sqlite/lib.Xsqlite3_open_v2(...)
	/Users/polliard/go/pkg/mod/modernc.org/sqlite@v1.58.0/lib/sqlite_g_000000000001ffff.go:616
modernc.org/sqlite.(*conn).openV2(0xc00011d140, {0xc00061e000, 0x104}, {0x0, 0x0}, 0x10046)
	/Users/polliard/go/pkg/mod/modernc.org/sqlite@v1.58.0/conn.go:789 +0x13c
modernc.org/sqlite.newConn.func1()
	/Users/polliard/go/pkg/mod/modernc.org/sqlite@v1.58.0/conn.go:99 +0x70
modernc.org/sqlite.withOpenGate(0xc0005fa7b0)
	/Users/polliard/go/pkg/mod/modernc.org/sqlite@v1.58.0/pagecache.go:221 +0x90
modernc.org/sqlite.newConn({0xc00061e000, 0x104})
	/Users/polliard/go/pkg/mod/modernc.org/sqlite@v1.58.0/conn.go:98 +0x2a4
modernc.org/sqlite.(*Driver).Open(0x102022978, {0xc00061e000, 0x104})
	/Users/polliard/go/pkg/mod/modernc.org/sqlite@v1.58.0/driver.go:249 +0x40
database/sql.dsnConnector.Connect(...)
	/opt/homebrew/Cellar/go/1.27.1/libexec/src/database/sql/sql.go:814
database/sql.(*DB).conn(0xc0003580d0, {0x101f86d60, 0x102f91880}, 0x1)
	/opt/homebrew/Cellar/go/1.27.1/libexec/src/database/sql/sql.go:1436 +0x990
database/sql.(*DB).PingContext.func1(0x1)
	/opt/homebrew/Cellar/go/1.27.1/libexec/src/database/sql/sql.go:905 +0x58
database/sql.(*DB).retry(0xc0003580f0?, 0xc0005facd8)
	/opt/homebrew/Cellar/go/1.27.1/libexec/src/database/sql/sql.go:1581 +0x50
database/sql.(*DB).PingContext(0xc0003580d0, {0x101f86d60, 0x102f91880})
	/opt/homebrew/Cellar/go/1.27.1/libexec/src/database/sql/sql.go:904 +0xac
github.com/convergent-systems-co/praxis/internal/state.openSQLite({0x101f86d60, 0x102f91880}, {0xc000f41dd0, 0x87})
	/Users/polliard/workspace/convergent-systems-co/praxis/internal/state/sqlite.go:85 +0x774
github.com/convergent-systems-co/praxis/internal/state.OpenSQLite({0x101f86d60, 0x102f91880}, {0xc000f41dd0, 0x87})
	/Users/polliard/workspace/convergent-systems-co/praxis/internal/state/sqlite.go:22 +0x4c
github.com/convergent-systems-co/praxis/cmd/praxis.governedInstallationFixture.func4({0x101f86d60, 0x102f91880}, 0xc00069e8f0)
	/Users/polliard/workspace/convergent-systems-co/praxis/cmd/praxis/package_deploy_retention_test.go:93 +0x9c
github.com/convergent-systems-co/praxis/cmd/praxis.dispatchGoalsLifecycle({0x101f86d60, 0x102f91880}, {{0xc0002a0291, 0xf}, {0xc00003fb30, 0x14}, {0xc0002a02cb, 0x5}, {0xc0000475e0, 0x47}, ...}, ...)
	/Users/polliard/workspace/convergent-systems-co/praxis/cmd/praxis/goals_lifecycle.go:71 +0x680
github.com/convergent-systems-co/praxis/internal/client.DispatchInvocation({0x101f86d60, 0x102f91880}, {{0xc0002a0291, 0xf}, {0xc00003fb30, 0x14}, {0xc0002a02cb, 0x5}, {0xc0000475e0, 0x47}, ...}, ...)
	/Users/polliard/workspace/convergent-systems-co/praxis/internal/client/dispatch.go:56 +0xf4
github.com/convergent-systems-co/praxis/cmd/praxis.runDynamicInvocation({0x101f86d60, 0x102f91880}, {0xc0005fcf28, 0x5, 0x5}, 0xc00069e8f0)
	/Users/polliard/workspace/convergent-systems-co/praxis/cmd/praxis/main.go:87 +0x14c
github.com/convergent-systems-co/praxis/cmd/praxis.requestBySelector.func1()
	/Users/polliard/workspace/convergent-systems-co/praxis/cmd/praxis/pending_authority_surface_test.go:88 +0x284
github.com/convergent-systems-co/praxis/cmd/praxis.captureStdout.func2(0xc000002050, 0xc000510958, 0xc0005fd190)
	/Users/polliard/workspace/convergent-systems-co/praxis/cmd/praxis/pending_authority_surface_test.go:277 +0x84
github.com/convergent-systems-co/praxis/cmd/praxis.captureStdout(0xc00069b448, 0xc0005fd190)
	/Users/polliard/workspace/convergent-systems-co/praxis/cmd/praxis/pending_authority_surface_test.go:278 +0x1a4
github.com/convergent-systems-co/praxis/cmd/praxis.requestBySelector(0xc00069b448, {0x101f86d60, 0x102f91880}, 0xc00069e8f0, {0xc00086a080, 0x7d}, {0xc000e45400, 0x47}, {0xc0000471d0, 0x47})
	/Users/polliard/workspace/convergent-systems-co/praxis/cmd/praxis/pending_authority_surface_test.go:87 +0x154
github.com/convergent-systems-co/praxis/cmd/praxis.(*safetyLifecycle).reviewAndRequest(0xc0005ab608)
	/Users/polliard/workspace/convergent-systems-co/praxis/cmd/praxis/bootstrap_v4_repair_test.go:177 +0x20c
github.com/convergent-systems-co/praxis/cmd/praxis.newGateHarness(0xc00069b448)
	/Users/polliard/workspace/convergent-systems-co/praxis/cmd/praxis/bootstrap_v4_repair_test.go:641 +0x4c
github.com/convergent-systems-co/praxis/cmd/praxis.TestRepair5EvidencePowersetClassificationQualification.func1(0xc00069b448)
	/Users/polliard/workspace/convergent-systems-co/praxis/cmd/praxis/bootstrap_v4_repair5_test.go:321 +0xb0
testing.tRunner(0xc00069b448, 0xc000b091e8)
	/opt/homebrew/Cellar/go/1.27.1/libexec/src/testing/testing.go:2193 +0x168
created by testing.(*T).Run in goroutine 10112
	/opt/homebrew/Cellar/go/1.27.1/libexec/src/testing/testing.go:2258 +0x7c0

goroutine 10112 [chan receive]:
testing.(*T).Run(0xc000838488, {0x1012ae92d, 0x8}, 0xc000b091e8)
	/opt/homebrew/Cellar/go/1.27.1/libexec/src/testing/testing.go:2266 +0x7dc
github.com/convergent-systems-co/praxis/cmd/praxis.TestRepair5EvidencePowersetClassificationQualification(0xc000838488)
	/Users/polliard/workspace/convergent-systems-co/praxis/cmd/praxis/bootstrap_v4_repair5_test.go:317 +0x128
testing.tRunner(0xc000838488, 0x101f8b4c0)
	/opt/homebrew/Cellar/go/1.27.1/libexec/src/testing/testing.go:2193 +0x168
created by testing.(*T).Run in goroutine 1
	/opt/homebrew/Cellar/go/1.27.1/libexec/src/testing/testing.go:2258 +0x7c0

goroutine 33252 [select]:
database/sql.(*DB).connectionOpener(0xc0003580d0, {0x101f86f20, 0xc000ab0000})
	/opt/homebrew/Cellar/go/1.27.1/libexec/src/database/sql/sql.go:1266 +0xbc
created by database/sql.OpenDB in goroutine 32055
	/opt/homebrew/Cellar/go/1.27.1/libexec/src/database/sql/sql.go:846 +0x250

goroutine 32976 [IO wait]:
internal/poll.runtime_pollWait(0x112580c00, 0x72)
	/opt/homebrew/Cellar/go/1.27.1/libexec/src/runtime/netpoll.go:351 +0xa0
internal/poll.(*pollDesc).wait(0xc0008ce620, 0x72, 0x1)
	/opt/homebrew/Cellar/go/1.27.1/libexec/src/internal/poll/fd_poll_runtime.go:84 +0xb8
internal/poll.(*pollDesc).waitRead(...)
	/opt/homebrew/Cellar/go/1.27.1/libexec/src/internal/poll/fd_poll_runtime.go:89
internal/poll.(*FD).Read(0xc0008ce600, {0xc000528200, 0x200, 0x200})
	/opt/homebrew/Cellar/go/1.27.1/libexec/src/internal/poll/fd_unix.go:170 +0x350
os.(*File).read(...)
	/opt/homebrew/Cellar/go/1.27.1/libexec/src/os/file_posix.go:30
os.(*File).Read(0xc000510950, {0xc000528200, 0x200, 0x200})
	/opt/homebrew/Cellar/go/1.27.1/libexec/src/os/file.go:144 +0xb0
bytes.(*Buffer).ReadFrom(0xc00075e270, {0x101f80790, 0xc000510950})
	/opt/homebrew/Cellar/go/1.27.1/libexec/src/bytes/buffer.go:229 +0xf0
io.copyBuffer({0x101f808d0, 0xc00075e270}, {0x101f80790, 0xc000510950}, {0x0, 0x0, 0x0})
	/opt/homebrew/Cellar/go/1.27.1/libexec/src/io/io.go:415 +0x1c0
io.Copy(...)
	/opt/homebrew/Cellar/go/1.27.1/libexec/src/io/io.go:388
os.genericWriteTo(0xc000510950, {0x101f808d0, 0xc00075e270})
	/opt/homebrew/Cellar/go/1.27.1/libexec/src/os/file.go:295 +0x50
os.(*File).WriteTo(0xc000510950, {0x101f808d0, 0xc00075e270})
	/opt/homebrew/Cellar/go/1.27.1/libexec/src/os/file.go:273 +0x90
io.copyBuffer({0x101f808d0, 0xc00075e270}, {0x101f80850, 0xc000510950}, {0x0, 0x0, 0x0})
	/opt/homebrew/Cellar/go/1.27.1/libexec/src/io/io.go:411 +0xac
io.Copy(...)
	/opt/homebrew/Cellar/go/1.27.1/libexec/src/io/io.go:388
github.com/convergent-systems-co/praxis/cmd/praxis.captureStdout.func1()
	/Users/polliard/workspace/convergent-systems-co/praxis/cmd/praxis/pending_authority_surface_test.go:269 +0xa4
created by github.com/convergent-systems-co/praxis/cmd/praxis.captureStdout in goroutine 32055
	/Users/polliard/workspace/convergent-systems-co/praxis/cmd/praxis/pending_authority_surface_test.go:267 +0x194

goroutine 7648 [select, 7 minutes]:
database/sql.(*DB).connectionOpener(0xc0001e2750, {0x101f86f20, 0xc000ab1770})
	/opt/homebrew/Cellar/go/1.27.1/libexec/src/database/sql/sql.go:1266 +0xbc
created by database/sql.OpenDB in goroutine 7676
	/opt/homebrew/Cellar/go/1.27.1/libexec/src/database/sql/sql.go:846 +0x250

goroutine 8025 [select, 7 minutes]:
database/sql.(*DB).connectionOpener(0xc0006de680, {0x101f86f20, 0xc0008ae140})
	/opt/homebrew/Cellar/go/1.27.1/libexec/src/database/sql/sql.go:1266 +0xbc
created by database/sql.OpenDB in goroutine 8138
	/opt/homebrew/Cellar/go/1.27.1/libexec/src/database/sql/sql.go:846 +0x250

goroutine 7879 [select, 7 minutes]:
database/sql.(*DB).connectionOpener(0xc0003585b0, {0x101f86f20, 0xc0004ad680})
	/opt/homebrew/Cellar/go/1.27.1/libexec/src/database/sql/sql.go:1266 +0xbc
created by database/sql.OpenDB in goroutine 7797
	/opt/homebrew/Cellar/go/1.27.1/libexec/src/database/sql/sql.go:846 +0x250
FAIL	github.com/convergent-systems-co/praxis/cmd/praxis	603.314s
FAIL
