$ go test -overlay=/var/folders/2x/bksy24jx7g70txrtq_636s100000gn/T/tmpcle1v1f8/overlay.json ./cmd/praxis -run TestReview5 -count=1 -v
=== RUN   TestReview5N14ReplayedLivenessCreatesNewGovernedCompletion
{
  "baseline_digest": "sha256:275194ef34be081150d3e0dbde71a415aac5939bebe6efb603541e24413a7b6b",
  "goal_id": "goal:pending-surface",
  "goal_version": "1",
  "operation": "import",
  "status": "authoritative"
}
    review5_n14_test.go:90: rollback did not restore the decision: authority decision has no live authorization record (revoked, or governing state was lost): authority decision is revoked: authority is retired by an anchored governance fact: authority decision is revoked: decision goal-gate:e6d964533899b0f526fcec37d30a2c464556a33fc0087e9be41727d18859f9b3/1
--- FAIL: TestReview5N14ReplayedLivenessCreatesNewGovernedCompletion (0.09s)
=== RUN   TestReview5N15ErasingClassificationSourcesPermitsDowngradedExecution
{
  "baseline_digest": "sha256:275194ef34be081150d3e0dbde71a415aac5939bebe6efb603541e24413a7b6b",
  "goal_id": "goal:pending-surface",
  "goal_version": "1",
  "operation": "import",
  "status": "authoritative"
}
    review5_n14_test.go:156: stripped import after safety-history erasure: import Goal Baseline: Goal is classified safety-bearing; a plan without the safety binding is a downgrade: Goal goal:pending-surface (kernel praxis-human-interface-bootstrap-v4/1); a plan enters only through the authenticated accepted-plan attachment transaction
--- FAIL: TestReview5N15ErasingClassificationSourcesPermitsDowngradedExecution (0.06s)
FAIL
FAIL	github.com/convergent-systems-co/praxis/cmd/praxis	0.566s
FAIL
