KILLED        R7.02    package.publish resolver requires a current lineage (root su  TestChildOfASupersededRootDoesNotResolvePackagePublishAuthority,TestResolverRejectsEveryCa
SURVIVED      R7.03    resolver: generation State is active  
KILLED        R7.01    package.publish resolver selects only CURRENT generations (N  TestEveryImmutableGenerationConsumerIsClassified
SURVIVED      R7.04    resolver: authority model version is the successor  
KILLED        R7.06    resolver: delegation profile is package.publish  TestResolverRejectsEveryCandidateThatViolatesOneSelectionTerm
SURVIVED      R7.05    resolver: authority model digest is the successor  
KILLED        R7.07    resolver: subject digest is the exact publisher generation  TestResolverDoesNotResolveForADifferentPublisherGeneration,TestResolverRejectsEveryCandida
KILLED        R7.08    resolver: generation carries governed package.publish  TestResolverRejectsEveryCandidateThatViolatesOneSelectionTerm
SURVIVED      R7.09    resolver: scope is a package-namespace scope  
SURVIVED      R7.10    resolver: the namespace scope is canonical  
SURVIVED      R7.11    resolver: scope equals the canonical namespace scope  
KILLED        R7.12    resolver: package identity is inside the namespace  TestResolverDoesNotResolveForADifferentPublisherGeneration,TestResolverRejectsEveryCandida
SURVIVED      R7.13    resolver: delegation reference is well formed  
SURVIVED      R7.14    resolver: the delegation request loads  
SURVIVED      R7.15    resolver: the parent decision loads and is current  
SURVIVED      R7.16    resolver: the request digest matches the decision  
SURVIVED      R7.17    resolver: the generation names its delegation digest  
SURVIVED      R7.18    resolver: publisher and package identities are required  
KILLED        R7.19    requireCurrentGeneration refuses an invalidated generation  TestChildOfASupersededRootDoesNotResolvePackagePublishAuthority,TestFAAMixedSnapshotAdvers
KILLED        R7.20    requireCurrentGeneration requires the authenticated liveness  TestFAAEveryConsumerHonoursFactsAndFreshness,TestFAAGovernedReanchorAfterRestoreDoesNotRes
SURVIVED      R7.21    requireCurrentLineage refuses a cycle  
KILLED        R7.22    requireCurrentLineage applies currentness to every generatio  TestChildOfASupersededRootDoesNotResolvePackagePublishAuthority,TestPackageManagerGenerati
KILLED        R7.23    requireCurrentLineage binds the parent digest  TestResolverRejectsEveryCandidateThatViolatesOneSelectionTerm
KILLED        R7.24    LoadCurrentAuthorityGeneration applies currentness  TestLoadCurrentAuthorityGenerationRefusesARetiredGeneration
SURVIVED      R7.25    current listing drops invalidated generations  
SURVIVED      R7.26    current listing requires the liveness record naming the dige  
KILLED        R7.29    ValidateAuthorityGeneration applies the shared currentness p  TestEveryImmutableGenerationConsumerIsClassified,TestFAAEveryConsumerHonoursFactsAndFreshn
SURVIVED      R7.27    current listing applies anchored retirement and re-anchor vo  
KILLED        R7.28    current listing refuses a store not current against the anch  TestCurrentGenerationListingRefusesAStoreBehindTheAnchor
KILLED        R7.30    package-manager resolver selects only CURRENT generations  TestEveryImmutableGenerationConsumerIsClassified
KILLED        R7.31    package-manager resolver requires a current lineage  TestPackageManagerGenerationOfARetiredRootDoesNotResolveDeploymentAuthority
KILLED        R7.32    delegation from a parent (decision+generation entry point) r  TestEveryImmutableGenerationConsumerIsClassified,TestRetiredRootCannotMintADelegatedPublis
KILLED        R7.33    delegation from a parent (generation entry point) requires a  TestEveryImmutableGenerationConsumerIsClassified
BUILD-FAILED  R7.36    installation owner check requires the CURRENT installation r  
SURVIVED      R7.35    package-deploy approval derivation requires a CURRENT operat  
KILLED        R7.34    package-deploy decision binds a CURRENT operational generati  TestEveryImmutableGenerationConsumerIsClassified,TestRetiredPackageManagerGenerationCannot
KILLED        R7.37    enrollment authenticates the enrolled OS user  TestCurrentInstallationOwnerCheckRequiresTheCurrentRootOwnerAndOSUser
KILLED        R7.39    owner OS-user authentication (both abandonment paths) uses o  TestOwnerOSUserAuthenticationUsesOnlyTheCurrentRoot,TestRetiredRootShapedGenerationCannotA
SURVIVED      R7.40    owner OS-user authentication requires a root-shaped generati  
KILLED        R7.38    installation owner check requires the owner principal  TestCurrentInstallationOwnerCheckRequiresTheCurrentRootOwnerAndOSUser
SURVIVED      R7.41    re-anchor readmission refuses a root carrying an invalidatio  
KILLED        R7.13j   joint: resolver refuses a candidate with no resolvable deleg  TestResolverRejectsEveryCandidateThatViolatesOneSelectionTerm
KILLED        R7.01j   joint (N17 core): the resolver neither filters to current ge  TestChildOfASupersededRootDoesNotResolvePackagePublishAuthority,TestDeletingTheInvalidatio
KILLED        R7.25j   joint: the current listing drops invalidated generations AND  TestChildOfASupersededRootDoesNotResolvePackagePublishAuthority,TestPackageManagerGenerati
KILLED        R7.42    the CLI delegation trusts only a CURRENT parent  TestEveryImmutableGenerationConsumerIsClassified
KILLED        R7.26j   joint: the current listing requires the liveness record AND   TestChildOfASupersededRootDoesNotResolvePackagePublishAuthority,TestDeletingTheInvalidatio
KILLED        R7.27j   joint: the current listing applies anchored retirement AND t  TestChildOfASupersededRootDoesNotResolvePackagePublishAuthority,TestPackageManagerGenerati
KILLED        R7.34j   joint: neither the deployment decision nor the approval deri  TestEveryImmutableGenerationConsumerIsClassified,TestRetiredPackageManagerGenerationCannot
SURVIVED      R7.50    BuildSigningPreview requires an active publisher generation   
KILLED        R7.51    BuildSigningPreview binds the authority key to the publisher  TestBuildSigningPreviewRefusesForeignNamespaceAndMismatchedAuthorityKey
SURVIVED      R7.52    SignWithPreview verifies the preview digest  
KILLED        R7.53    SignWithPreview refuses a preview stale for the package byte  TestSignWithPreviewRefusesEachStaleBindingBeforeTheProtectedSigner
KILLED        R7.54    SignWithPreview refuses a stale publisher generation  TestSignWithPreviewRefusesEachStaleBindingBeforeTheProtectedSigner
KILLED        R7.55    SignWithPreview refuses a stale package.publish authority  TestSignWithPreviewRefusesEachStaleBindingBeforeTheProtectedSigner
KILLED        R7.56    SignWithPreview refuses stale request/decision provenance  TestSignWithPreviewRefusesEachStaleBindingBeforeTheProtectedSigner
