--- FAIL: TestConcurrentInstallationFanoutAcrossProcesses (0.34s)
    concurrency_fanout_test.go:412: phase 1: 16 processes, busy errors=0, max single operation=56ms
    concurrency_fanout_test.go:452: lease contention: 25 exclusive holds across 4 processes, 75 deterministic denials, no overlap
    concurrency_fanout_test.go:496: succession contender failed: [root-authority succession predecessor is stale]
--- FAIL: TestConcurrentInstallationFanoutAcrossProcesses (1.57s)
    concurrency_fanout_test.go:412: phase 1: 16 processes, busy errors=0, max single operation=113ms
    concurrency_fanout_test.go:452: lease contention: 33 exclusive holds across 4 processes, 67 deterministic denials, no overlap
    concurrency_fanout_test.go:590: losing migrator must be refused by the maintenance lease or a fail-closed plan check, got: <nil>
--- FAIL: TestConcurrentInstallationFanoutAcrossProcesses (1.78s)
    concurrency_fanout_test.go:412: phase 1: 16 processes, busy errors=0, max single operation=68ms
    concurrency_fanout_test.go:452: lease contention: 33 exclusive holds across 4 processes, 67 deterministic denials, no overlap
    concurrency_fanout_test.go:590: losing migrator must be refused by the maintenance lease or a fail-closed plan check, got: <nil>
--- FAIL: TestConcurrentInstallationFanoutAcrossProcesses (1.29s)
    concurrency_fanout_test.go:412: phase 1: 16 processes, busy errors=0, max single operation=39ms
    concurrency_fanout_test.go:452: lease contention: 31 exclusive holds across 4 processes, 69 deterministic denials, no overlap
    concurrency_fanout_test.go:590: losing migrator must be refused by the maintenance lease or a fail-closed plan check, got: <nil>
--- FAIL: TestConcurrentInstallationFanoutAcrossProcesses (1.78s)
    concurrency_fanout_test.go:412: phase 1: 16 processes, busy errors=0, max single operation=109ms
    concurrency_fanout_test.go:452: lease contention: 25 exclusive holds across 4 processes, 75 deterministic denials, no overlap
    concurrency_fanout_test.go:590: losing migrator must be refused by the maintenance lease or a fail-closed plan check, got: <nil>
--- FAIL: TestConcurrentInstallationFanoutAcrossProcesses (0.89s)
    concurrency_fanout_test.go:412: phase 1: 16 processes, busy errors=0, max single operation=84ms
    concurrency_fanout_test.go:452: lease contention: 22 exclusive holds across 4 processes, 78 deterministic denials, no overlap
    concurrency_fanout_test.go:590: losing migrator must be refused by the maintenance lease or a fail-closed plan check, got: <nil>
--- FAIL: TestConcurrentInstallationFanoutAcrossProcesses (1.61s)
    concurrency_fanout_test.go:412: phase 1: 16 processes, busy errors=0, max single operation=20ms
    concurrency_fanout_test.go:452: lease contention: 32 exclusive holds across 4 processes, 68 deterministic denials, no overlap
    concurrency_fanout_test.go:590: losing migrator must be refused by the maintenance lease or a fail-closed plan check, got: <nil>
FAIL
FAIL	github.com/convergent-systems-co/praxis/cmd/praxis	84.334s
FAIL
