### control: no mutation, manifest for A [mutation ok]
VERIFY running=A result=<nil>

### atomic rename B over path, manifest binds B [mutation ok]
VERIFY running=A result=running executable image digest mismatch: got sha256:48c4958fb754251d9f834b947f0320f60d09e68bfea28ea9b5b0ab4f50c21e5a want sha256:503e6c12963c027e08b2363162f6b71eea213afb400912861d167b2f7f415e05

### atomic rename B over path, manifest binds A [mutation ok]
VERIFY running=A result=running executable image is no longer the file at /private/var/folders/2x/bksy24jx7g70txrtq_636s100000gn/T/scn-bfm_hdmt/active; it was replaced while this process was running and must be restarted

### unlink+recreate B, manifest binds B [mutation ok]
VERIFY running=A result=running executable image digest mismatch: got sha256:48c4958fb754251d9f834b947f0320f60d09e68bfea28ea9b5b0ab4f50c21e5a want sha256:503e6c12963c027e08b2363162f6b71eea213afb400912861d167b2f7f415e05

### unlink+recreate B, manifest binds A [mutation ok]
VERIFY running=A result=running executable image is no longer the file at /private/var/folders/2x/bksy24jx7g70txrtq_636s100000gn/T/scn-ahjdjs7y/active; it was replaced while this process was running and must be restarted

### in-place truncate+write B (running exe), manifest binds B [mutation ok]
VERIFY running=A result=the executable file does not carry the code identity this process was started with (kernel code-directory hash 763068e925f0f2d09ee2078d12c3fb18009e6bc7): the file was replaced or rewritten after this process started and must be restarted

### in-place same-size overwrite B, manifest binds B [mutation ok]
VERIFY running=A result=the executable file does not carry the code identity this process was started with (kernel code-directory hash 763068e925f0f2d09ee2078d12c3fb18009e6bc7): the file was replaced or rewritten after this process started and must be restarted

### in-place same-size overwrite B, manifest binds A [mutation ok]
VERIFY running=A result=running executable image digest mismatch: got sha256:503e6c12963c027e08b2363162f6b71eea213afb400912861d167b2f7f415e05 want sha256:48c4958fb754251d9f834b947f0320f60d09e68bfea28ea9b5b0ab4f50c21e5a

### identical bytes, new inode (cp+rename), manifest binds A [mutation ok]
VERIFY running=A result=running executable image is no longer the file at /private/var/folders/2x/bksy24jx7g70txrtq_636s100000gn/T/scn-n8g9nt6i/active; it was replaced while this process was running and must be restarted

### launched via hardlink, manifest path=active (same inode) [mutation ok]
VERIFY running=A result=<nil>

### launched via symlink, manifest path=symlink [mutation ok]
VERIFY running=A result=<nil>

### launched via symlink, manifest path=real [mutation ok]
VERIFY running=A result=<nil>

### launched via symlink, symlink retargeted to B, manifest path=sym binds B [mutation ok]
VERIFY running=A result=running executable image digest mismatch: got sha256:48c4958fb754251d9f834b947f0320f60d09e68bfea28ea9b5b0ab4f50c21e5a want sha256:503e6c12963c027e08b2363162f6b71eea213afb400912861d167b2f7f415e05

### EXEC-TO-INIT WINDOW: A execs, path replaced by B before bootstrapv4 init, manifest binds B [mutation ok]
RUNNING A
VERIFY running=A result=the executable file does not carry the code identity this process was started with (kernel code-directory hash 763068e925f0f2d09ee2078d12c3fb18009e6bc7): the file was replaced or rewritten after this process started and must be restarted

