### control: no mutation, manifest for A [mutation ok]
VERIFY running=A result=<nil>

### atomic rename B over path, manifest binds B [mutation ok]
VERIFY running=A result=running executable image digest mismatch: got sha256:4fee180db5baafd64a252bdb85eadc24192562de329906e3e98bedf5a8cf8982 want sha256:3c977c08f5a9f354e3d4b9575bb2cd61581240b8631902f05a7e3bc3fcb00f19

### atomic rename B over path, manifest binds A [mutation ok]
VERIFY running=A result=running executable image is no longer the file at /private/var/folders/2x/bksy24jx7g70txrtq_636s100000gn/T/scn-3veoxd1z/active; it was replaced while this process was running and must be restarted

### unlink+recreate B, manifest binds B [mutation ok]
VERIFY running=A result=running executable image digest mismatch: got sha256:4fee180db5baafd64a252bdb85eadc24192562de329906e3e98bedf5a8cf8982 want sha256:3c977c08f5a9f354e3d4b9575bb2cd61581240b8631902f05a7e3bc3fcb00f19

### unlink+recreate B, manifest binds A [mutation ok]
VERIFY running=A result=running executable image is no longer the file at /private/var/folders/2x/bksy24jx7g70txrtq_636s100000gn/T/scn-pr67t113/active; it was replaced while this process was running and must be restarted

### in-place truncate+write B (running exe), manifest binds B [mutation ok]
VERIFY running=A result=<nil>

### in-place same-size overwrite B, manifest binds B [mutation ok]
VERIFY running=A result=<nil>

### in-place same-size overwrite B, manifest binds A [mutation ok]
VERIFY running=A result=running executable image digest mismatch: got sha256:3c977c08f5a9f354e3d4b9575bb2cd61581240b8631902f05a7e3bc3fcb00f19 want sha256:4fee180db5baafd64a252bdb85eadc24192562de329906e3e98bedf5a8cf8982

### identical bytes, new inode (cp+rename), manifest binds A [mutation ok]
VERIFY running=A result=running executable image is no longer the file at /private/var/folders/2x/bksy24jx7g70txrtq_636s100000gn/T/scn-g_kf0e4o/active; it was replaced while this process was running and must be restarted

### launched via hardlink, manifest path=active (same inode) [mutation ok]
VERIFY running=A result=<nil>

### launched via symlink, manifest path=symlink [mutation ok]
VERIFY running=A result=<nil>

### launched via symlink, manifest path=real [mutation ok]
VERIFY running=A result=<nil>

### launched via symlink, symlink retargeted to B, manifest path=sym binds B [mutation ok]
VERIFY running=A result=running executable image digest mismatch: got sha256:4fee180db5baafd64a252bdb85eadc24192562de329906e3e98bedf5a8cf8982 want sha256:3c977c08f5a9f354e3d4b9575bb2cd61581240b8631902f05a7e3bc3fcb00f19

### EXEC-TO-INIT WINDOW: A execs, path replaced by B before bootstrapv4 init, manifest binds B [mutation ok]
RUNNING A
VERIFY running=A result=<nil>

