=== RUN   TestReview4N8RevocationDeletionCreatesNewGovernedGateCompletion
{
  "baseline_digest": "sha256:275194ef34be081150d3e0dbde71a415aac5939bebe6efb603541e24413a7b6b",
  "goal_id": "goal:pending-surface",
  "goal_version": "1",
  "operation": "import",
  "status": "authoritative"
}
    review4_row_deletion_test.go:39: CONTROL: durable revocation refuses fresh-controller drive; only producer completion exists
    review4_row_deletion_test.go:51: resurrected decision: authority decision has no live authorization record (revoked, or governing state was lost): authority decision is revoked: governance liveness record is missing or does not match: authority_decision_live goal-gate:e72db47bfe357dac24251894e980bbd32e93851c613b8425f2b3a0c490617ac3/1
--- FAIL: TestReview4N8RevocationDeletionCreatesNewGovernedGateCompletion (0.15s)
=== RUN   TestReview4N9ClassificationDeletionAllowsCLIImportAndWorker
{
  "baseline_digest": "sha256:275194ef34be081150d3e0dbde71a415aac5939bebe6efb603541e24413a7b6b",
  "goal_id": "goal:pending-surface",
  "goal_version": "1",
  "operation": "import",
  "status": "authoritative"
}
    review4_row_deletion_test.go:68: CONTROL: classified Goal refuses stripped CLI import with activation absent
    review4_row_deletion_test.go:73: stripped import after delete: import Goal Baseline: Goal is classified safety-bearing; a plan without the safety binding is a downgrade: Goal goal:pending-surface (kernel praxis-human-interface-bootstrap-v4/1); a plan enters only through the authenticated accepted-plan attachment transaction
--- FAIL: TestReview4N9ClassificationDeletionAllowsCLIImportAndWorker (0.25s)
FAIL
FAIL	github.com/convergent-systems-co/praxis/cmd/praxis	0.976s
FAIL
