KILLED        R4.03    in-tx liveness exemption only for facts created by this tran  TestDecisionLivenessRowDeletionFailsClosed,TestDeleteLivenessRecordRefusesEveryOtherNamesp
KILLED        R4.01    in-tx revoked-or-not-live: negative record refuses  TestIsSecureBlobRevokedInTx
SURVIVED      R4.02    in-tx revoked-or-not-live: absent liveness refuses  
KILLED        R4.04    retire API refuses every non-liveness namespace  TestDeleteLivenessRecordRefusesEveryOtherNamespace
SURVIVED      R4.05    liveness sealing refuses every non-liveness namespace  
SURVIVED      R4.05b   in-tx liveness probe refuses non-liveness namespaces  
KILLED        R4.06    atomic multi-write accepts liveness records only  TestPutSecureBlobsAtomicallyAcceptsOnlyLivenessCompanions
KILLED        R4.07    succession retires the predecessor liveness in its own trans  TestRootSuccessionRollbackByRowDeletionDoesNotReviveThePredecessor
KILLED        R4.09    generation liveness commits with the generation  TestAbandonmentConfirmationAppendsExactFrozenPayload,TestAbandonmentConfirmationRejectsCha
KILLED        R4.08    succession makes the successor live in its own transaction  TestHistoricalRootModernizationEstablishesSingleCurrentRoot,TestInstallationRepairRequests
KILLED        R4.10    decision liveness commits with the decision  TestDecisionLivenessRowDeletionFailsClosed,TestDerivedPackageApprovalIsConsumableByDeploym
KILLED        R4.11    LoadAuthorityDecision requires decision liveness  TestDecisionLivenessRowDeletionFailsClosed,TestRevocationRowDeletionDoesNotRestoreAUnprote
KILLED        R4.12    identical decision replay cannot resurrect a retired decisio  TestRevocationRowDeletionDoesNotRestoreAUnprotectedDecision
KILLED        R4.13    revocation retires the decision liveness record  TestRevocationRowDeletionDoesNotRestoreAUnprotectedDecision
KILLED        R4.14    generation invalidation retires the generation liveness reco  TestGenerationInvalidationRowDeletionDoesNotRestoreTheGeneration
KILLED        R4.15    ValidateAuthorityGeneration requires generation liveness  TestGenerationInvalidationRowDeletionDoesNotRestoreTheGeneration,TestGenerationLivenessRow
KILLED        R4.16    lineage walk requires liveness of every generation  TestLineageWalkRefusesAChildWithoutItsLivenessRecord
KILLED        R4.17    current installation root must be positively live  TestRootLivenessRowDeletionLeavesNoCurrentRoot,TestRootSuccessionRollbackByRowDeletionDoes
KILLED        R4.18    publication consumer: generation liveness  TestPublicationFencesRequireLivenessRecords
KILLED        R4.19    publication consumer: decision liveness  TestPublicationFencesRequireLivenessRecords
BUILD-FAILED  R4.23    owner-decision authority requires issuing generation livenes  
KILLED        R4.20    recovery admission: decision liveness  TestRecoveryAdmissionRecheckRequiresLivenessRecords
KILLED        R4.21    recovery admission: generation liveness  TestRecoveryAdmissionRecheckRequiresLivenessRecords
KILLED        R4.22    ordinary re-request requires the predecessor decision livene  TestSaveAuthorityReRequestUsesImmutableHistoricalEvidenceAndConverges
KILLED        R4.24    classification is derived when the classification row is mis  TestClassificationIsDerivedFromSurvivingSafetyBearingProposals
KILLED        R4.24e   classification derivation end-to-end (N9 counterexample)  TestRepair4ClassificationDerivationFromGenerationsIsAttributedAndFailsClosed,TestRepair4N9
KILLED        R4.25    derivation reads surviving generations of the Goal  TestRepair4ClassificationDerivationFromGenerationsIsAttributedAndFailsClosed,TestRepair4Sw
KILLED        R4.26    derivation reads surviving proposals of the Goal  TestClassificationIsDerivedFromSurvivingSafetyBearingProposals,TestRepair4SweepClassificat
KILLED        R4.27    derivation refuses conflicting kernel evidence  TestClassificationIsDerivedFromSurvivingSafetyBearingProposals
SURVIVED      R4.28    derivation fails closed on an unreadable proposal  
SURVIVED      R4.28j   joint: proposal decrypt failure + decode failure both swallo  
KILLED        R4.31    derivation attributes generations by Goal identity  TestRepair4ClassificationDerivationFromGenerationsIsAttributedAndFailsClosed
SURVIVED      R4.29    derivation fails closed on an unreadable generation  
KILLED        R4.30    derivation attributes proposals by Goal identity  TestClassificationIsDerivedFromSurvivingSafetyBearingProposals
KILLED        R4.32    decision liveness written atomically for delegated decision+  TestAbandonmentConfirmationAppendsExactFrozenPayload,TestAbandonmentConfirmationRejectsCha
KILLED        R4.33    protected decision written with its liveness in one transact  TestActivationRefusalSurvivesRestartAndRecoversOnlyWithRestoredActivation,TestContinuation
RESTORE-CHECK OK
